
> solosuccess-ai@0.0.0 type-check
> tsc --noEmit

app/api/brand/save/route.ts(1,10): error TS6133: 'logger' is declared but its value is never read.
app/api/brand/save/route.ts(1,28): error TS6133: 'logWarn' is declared but its value is never read.
app/api/brand/save/route.ts(1,37): error TS6133: 'logInfo' is declared but its value is never read.
app/api/brand/save/route.ts(1,46): error TS6133: 'logDebug' is declared but its value is never read.
app/api/brand/save/route.ts(1,56): error TS6133: 'logApi' is declared but its value is never read.
app/api/brand/save/route.ts(1,64): error TS6133: 'logDb' is declared but its value is never read.
app/api/brand/save/route.ts(1,71): error TS6133: 'logAuth' is declared but its value is never read.
app/api/brand/settings/route.ts(1,10): error TS6133: 'logger' is declared but its value is never read.
app/api/brand/settings/route.ts(1,28): error TS6133: 'logWarn' is declared but its value is never read.
app/api/brand/settings/route.ts(1,37): error TS6133: 'logInfo' is declared but its value is never read.
app/api/brand/settings/route.ts(1,46): error TS6133: 'logDebug' is declared but its value is never read.
app/api/brand/settings/route.ts(1,56): error TS6133: 'logApi' is declared but its value is never read.
app/api/brand/settings/route.ts(1,64): error TS6133: 'logDb' is declared but its value is never read.
app/api/brand/settings/route.ts(1,71): error TS6133: 'logAuth' is declared but its value is never read.
app/api/brand/settings/route.ts(21,27): error TS6133: 'request' is declared but its value is never read.
app/api/briefcase/bulk/route.ts(1,10): error TS6133: 'logger' is declared but its value is never read.
app/api/briefcase/bulk/route.ts(1,28): error TS6133: 'logWarn' is declared but its value is never read.
app/api/briefcase/bulk/route.ts(1,37): error TS6133: 'logInfo' is declared but its value is never read.
app/api/briefcase/bulk/route.ts(1,46): error TS6133: 'logDebug' is declared but its value is never read.
app/api/briefcase/bulk/route.ts(1,56): error TS6133: 'logApi' is declared but its value is never read.
app/api/briefcase/bulk/route.ts(1,64): error TS6133: 'logDb' is declared but its value is never read.
app/api/briefcase/bulk/route.ts(1,71): error TS6133: 'logAuth' is declared but its value is never read.
app/api/briefcase/files/[id]/activity/route.ts(1,10): error TS6133: 'logger' is declared but its value is never read.
app/api/briefcase/files/[id]/activity/route.ts(1,28): error TS6133: 'logWarn' is declared but its value is never read.
app/api/briefcase/files/[id]/activity/route.ts(1,37): error TS6133: 'logInfo' is declared but its value is never read.
app/api/briefcase/files/[id]/activity/route.ts(1,46): error TS6133: 'logDebug' is declared but its value is never read.
app/api/briefcase/files/[id]/activity/route.ts(1,56): error TS6133: 'logApi' is declared but its value is never read.
app/api/briefcase/files/[id]/activity/route.ts(1,64): error TS6133: 'logDb' is declared but its value is never read.
app/api/briefcase/files/[id]/activity/route.ts(1,71): error TS6133: 'logAuth' is declared but its value is never read.
app/api/briefcase/files/[id]/activity/route.ts(11,3): error TS6133: 'request' is declared but its value is never read.
app/api/briefcase/files/[id]/ai-insights/route.ts(1,10): error TS6133: 'logger' is declared but its value is never read.
app/api/briefcase/files/[id]/ai-insights/route.ts(1,28): error TS6133: 'logWarn' is declared but its value is never read.
app/api/briefcase/files/[id]/ai-insights/route.ts(1,37): error TS6133: 'logInfo' is declared but its value is never read.
app/api/briefcase/files/[id]/ai-insights/route.ts(1,46): error TS6133: 'logDebug' is declared but its value is never read.
app/api/briefcase/files/[id]/ai-insights/route.ts(1,56): error TS6133: 'logApi' is declared but its value is never read.
app/api/briefcase/files/[id]/ai-insights/route.ts(1,64): error TS6133: 'logDb' is declared but its value is never read.
app/api/briefcase/files/[id]/ai-insights/route.ts(1,71): error TS6133: 'logAuth' is declared but its value is never read.
app/api/briefcase/files/[id]/ai-insights/route.ts(10,3): error TS6133: 'request' is declared but its value is never read.
app/api/briefcase/files/[id]/ai-insights/route.ts(77,43): error TS2304: Cannot find name 'Env'.
app/api/briefcase/files/[id]/category/route.ts(65,10): error TS6133: 'request' is declared but its value is never read.
app/api/briefcase/files/[id]/download/route.ts(1,10): error TS6133: 'logger' is declared but its value is never read.
app/api/briefcase/files/[id]/download/route.ts(1,28): error TS6133: 'logWarn' is declared but its value is never read.
app/api/briefcase/files/[id]/download/route.ts(1,37): error TS6133: 'logInfo' is declared but its value is never read.
app/api/briefcase/files/[id]/download/route.ts(1,46): error TS6133: 'logDebug' is declared but its value is never read.
app/api/briefcase/files/[id]/download/route.ts(1,56): error TS6133: 'logApi' is declared but its value is never read.
app/api/briefcase/files/[id]/download/route.ts(1,64): error TS6133: 'logDb' is declared but its value is never read.
app/api/briefcase/files/[id]/download/route.ts(1,71): error TS6133: 'logAuth' is declared but its value is never read.
app/api/briefcase/files/[id]/download/route.ts(22,3): error TS6133: 'request' is declared but its value is never read.
app/api/briefcase/files/[id]/favorite/route.ts(13,10): error TS6133: 'request' is declared but its value is never read.
app/api/briefcase/files/[id]/metadata/route.ts(1,10): error TS6133: 'logger' is declared but its value is never read.
app/api/briefcase/files/[id]/metadata/route.ts(1,28): error TS6133: 'logWarn' is declared but its value is never read.
app/api/briefcase/files/[id]/metadata/route.ts(1,37): error TS6133: 'logInfo' is declared but its value is never read.
app/api/briefcase/files/[id]/metadata/route.ts(1,46): error TS6133: 'logDebug' is declared but its value is never read.
app/api/briefcase/files/[id]/metadata/route.ts(1,56): error TS6133: 'logApi' is declared but its value is never read.
app/api/briefcase/files/[id]/metadata/route.ts(1,64): error TS6133: 'logDb' is declared but its value is never read.
app/api/briefcase/files/[id]/metadata/route.ts(1,71): error TS6133: 'logAuth' is declared but its value is never read.
app/api/briefcase/files/[id]/permissions/[permissionId]/route.ts(1,10): error TS6133: 'logger' is declared but its value is never read.
app/api/briefcase/files/[id]/permissions/[permissionId]/route.ts(1,28): error TS6133: 'logWarn' is declared but its value is never read.
app/api/briefcase/files/[id]/permissions/[permissionId]/route.ts(1,37): error TS6133: 'logInfo' is declared but its value is never read.
app/api/briefcase/files/[id]/permissions/[permissionId]/route.ts(1,46): error TS6133: 'logDebug' is declared but its value is never read.
app/api/briefcase/files/[id]/permissions/[permissionId]/route.ts(1,56): error TS6133: 'logApi' is declared but its value is never read.
app/api/briefcase/files/[id]/permissions/[permissionId]/route.ts(1,64): error TS6133: 'logDb' is declared but its value is never read.
app/api/briefcase/files/[id]/permissions/[permissionId]/route.ts(1,71): error TS6133: 'logAuth' is declared but its value is never read.
app/api/briefcase/files/[id]/permissions/[permissionId]/route.ts(80,3): error TS6133: 'request' is declared but its value is never read.
app/api/briefcase/files/[id]/permissions/route.ts(12,10): error TS6133: 'request' is declared but its value is never read.
app/api/briefcase/files/[id]/permissions/route.ts(12,32): error TS6133: 'user' is declared but its value is never read.
app/api/briefcase/files/[id]/preview/route.ts(1,10): error TS6133: 'logger' is declared but its value is never read.
app/api/briefcase/files/[id]/preview/route.ts(1,28): error TS6133: 'logWarn' is declared but its value is never read.
app/api/briefcase/files/[id]/preview/route.ts(1,37): error TS6133: 'logInfo' is declared but its value is never read.
app/api/briefcase/files/[id]/preview/route.ts(1,46): error TS6133: 'logDebug' is declared but its value is never read.
app/api/briefcase/files/[id]/preview/route.ts(1,56): error TS6133: 'logApi' is declared but its value is never read.
app/api/briefcase/files/[id]/preview/route.ts(1,64): error TS6133: 'logDb' is declared but its value is never read.
app/api/briefcase/files/[id]/preview/route.ts(1,71): error TS6133: 'logAuth' is declared but its value is never read.
app/api/briefcase/files/[id]/preview/route.ts(22,3): error TS6133: 'request' is declared but its value is never read.
app/api/briefcase/files/[id]/route.ts(1,10): error TS6133: 'logger' is declared but its value is never read.
app/api/briefcase/files/[id]/route.ts(1,28): error TS6133: 'logWarn' is declared but its value is never read.
app/api/briefcase/files/[id]/route.ts(1,37): error TS6133: 'logInfo' is declared but its value is never read.
app/api/briefcase/files/[id]/route.ts(1,46): error TS6133: 'logDebug' is declared but its value is never read.
app/api/briefcase/files/[id]/route.ts(1,56): error TS6133: 'logApi' is declared but its value is never read.
app/api/briefcase/files/[id]/route.ts(1,64): error TS6133: 'logDb' is declared but its value is never read.
app/api/briefcase/files/[id]/route.ts(1,71): error TS6133: 'logAuth' is declared but its value is never read.
app/api/briefcase/files/[id]/share-links/route.ts(15,10): error TS6133: 'request' is declared but its value is never read.
app/api/briefcase/files/[id]/share-links/route.ts(15,32): error TS6133: 'user' is declared but its value is never read.
app/api/briefcase/files/[id]/versions/[versionId]/route.ts(1,10): error TS6133: 'logger' is declared but its value is never read.
app/api/briefcase/files/[id]/versions/[versionId]/route.ts(1,28): error TS6133: 'logWarn' is declared but its value is never read.
app/api/briefcase/files/[id]/versions/[versionId]/route.ts(1,37): error TS6133: 'logInfo' is declared but its value is never read.
app/api/briefcase/files/[id]/versions/[versionId]/route.ts(1,46): error TS6133: 'logDebug' is declared but its value is never read.
app/api/briefcase/files/[id]/versions/[versionId]/route.ts(1,56): error TS6133: 'logApi' is declared but its value is never read.
app/api/briefcase/files/[id]/versions/[versionId]/route.ts(1,64): error TS6133: 'logDb' is declared but its value is never read.
app/api/briefcase/files/[id]/versions/[versionId]/route.ts(1,71): error TS6133: 'logAuth' is declared but its value is never read.
app/api/briefcase/files/[id]/versions/[versionId]/route.ts(11,3): error TS6133: 'request' is declared but its value is never read.
app/api/briefcase/files/[id]/versions/[versionId]/route.ts(175,3): error TS6133: 'request' is declared but its value is never read.
app/api/briefcase/files/[id]/versions/route.ts(12,10): error TS6133: 'request' is declared but its value is never read.
app/api/briefcase/files/[id]/versions/route.ts(12,32): error TS6133: 'user' is declared but its value is never read.
app/api/briefcase/files/route.ts(1,10): error TS6133: 'logger' is declared but its value is never read.
app/api/briefcase/files/route.ts(1,28): error TS6133: 'logWarn' is declared but its value is never read.
app/api/briefcase/files/route.ts(1,37): error TS6133: 'logInfo' is declared but its value is never read.
app/api/briefcase/files/route.ts(1,46): error TS6133: 'logDebug' is declared but its value is never read.
app/api/briefcase/files/route.ts(1,56): error TS6133: 'logApi' is declared but its value is never read.
app/api/briefcase/files/route.ts(1,64): error TS6133: 'logDb' is declared but its value is never read.
app/api/briefcase/files/route.ts(1,71): error TS6133: 'logAuth' is declared but its value is never read.
app/api/briefcase/folders/route.ts(1,10): error TS6133: 'logger' is declared but its value is never read.
app/api/briefcase/folders/route.ts(1,28): error TS6133: 'logWarn' is declared but its value is never read.
app/api/briefcase/folders/route.ts(1,37): error TS6133: 'logInfo' is declared but its value is never read.
app/api/briefcase/folders/route.ts(1,46): error TS6133: 'logDebug' is declared but its value is never read.
app/api/briefcase/folders/route.ts(1,56): error TS6133: 'logApi' is declared but its value is never read.
app/api/briefcase/folders/route.ts(1,64): error TS6133: 'logDb' is declared but its value is never read.
app/api/briefcase/folders/route.ts(1,71): error TS6133: 'logAuth' is declared but its value is never read.
app/api/briefcase/folders/route.ts(21,27): error TS6133: 'request' is declared but its value is never read.
app/api/briefcase/parse-content/route.ts(1,10): error TS6133: 'logger' is declared but its value is never read.
app/api/briefcase/parse-content/route.ts(1,28): error TS6133: 'logWarn' is declared but its value is never read.
app/api/briefcase/parse-content/route.ts(1,37): error TS6133: 'logInfo' is declared but its value is never read.
app/api/briefcase/parse-content/route.ts(1,46): error TS6133: 'logDebug' is declared but its value is never read.
app/api/briefcase/parse-content/route.ts(1,56): error TS6133: 'logApi' is declared but its value is never read.
app/api/briefcase/parse-content/route.ts(1,64): error TS6133: 'logDb' is declared but its value is never read.
app/api/briefcase/parse-content/route.ts(1,71): error TS6133: 'logAuth' is declared but its value is never read.
app/api/briefcase/route.ts(1,10): error TS6133: 'logger' is declared but its value is never read.
app/api/briefcase/route.ts(1,28): error TS6133: 'logWarn' is declared but its value is never read.
app/api/briefcase/route.ts(1,37): error TS6133: 'logInfo' is declared but its value is never read.
app/api/briefcase/route.ts(1,46): error TS6133: 'logDebug' is declared but its value is never read.
app/api/briefcase/route.ts(1,56): error TS6133: 'logApi' is declared but its value is never read.
app/api/briefcase/route.ts(1,64): error TS6133: 'logDb' is declared but its value is never read.
app/api/briefcase/route.ts(1,71): error TS6133: 'logAuth' is declared but its value is never read.
app/api/briefcase/search/route.ts(1,10): error TS6133: 'logger' is declared but its value is never read.
app/api/briefcase/search/route.ts(1,37): error TS6133: 'logInfo' is declared but its value is never read.
app/api/briefcase/search/route.ts(1,46): error TS6133: 'logDebug' is declared but its value is never read.
app/api/briefcase/search/route.ts(1,56): error TS6133: 'logApi' is declared but its value is never read.
app/api/briefcase/search/route.ts(1,64): error TS6133: 'logDb' is declared but its value is never read.
app/api/briefcase/search/route.ts(1,71): error TS6133: 'logAuth' is declared but its value is never read.
app/api/briefcase/search/route.ts(37,7): error TS6133: '_authors' is declared but its value is never read.
app/api/briefcase/search/route.ts(43,7): error TS6133: '_includeComments' is declared but its value is never read.
app/api/briefcase/search/route.ts(316,41): error TS6133: 'userId' is declared but its value is never read.
app/api/briefcase/search/suggestions/route.ts(1,10): error TS6133: 'logger' is declared but its value is never read.
app/api/briefcase/search/suggestions/route.ts(1,37): error TS6133: 'logInfo' is declared but its value is never read.
app/api/briefcase/search/suggestions/route.ts(1,46): error TS6133: 'logDebug' is declared but its value is never read.
app/api/briefcase/search/suggestions/route.ts(1,56): error TS6133: 'logApi' is declared but its value is never read.
app/api/briefcase/search/suggestions/route.ts(1,64): error TS6133: 'logDb' is declared but its value is never read.
app/api/briefcase/search/suggestions/route.ts(1,71): error TS6133: 'logAuth' is declared but its value is never read.
app/api/briefcase/upload/route.ts(1,10): error TS6133: 'logger' is declared but its value is never read.
app/api/briefcase/upload/route.ts(1,28): error TS6133: 'logWarn' is declared but its value is never read.
app/api/briefcase/upload/route.ts(1,37): error TS6133: 'logInfo' is declared but its value is never read.
app/api/briefcase/upload/route.ts(1,46): error TS6133: 'logDebug' is declared but its value is never read.
app/api/briefcase/upload/route.ts(1,56): error TS6133: 'logApi' is declared but its value is never read.
app/api/briefcase/upload/route.ts(1,64): error TS6133: 'logDb' is declared but its value is never read.
app/api/briefcase/upload/route.ts(1,71): error TS6133: 'logAuth' is declared but its value is never read.
app/api/chat/conversations/route.ts(1,10): error TS6133: 'logger' is declared but its value is never read.
app/api/chat/conversations/route.ts(1,28): error TS6133: 'logWarn' is declared but its value is never read.
app/api/chat/conversations/route.ts(1,37): error TS6133: 'logInfo' is declared but its value is never read.
app/api/chat/conversations/route.ts(1,46): error TS6133: 'logDebug' is declared but its value is never read.
app/api/chat/conversations/route.ts(1,56): error TS6133: 'logApi' is declared but its value is never read.
app/api/chat/conversations/route.ts(1,64): error TS6133: 'logDb' is declared but its value is never read.
app/api/chat/conversations/route.ts(1,71): error TS6133: 'logAuth' is declared but its value is never read.
app/api/chat/route-refactored.ts(1,10): error TS6133: 'logger' is declared but its value is never read.
app/api/chat/route-refactored.ts(1,28): error TS6133: 'logWarn' is declared but its value is never read.
app/api/chat/route-refactored.ts(1,37): error TS6133: 'logInfo' is declared but its value is never read.
app/api/chat/route-refactored.ts(1,46): error TS6133: 'logDebug' is declared but its value is never read.
app/api/chat/route-refactored.ts(1,56): error TS6133: 'logApi' is declared but its value is never read.
app/api/chat/route-refactored.ts(1,64): error TS6133: 'logDb' is declared but its value is never read.
app/api/chat/route-refactored.ts(1,71): error TS6133: 'logAuth' is declared but its value is never read.
app/api/chat/route-refactored.ts(4,1): error TS6133: 'getDb' is declared but its value is never read.
app/api/chat/route-refactored.ts(45,11): error TS6133: '_agentId_typed' is declared but its value is never read.
app/api/chat/route-refactored.ts(73,30): error TS2769: No overload matches this call.
  Overload 1 of 2, '(value: { email: string | SQL<unknown> | Placeholder<string, any>; id?: string | SQL<unknown> | Placeholder<string, any> | undefined; name?: string | SQL<unknown> | Placeholder<...> | null | undefined; ... 24 more ...; updated_at?: SQL<...> | ... 3 more ... | undefined; }): PgInsertBase<...>', gave the following error.
    Type 'string | null | undefined' is not assignable to type 'string | SQL<unknown> | Placeholder<string, any>'.
      Type 'undefined' is not assignable to type 'string | SQL<unknown> | Placeholder<string, any>'.
  Overload 2 of 2, '(values: { email: string | SQL<unknown> | Placeholder<string, any>; id?: string | SQL<unknown> | Placeholder<string, any> | undefined; name?: string | SQL<unknown> | Placeholder<...> | null | undefined; ... 24 more ...; updated_at?: SQL<...> | ... 3 more ... | undefined; }[]): PgInsertBase<...>', gave the following error.
    Object literal may only specify known properties, and 'id' does not exist in type '{ email: string | SQL<unknown> | Placeholder<string, any>; id?: string | SQL<unknown> | Placeholder<string, any> | undefined; name?: string | SQL<unknown> | Placeholder<...> | null | undefined; ... 24 more ...; updated_at?: SQL<...> | ... 3 more ... | undefined; }[]'.
app/api/chat/route-refactored.ts(77,25): error TS2339: Property 'full_name' does not exist on type '{ id: string; role: string; address?: string | undefined; } & User'.
app/api/chat/route-refactored.ts(78,21): error TS2339: Property 'avatar_url' does not exist on type '{ id: string; role: string; address?: string | undefined; } & User'.
app/api/chat/route-refactored.ts(115,43): error TS2304: Cannot find name 'Env'.
app/api/chat/route.ts(1,10): error TS6133: 'logger' is declared but its value is never read.
app/api/chat/route.ts(1,46): error TS6133: 'logDebug' is declared but its value is never read.
app/api/chat/route.ts(1,56): error TS6133: 'logApi' is declared but its value is never read.
app/api/chat/route.ts(1,64): error TS6133: 'logDb' is declared but its value is never read.
app/api/chat/route.ts(1,71): error TS6133: 'logAuth' is declared but its value is never read.
app/api/chat/route.ts(4,1): error TS6133: 'getDb' is declared but its value is never read.
app/api/chat/route.ts(87,11): error TS6133: '_agentId_typed' is declared but its value is never read.
app/api/chat/route.ts(115,30): error TS2769: No overload matches this call.
  Overload 1 of 2, '(value: { email: string | SQL<unknown> | Placeholder<string, any>; id?: string | SQL<unknown> | Placeholder<string, any> | undefined; name?: string | SQL<unknown> | Placeholder<...> | null | undefined; ... 24 more ...; updated_at?: SQL<...> | ... 3 more ... | undefined; }): PgInsertBase<...>', gave the following error.
    Type 'string | null | undefined' is not assignable to type 'string | SQL<unknown> | Placeholder<string, any>'.
      Type 'undefined' is not assignable to type 'string | SQL<unknown> | Placeholder<string, any>'.
  Overload 2 of 2, '(values: { email: string | SQL<unknown> | Placeholder<string, any>; id?: string | SQL<unknown> | Placeholder<string, any> | undefined; name?: string | SQL<unknown> | Placeholder<...> | null | undefined; ... 24 more ...; updated_at?: SQL<...> | ... 3 more ... | undefined; }[]): PgInsertBase<...>', gave the following error.
    Object literal may only specify known properties, and 'id' does not exist in type '{ email: string | SQL<unknown> | Placeholder<string, any>; id?: string | SQL<unknown> | Placeholder<string, any> | undefined; name?: string | SQL<unknown> | Placeholder<...> | null | undefined; ... 24 more ...; updated_at?: SQL<...> | ... 3 more ... | undefined; }[]'.
app/api/chat/route.ts(119,25): error TS2339: Property 'full_name' does not exist on type '{ id: string; role: string; address?: string | undefined; } & User'.
app/api/chat/route.ts(120,21): error TS2339: Property 'avatar_url' does not exist on type '{ id: string; role: string; address?: string | undefined; } & User'.
app/api/chat/route.ts(158,43): error TS2304: Cannot find name 'Env'.
app/api/chatbase/identity/route.ts(2,17): error TS7016: Could not find a declaration file for module 'jsonwebtoken'. 'C:/Users/prett/OneDrive/Desktop/projects/SoloSuccess-AI/node_modules/jsonwebtoken/index.js' implicitly has an 'any' type.
  If the 'jsonwebtoken' package actually exposes this module, consider sending a pull request to amend 'https://github.com/DefinitelyTyped/DefinitelyTyped/tree/master/types/jsonwebtoken'
app/api/collaboration/agents/[id]/route.ts(6,10): error TS6133: 'logger' is declared but its value is never read.
app/api/collaboration/agents/[id]/route.ts(6,28): error TS6133: 'logWarn' is declared but its value is never read.
app/api/collaboration/agents/[id]/route.ts(6,37): error TS6133: 'logInfo' is declared but its value is never read.
app/api/collaboration/agents/[id]/route.ts(6,46): error TS6133: 'logDebug' is declared but its value is never read.
app/api/collaboration/agents/[id]/route.ts(6,56): error TS6133: 'logApi' is declared but its value is never read.
app/api/collaboration/agents/[id]/route.ts(6,64): error TS6133: 'logDb' is declared but its value is never read.
app/api/collaboration/agents/[id]/route.ts(6,71): error TS6133: 'logAuth' is declared but its value is never read.
app/api/collaboration/agents/[id]/route.ts(37,3): error TS6133: 'request' is declared but its value is never read.
app/api/collaboration/agents/[id]/route.ts(63,42): error TS2339: Property 'getAgentSessions' does not exist on type 'SessionManager'.
app/api/collaboration/agents/[id]/route.ts(63,72): error TS7006: Parameter 'session' implicitly has an 'any' type.
app/api/collaboration/agents/[id]/route.ts(76,53): error TS7006: Parameter 'sum' implicitly has an 'any' type.
app/api/collaboration/agents/[id]/route.ts(76,58): error TS7006: Parameter 'session' implicitly has an 'any' type.
app/api/collaboration/agents/[id]/route.ts(108,49): error TS7006: Parameter 'sum' implicitly has an 'any' type.
app/api/collaboration/agents/[id]/route.ts(108,54): error TS7006: Parameter 'session' implicitly has an 'any' type.
app/api/collaboration/agents/route.ts(6,10): error TS6133: 'logger' is declared but its value is never read.
app/api/collaboration/agents/route.ts(6,28): error TS6133: 'logWarn' is declared but its value is never read.
app/api/collaboration/agents/route.ts(6,37): error TS6133: 'logInfo' is declared but its value is never read.
app/api/collaboration/agents/route.ts(6,46): error TS6133: 'logDebug' is declared but its value is never read.
app/api/collaboration/agents/route.ts(6,56): error TS6133: 'logApi' is declared but its value is never read.
app/api/collaboration/agents/route.ts(6,64): error TS6133: 'logDb' is declared but its value is never read.
app/api/collaboration/agents/route.ts(6,71): error TS6133: 'logAuth' is declared but its value is never read.
app/api/collaboration/context/route.ts(6,10): error TS6133: 'logger' is declared but its value is never read.
app/api/collaboration/context/route.ts(6,28): error TS6133: 'logWarn' is declared but its value is never read.
app/api/collaboration/context/route.ts(6,37): error TS6133: 'logInfo' is declared but its value is never read.
app/api/collaboration/context/route.ts(6,46): error TS6133: 'logDebug' is declared but its value is never read.
app/api/collaboration/context/route.ts(6,56): error TS6133: 'logApi' is declared but its value is never read.
app/api/collaboration/context/route.ts(6,64): error TS6133: 'logDb' is declared but its value is never read.
app/api/collaboration/context/route.ts(6,71): error TS6133: 'logAuth' is declared but its value is never read.
app/api/collaboration/context/route.ts(81,17): error TS2339: Property 'userId' does not exist on type 'Promise<{ id: string; userId: string; createdAt: Date; updatedAt: Date; participatingAgents: string[]; sessionStatus: "active" | "completed" | "cancelled" | "paused"; sessionType: "chat" | ... 2 more ... | "consultation"; metadata?: Record<...> | undefined; completedAt?: Date | undefined; projectName?: string | unde...'.
app/api/collaboration/context/route.ts(179,19): error TS2339: Property 'userId' does not exist on type 'Promise<{ id: string; userId: string; createdAt: Date; updatedAt: Date; participatingAgents: string[]; sessionStatus: "active" | "completed" | "cancelled" | "paused"; sessionType: "chat" | ... 2 more ... | "consultation"; metadata?: Record<...> | undefined; completedAt?: Date | undefined; projectName?: string | unde...'.
app/api/collaboration/sessions/[id]/messages/[messageId]/route.ts(4,10): error TS6133: 'logInfo' is declared but its value is never read.
app/api/collaboration/sessions/[id]/messages/[messageId]/route.ts(7,43): error TS6133: 'documentId' is declared but its value is never read.
app/api/collaboration/sessions/[id]/messages/[messageId]/route.ts(57,43): error TS6133: 'documentId' is declared but its value is never read.
app/api/collaboration/sessions/[id]/messages/route.ts(4,10): error TS6133: 'logInfo' is declared but its value is never read.
app/api/collaboration/sessions/[id]/messages/route.ts(6,33): error TS6133: 'users' is declared but its value is never read.
app/api/collaboration/sessions/[id]/messages/route.ts(11,3): error TS6133: 'request' is declared but its value is never read.
app/api/collaboration/sessions/[id]/messages/route.ts(35,15): error TS6133: 'isUser' is declared but its value is never read.
app/api/collaboration/sessions/route.ts(6,10): error TS6133: 'logger' is declared but its value is never read.
app/api/collaboration/sessions/route.ts(6,28): error TS6133: 'logWarn' is declared but its value is never read.
app/api/collaboration/sessions/route.ts(6,37): error TS6133: 'logInfo' is declared but its value is never read.
app/api/collaboration/sessions/route.ts(6,46): error TS6133: 'logDebug' is declared but its value is never read.
app/api/collaboration/sessions/route.ts(6,56): error TS6133: 'logApi' is declared but its value is never read.
app/api/collaboration/sessions/route.ts(6,64): error TS6133: 'logDb' is declared but its value is never read.
app/api/collaboration/sessions/route.ts(6,71): error TS6133: 'logAuth' is declared but its value is never read.
app/api/collaboration/sessions/route.ts(21,7): error TS6133: 'contextManager' is declared but its value is never read.
app/api/collaboration/sessions/route.ts(39,7): error TS6133: 'SessionResponseSchema' is declared but its value is never read.
app/api/community/challenges/[id]/join/route.ts(28,20): error TS2345: Argument of type 'SQL<unknown> | undefined' is not assignable to parameter of type 'SQL<unknown> | ((aliases: { id: PgColumn<{ name: "id"; tableName: "user_challenges"; dataType: "number"; columnType: "PgSerial"; data: number; driverParam: number; notNull: true; hasDefault: true; isPrimaryKey: true; ... 5 more ...; generated: undefined; }, {}, {}>; ... 5 more ...; completedAt: PgColumn<...>; }) => ...'.
  Type 'SQL<unknown>' is not assignable to type 'SQL<unknown> | ((aliases: { id: PgColumn<{ name: "id"; tableName: "user_challenges"; dataType: "number"; columnType: "PgSerial"; data: number; driverParam: number; notNull: true; hasDefault: true; isPrimaryKey: true; ... 5 more ...; generated: undefined; }, {}, {}>; ... 5 more ...; completedAt: PgColumn<...>; }) => ...'.
    Type 'import("C:/Users/prett/OneDrive/Desktop/projects/SoloSuccess-AI/node_modules/drizzle-orm/sql/sql").SQL<unknown>' is not assignable to type 'import("C:/Users/prett/OneDrive/Desktop/projects/SoloSuccess-AI/server/node_modules/drizzle-orm/sql/sql").SQL<unknown>'.
      Types have separate declarations of a private property 'shouldInlineParams'.
app/api/community/challenges/[id]/join/route.ts(29,20): error TS2769: No overload matches this call.
  Overload 1 of 3, '(left: Column<ColumnBaseConfig<ColumnDataType, string>, object, object>, right: unknown): SQL<unknown>', gave the following error.
    Argument of type 'PgColumn<{ name: "user_id"; tableName: "user_challenges"; dataType: "number"; columnType: "PgInteger"; data: number; driverParam: string | number; notNull: true; hasDefault: false; isPrimaryKey: false; ... 5 more ...; generated: undefined; }, {}, {}>' is not assignable to parameter of type 'Column<ColumnBaseConfig<ColumnDataType, string>, object, object>'.
      The types of 'table._.config.columns' are incompatible between these types.
        Type 'Record<string, PgColumn<ColumnBaseConfig<ColumnDataType, string>, {}, {}>>' is not assignable to type 'Record<string, Column<any, object, object>>'.
          'string' index signatures are incompatible.
            Type 'PgColumn<ColumnBaseConfig<ColumnDataType, string>, {}, {}>' is not assignable to type 'Column<any, object, object>'.
              Property 'config' is protected but type 'Column<T, TRuntimeConfig, TTypeConfig>' is not a class derived from 'Column<T, TRuntimeConfig, TTypeConfig>'.
  Overload 2 of 3, '(left: Aliased<number>, right: number | SQLWrapper): SQL<unknown>', gave the following error.
    Argument of type 'PgColumn<{ name: "user_id"; tableName: "user_challenges"; dataType: "number"; columnType: "PgInteger"; data: number; driverParam: string | number; notNull: true; hasDefault: false; isPrimaryKey: false; ... 5 more ...; generated: undefined; }, {}, {}>' is not assignable to parameter of type 'Aliased<number>'.
      Type 'PgColumn<{ name: "user_id"; tableName: "user_challenges"; dataType: "number"; columnType: "PgInteger"; data: number; driverParam: string | number; notNull: true; hasDefault: false; isPrimaryKey: false; ... 5 more ...; generated: undefined; }, {}, {}>' is missing the following properties from type 'Aliased<number>': sql, fieldAlias
  Overload 3 of 3, '(left: SQLWrapper, right: unknown): SQL<unknown>', gave the following error.
    Argument of type 'PgColumn<{ name: "user_id"; tableName: "user_challenges"; dataType: "number"; columnType: "PgInteger"; data: number; driverParam: string | number; notNull: true; hasDefault: false; isPrimaryKey: false; ... 5 more ...; generated: undefined; }, {}, {}>' is not assignable to parameter of type 'SQLWrapper'.
      The types returned by 'getSQL()' are incompatible between these types.
        Type 'import("C:/Users/prett/OneDrive/Desktop/projects/SoloSuccess-AI/server/node_modules/drizzle-orm/sql/sql").SQL<unknown>' is not assignable to type 'import("C:/Users/prett/OneDrive/Desktop/projects/SoloSuccess-AI/node_modules/drizzle-orm/sql/sql").SQL<unknown>'.
          Types have separate declarations of a private property 'shouldInlineParams'.
app/api/community/challenges/[id]/join/route.ts(30,20): error TS2769: No overload matches this call.
  Overload 1 of 3, '(left: Column<ColumnBaseConfig<ColumnDataType, string>, object, object>, right: unknown): SQL<unknown>', gave the following error.
    Argument of type 'PgColumn<{ name: "challenge_id"; tableName: "user_challenges"; dataType: "number"; columnType: "PgInteger"; data: number; driverParam: string | number; notNull: true; hasDefault: false; isPrimaryKey: false; ... 5 more ...; generated: undefined; }, {}, {}>' is not assignable to parameter of type 'Column<ColumnBaseConfig<ColumnDataType, string>, object, object>'.
      The types of 'table._.config.columns' are incompatible between these types.
        Type 'Record<string, PgColumn<ColumnBaseConfig<ColumnDataType, string>, {}, {}>>' is not assignable to type 'Record<string, Column<any, object, object>>'.
          'string' index signatures are incompatible.
            Type 'PgColumn<ColumnBaseConfig<ColumnDataType, string>, {}, {}>' is not assignable to type 'Column<any, object, object>'.
              Property 'config' is protected but type 'Column<T, TRuntimeConfig, TTypeConfig>' is not a class derived from 'Column<T, TRuntimeConfig, TTypeConfig>'.
  Overload 2 of 3, '(left: Aliased<number>, right: number | SQLWrapper): SQL<unknown>', gave the following error.
    Argument of type 'PgColumn<{ name: "challenge_id"; tableName: "user_challenges"; dataType: "number"; columnType: "PgInteger"; data: number; driverParam: string | number; notNull: true; hasDefault: false; isPrimaryKey: false; ... 5 more ...; generated: undefined; }, {}, {}>' is not assignable to parameter of type 'Aliased<number>'.
      Type 'PgColumn<{ name: "challenge_id"; tableName: "user_challenges"; dataType: "number"; columnType: "PgInteger"; data: number; driverParam: string | number; notNull: true; hasDefault: false; isPrimaryKey: false; ... 5 more ...; generated: undefined; }, {}, {}>' is missing the following properties from type 'Aliased<number>': sql, fieldAlias
  Overload 3 of 3, '(left: SQLWrapper, right: unknown): SQL<unknown>', gave the following error.
    Argument of type 'PgColumn<{ name: "challenge_id"; tableName: "user_challenges"; dataType: "number"; columnType: "PgInteger"; data: number; driverParam: string | number; notNull: true; hasDefault: false; isPrimaryKey: false; ... 5 more ...; generated: undefined; }, {}, {}>' is not assignable to parameter of type 'SQLWrapper'.
      The types returned by 'getSQL()' are incompatible between these types.
        Type 'import("C:/Users/prett/OneDrive/Desktop/projects/SoloSuccess-AI/server/node_modules/drizzle-orm/sql/sql").SQL<unknown>' is not assignable to type 'import("C:/Users/prett/OneDrive/Desktop/projects/SoloSuccess-AI/node_modules/drizzle-orm/sql/sql").SQL<unknown>'.
          Types have separate declarations of a private property 'shouldInlineParams'.
app/api/community/challenges/route.ts(27,13): error TS2322: Type 'SQL<number>' is not assignable to type 'SQL<unknown> | Aliased<unknown> | PgColumn<ColumnBaseConfig<ColumnDataType, string>, {}, {}> | PgTable<TableConfig> | SelectedFieldsFlat<...>'.
  Type 'SQL<number>' is not assignable to type 'SelectedFieldsFlat<PgColumn<ColumnBaseConfig<ColumnDataType, string>, {}, {}>>'.
    Index signature for type 'string' is missing in type 'SQL<number>'.
app/api/community/challenges/route.ts(30,35): error TS2345: Argument of type 'SQL<unknown>' is not assignable to parameter of type 'SQL<unknown> | ((aliases: SelectedFields) => SQL<unknown> | undefined) | undefined'.
  Type 'import("C:/Users/prett/OneDrive/Desktop/projects/SoloSuccess-AI/node_modules/drizzle-orm/sql/sql").SQL<unknown>' is not assignable to type 'import("C:/Users/prett/OneDrive/Desktop/projects/SoloSuccess-AI/server/node_modules/drizzle-orm/sql/sql").SQL<unknown>'.
    Types have separate declarations of a private property 'shouldInlineParams'.
app/api/community/challenges/route.ts(30,38): error TS2769: No overload matches this call.
  Overload 1 of 3, '(left: Column<ColumnBaseConfig<ColumnDataType, string>, object, object>, right: unknown): SQL<unknown>', gave the following error.
    Argument of type 'PgColumn<{ name: "id"; tableName: "challenges"; dataType: "number"; columnType: "PgSerial"; data: number; driverParam: number; notNull: true; hasDefault: true; isPrimaryKey: true; isAutoincrement: false; ... 4 more ...; generated: undefined; }, {}, {}>' is not assignable to parameter of type 'Column<ColumnBaseConfig<ColumnDataType, string>, object, object>'.
      The types of 'table._.config.columns' are incompatible between these types.
        Type 'Record<string, PgColumn<ColumnBaseConfig<ColumnDataType, string>, {}, {}>>' is not assignable to type 'Record<string, Column<any, object, object>>'.
          'string' index signatures are incompatible.
            Type 'PgColumn<ColumnBaseConfig<ColumnDataType, string>, {}, {}>' is not assignable to type 'Column<any, object, object>'.
              Property 'config' is protected but type 'Column<T, TRuntimeConfig, TTypeConfig>' is not a class derived from 'Column<T, TRuntimeConfig, TTypeConfig>'.
  Overload 2 of 3, '(left: Aliased<PgColumn<{ name: "challenge_id"; tableName: "user_challenges"; dataType: "number"; columnType: "PgInteger"; data: number; driverParam: string | number; notNull: true; hasDefault: false; isPrimaryKey: false; ... 5 more ...; generated: undefined; }, {}, {}>>, right: SQLWrapper | PgColumn<...>): SQL<...>', gave the following error.
    Argument of type 'PgColumn<{ name: "id"; tableName: "challenges"; dataType: "number"; columnType: "PgSerial"; data: number; driverParam: number; notNull: true; hasDefault: true; isPrimaryKey: true; isAutoincrement: false; ... 4 more ...; generated: undefined; }, {}, {}>' is not assignable to parameter of type 'Aliased<PgColumn<{ name: "challenge_id"; tableName: "user_challenges"; dataType: "number"; columnType: "PgInteger"; data: number; driverParam: string | number; notNull: true; hasDefault: false; isPrimaryKey: false; ... 5 more ...; generated: undefined; }, {}, {}>>'.
      Type 'PgColumn<{ name: "id"; tableName: "challenges"; dataType: "number"; columnType: "PgSerial"; data: number; driverParam: number; notNull: true; hasDefault: true; isPrimaryKey: true; isAutoincrement: false; ... 4 more ...; generated: undefined; }, {}, {}>' is missing the following properties from type 'Aliased<PgColumn<{ name: "challenge_id"; tableName: "user_challenges"; dataType: "number"; columnType: "PgInteger"; data: number; driverParam: string | number; notNull: true; hasDefault: false; isPrimaryKey: false; ... 5 more ...; generated: undefined; }, {}, {}>>': sql, fieldAlias
  Overload 3 of 3, '(left: SQLWrapper, right: unknown): SQL<unknown>', gave the following error.
    Argument of type 'PgColumn<{ name: "id"; tableName: "challenges"; dataType: "number"; columnType: "PgSerial"; data: number; driverParam: number; notNull: true; hasDefault: true; isPrimaryKey: true; isAutoincrement: false; ... 4 more ...; generated: undefined; }, {}, {}>' is not assignable to parameter of type 'SQLWrapper'.
      The types returned by 'getSQL()' are incompatible between these types.
        Type 'import("C:/Users/prett/OneDrive/Desktop/projects/SoloSuccess-AI/server/node_modules/drizzle-orm/sql/sql").SQL<unknown>' is not assignable to type 'import("C:/Users/prett/OneDrive/Desktop/projects/SoloSuccess-AI/node_modules/drizzle-orm/sql/sql").SQL<unknown>'.
          Types have separate declarations of a private property 'shouldInlineParams'.
app/api/community/challenges/route.ts(32,18): error TS2769: No overload matches this call.
  Overload 1 of 2, '(builder: (aliases: SelectedFields) => ValueOrArray<SQL<unknown> | PgColumn<ColumnBaseConfig<ColumnDataType, string>, {}, {}> | Aliased<...>>): Omit<...>', gave the following error.
    Argument of type 'SQL<unknown>' is not assignable to parameter of type '(aliases: SelectedFields) => ValueOrArray<SQL<unknown> | PgColumn<ColumnBaseConfig<ColumnDataType, string>, {}, {}> | Aliased<...>>'.
      Type 'SQL<unknown>' provides no match for the signature '(aliases: SelectedFields): ValueOrArray<SQL<unknown> | PgColumn<ColumnBaseConfig<ColumnDataType, string>, {}, {}> | Aliased<...>>'.
  Overload 2 of 2, '(...columns: (SQL<unknown> | PgColumn<ColumnBaseConfig<ColumnDataType, string>, {}, {}> | Aliased<unknown>)[]): Omit<PgSelectBase<"challenges", ... 6 more ..., { ...; }>, "groupBy" | "orderBy">', gave the following error.
    Argument of type 'SQL<unknown>' is not assignable to parameter of type 'SQL<unknown> | PgColumn<ColumnBaseConfig<ColumnDataType, string>, {}, {}> | Aliased<unknown>'.
      Type 'import("C:/Users/prett/OneDrive/Desktop/projects/SoloSuccess-AI/node_modules/drizzle-orm/sql/sql").SQL<unknown>' is not assignable to type 'import("C:/Users/prett/OneDrive/Desktop/projects/SoloSuccess-AI/server/node_modules/drizzle-orm/sql/sql").SQL<unknown>'.
        Types have separate declarations of a private property 'shouldInlineParams'.
app/api/community/challenges/route.ts(32,23): error TS2345: Argument of type 'PgColumn<{ name: "created_at"; tableName: "challenges"; dataType: "date"; columnType: "PgTimestamp"; data: Date; driverParam: string; notNull: false; hasDefault: true; isPrimaryKey: false; isAutoincrement: false; ... 4 more ...; generated: undefined; }, {}, {}>' is not assignable to parameter of type 'SQLWrapper | AnyColumn'.
  Type 'PgColumn<{ name: "created_at"; tableName: "challenges"; dataType: "date"; columnType: "PgTimestamp"; data: Date; driverParam: string; notNull: false; hasDefault: true; isPrimaryKey: false; isAutoincrement: false; ... 4 more ...; generated: undefined; }, {}, {}>' is not assignable to type 'AnyColumn'.
    The types of 'table._.config.columns' are incompatible between these types.
      Type 'Record<string, PgColumn<ColumnBaseConfig<ColumnDataType, string>, {}, {}>>' is not assignable to type 'Record<string, Column<any, object, object>>'.
        'string' index signatures are incompatible.
          Type 'PgColumn<ColumnBaseConfig<ColumnDataType, string>, {}, {}>' is not assignable to type 'Column<any, object, object>'.
            Property 'config' is protected but type 'Column<T, TRuntimeConfig, TTypeConfig>' is not a class derived from 'Column<T, TRuntimeConfig, TTypeConfig>'.
app/api/community/challenges/route.ts(42,16): error TS2345: Argument of type 'SQL<unknown>' is not assignable to parameter of type 'SQL<unknown> | ((aliases: { challengeId: PgColumn<{ name: "challenge_id"; tableName: "user_challenges"; dataType: "number"; columnType: "PgInteger"; data: number; driverParam: string | number; notNull: true; ... 7 more ...; generated: undefined; }, {}, {}>; status: PgColumn<...>; }) => SQL<...> | undefined) | undefi...'.
  Type 'import("C:/Users/prett/OneDrive/Desktop/projects/SoloSuccess-AI/node_modules/drizzle-orm/sql/sql").SQL<unknown>' is not assignable to type 'import("C:/Users/prett/OneDrive/Desktop/projects/SoloSuccess-AI/server/node_modules/drizzle-orm/sql/sql").SQL<unknown>'.
    Types have separate declarations of a private property 'shouldInlineParams'.
app/api/community/challenges/route.ts(42,19): error TS2769: No overload matches this call.
  Overload 1 of 3, '(left: Column<ColumnBaseConfig<ColumnDataType, string>, object, object>, right: unknown): SQL<unknown>', gave the following error.
    Argument of type 'PgColumn<{ name: "user_id"; tableName: "user_challenges"; dataType: "number"; columnType: "PgInteger"; data: number; driverParam: string | number; notNull: true; hasDefault: false; isPrimaryKey: false; ... 5 more ...; generated: undefined; }, {}, {}>' is not assignable to parameter of type 'Column<ColumnBaseConfig<ColumnDataType, string>, object, object>'.
      The types of 'table._.config.columns' are incompatible between these types.
        Type 'Record<string, PgColumn<ColumnBaseConfig<ColumnDataType, string>, {}, {}>>' is not assignable to type 'Record<string, Column<any, object, object>>'.
          'string' index signatures are incompatible.
            Type 'PgColumn<ColumnBaseConfig<ColumnDataType, string>, {}, {}>' is not assignable to type 'Column<any, object, object>'.
              Property 'config' is protected but type 'Column<T, TRuntimeConfig, TTypeConfig>' is not a class derived from 'Column<T, TRuntimeConfig, TTypeConfig>'.
  Overload 2 of 3, '(left: Aliased<number>, right: number | SQLWrapper): SQL<unknown>', gave the following error.
    Argument of type 'PgColumn<{ name: "user_id"; tableName: "user_challenges"; dataType: "number"; columnType: "PgInteger"; data: number; driverParam: string | number; notNull: true; hasDefault: false; isPrimaryKey: false; ... 5 more ...; generated: undefined; }, {}, {}>' is not assignable to parameter of type 'Aliased<number>'.
      Type 'PgColumn<{ name: "user_id"; tableName: "user_challenges"; dataType: "number"; columnType: "PgInteger"; data: number; driverParam: string | number; notNull: true; hasDefault: false; isPrimaryKey: false; ... 5 more ...; generated: undefined; }, {}, {}>' is missing the following properties from type 'Aliased<number>': sql, fieldAlias
  Overload 3 of 3, '(left: SQLWrapper, right: unknown): SQL<unknown>', gave the following error.
    Argument of type 'PgColumn<{ name: "user_id"; tableName: "user_challenges"; dataType: "number"; columnType: "PgInteger"; data: number; driverParam: string | number; notNull: true; hasDefault: false; isPrimaryKey: false; ... 5 more ...; generated: undefined; }, {}, {}>' is not assignable to parameter of type 'SQLWrapper'.
      The types returned by 'getSQL()' are incompatible between these types.
        Type 'import("C:/Users/prett/OneDrive/Desktop/projects/SoloSuccess-AI/server/node_modules/drizzle-orm/sql/sql").SQL<unknown>' is not assignable to type 'import("C:/Users/prett/OneDrive/Desktop/projects/SoloSuccess-AI/node_modules/drizzle-orm/sql/sql").SQL<unknown>'.
          Types have separate declarations of a private property 'shouldInlineParams'.
app/api/community/challenges/route.ts(50,13): error TS18046: 'c.id' is of type 'unknown'.
app/api/community/challenges/route.ts(55,41): error TS2769: No overload matches this call.
  Overload 1 of 4, '(value: string | number | Date): Date', gave the following error.
    Argument of type '{}' is not assignable to parameter of type 'string | number | Date'.
  Overload 2 of 4, '(value: string | number): Date', gave the following error.
    Argument of type '{}' is not assignable to parameter of type 'string | number'.
app/api/community/challenges/route.ts(60,21): error TS18046: 'c.difficulty' is of type 'unknown'.
app/api/community/challenges/route.ts(62,44): error TS2538: Type 'unknown' cannot be used as an index type.
app/api/community/leaderboard/route.ts(20,14): error TS2769: No overload matches this call.
  Overload 1 of 2, '(builder: (aliases: { id: PgColumn<{ name: "id"; tableName: "users"; dataType: "number"; columnType: "PgSerial"; data: number; driverParam: number; notNull: true; hasDefault: true; isPrimaryKey: true; isAutoincrement: false; ... 4 more ...; generated: undefined; }, {}, {}>; name: PgColumn<...>; image: PgColumn<...>; level: PgColumn<...>; role: PgColumn<...>; }) => ValueOrArray<...>): Omit<...>', gave the following error.
    Argument of type 'SQL<unknown>' is not assignable to parameter of type '(aliases: { id: PgColumn<{ name: "id"; tableName: "users"; dataType: "number"; columnType: "PgSerial"; data: number; driverParam: number; notNull: true; hasDefault: true; isPrimaryKey: true; isAutoincrement: false; ... 4 more ...; generated: undefined; }, {}, {}>; name: PgColumn<...>; image: PgColumn<...>; level: Pg...'.
      Type 'SQL<unknown>' provides no match for the signature '(aliases: { id: PgColumn<{ name: "id"; tableName: "users"; dataType: "number"; columnType: "PgSerial"; data: number; driverParam: number; notNull: true; hasDefault: true; isPrimaryKey: true; isAutoincrement: false; ... 4 more ...; generated: undefined; }, {}, {}>; name: PgColumn<...>; image: PgColumn<...>; level: PgColumn<...>; role: PgColumn<...>; }): ValueOrArray<...>'.
  Overload 2 of 2, '(...columns: (SQL<unknown> | PgColumn<ColumnBaseConfig<ColumnDataType, string>, {}, {}> | Aliased<unknown>)[]): Omit<PgSelectBase<"users", { ...; }, ... 5 more ..., { ...; }>, "orderBy">', gave the following error.
    Argument of type 'SQL<unknown>' is not assignable to parameter of type 'SQL<unknown> | PgColumn<ColumnBaseConfig<ColumnDataType, string>, {}, {}> | Aliased<unknown>'.
      Type 'import("C:/Users/prett/OneDrive/Desktop/projects/SoloSuccess-AI/node_modules/drizzle-orm/sql/sql").SQL<unknown>' is not assignable to type 'import("C:/Users/prett/OneDrive/Desktop/projects/SoloSuccess-AI/server/node_modules/drizzle-orm/sql/sql").SQL<unknown>'.
        Types have separate declarations of a private property 'shouldInlineParams'.
app/api/community/leaderboard/route.ts(20,19): error TS2345: Argument of type 'PgColumn<{ name: "level"; tableName: "users"; dataType: "number"; columnType: "PgInteger"; data: number; driverParam: string | number; notNull: false; hasDefault: true; isPrimaryKey: false; isAutoincrement: false; ... 4 more ...; generated: undefined; }, {}, {}>' is not assignable to parameter of type 'SQLWrapper | AnyColumn'.
  Type 'PgColumn<{ name: "level"; tableName: "users"; dataType: "number"; columnType: "PgInteger"; data: number; driverParam: string | number; notNull: false; hasDefault: true; isPrimaryKey: false; isAutoincrement: false; ... 4 more ...; generated: undefined; }, {}, {}>' is not assignable to type 'AnyColumn'.
    The types of 'table._.config.columns' are incompatible between these types.
      Type 'Record<string, PgColumn<ColumnBaseConfig<ColumnDataType, string>, {}, {}>>' is not assignable to type 'Record<string, Column<any, object, object>>'.
        'string' index signatures are incompatible.
          Type 'PgColumn<ColumnBaseConfig<ColumnDataType, string>, {}, {}>' is not assignable to type 'Column<any, object, object>'.
            Property 'config' is protected but type 'Column<T, TRuntimeConfig, TTypeConfig>' is not a class derived from 'Column<T, TRuntimeConfig, TTypeConfig>'.
app/api/competitive-intelligence/automation/route.ts(1,10): error TS6133: 'logger' is declared but its value is never read.
app/api/competitive-intelligence/automation/route.ts(1,28): error TS6133: 'logWarn' is declared but its value is never read.
app/api/competitive-intelligence/automation/route.ts(1,37): error TS6133: 'logInfo' is declared but its value is never read.
app/api/competitive-intelligence/automation/route.ts(1,46): error TS6133: 'logDebug' is declared but its value is never read.
app/api/competitive-intelligence/automation/route.ts(1,56): error TS6133: 'logApi' is declared but its value is never read.
app/api/competitive-intelligence/automation/route.ts(1,64): error TS6133: 'logDb' is declared but its value is never read.
app/api/competitive-intelligence/automation/route.ts(1,71): error TS6133: 'logAuth' is declared but its value is never read.
app/api/competitive-intelligence/chat-context/route.ts(1,10): error TS6133: 'logger' is declared but its value is never read.
app/api/competitive-intelligence/chat-context/route.ts(1,28): error TS6133: 'logWarn' is declared but its value is never read.
app/api/competitive-intelligence/chat-context/route.ts(1,37): error TS6133: 'logInfo' is declared but its value is never read.
app/api/competitive-intelligence/chat-context/route.ts(1,46): error TS6133: 'logDebug' is declared but its value is never read.
app/api/competitive-intelligence/chat-context/route.ts(1,56): error TS6133: 'logApi' is declared but its value is never read.
app/api/competitive-intelligence/chat-context/route.ts(1,64): error TS6133: 'logDb' is declared but its value is never read.
app/api/competitive-intelligence/chat-context/route.ts(1,71): error TS6133: 'logAuth' is declared but its value is never read.
app/api/competitive-intelligence/frameworks/route.ts(1,10): error TS6133: 'logger' is declared but its value is never read.
app/api/competitive-intelligence/frameworks/route.ts(1,28): error TS6133: 'logWarn' is declared but its value is never read.
app/api/competitive-intelligence/frameworks/route.ts(1,37): error TS6133: 'logInfo' is declared but its value is never read.
app/api/competitive-intelligence/frameworks/route.ts(1,46): error TS6133: 'logDebug' is declared but its value is never read.
app/api/competitive-intelligence/frameworks/route.ts(1,56): error TS6133: 'logApi' is declared but its value is never read.
app/api/competitive-intelligence/frameworks/route.ts(1,64): error TS6133: 'logDb' is declared but its value is never read.
app/api/competitive-intelligence/frameworks/route.ts(1,71): error TS6133: 'logAuth' is declared but its value is never read.
app/api/competitive-intelligence/gamification/route.ts(1,10): error TS6133: 'logger' is declared but its value is never read.
app/api/competitive-intelligence/gamification/route.ts(1,28): error TS6133: 'logWarn' is declared but its value is never read.
app/api/competitive-intelligence/gamification/route.ts(1,37): error TS6133: 'logInfo' is declared but its value is never read.
app/api/competitive-intelligence/gamification/route.ts(1,46): error TS6133: 'logDebug' is declared but its value is never read.
app/api/competitive-intelligence/gamification/route.ts(1,56): error TS6133: 'logApi' is declared but its value is never read.
app/api/competitive-intelligence/gamification/route.ts(1,64): error TS6133: 'logDb' is declared but its value is never read.
app/api/competitive-intelligence/gamification/route.ts(1,71): error TS6133: 'logAuth' is declared but its value is never read.
app/api/competitive-intelligence/gamification/route.ts(5,1): error TS6192: All imports in import declaration are unused.
app/api/competitive-intelligence/gamification/route.ts(122,44): error TS6133: 'achievement_id' is declared but its value is never read.
app/api/competitive-intelligence/gamification/route.ts(122,60): error TS6133: 'victory_data' is declared but its value is never read.
app/api/competitive-intelligence/goals/route.ts(1,10): error TS6133: 'logger' is declared but its value is never read.
app/api/competitive-intelligence/goals/route.ts(1,28): error TS6133: 'logWarn' is declared but its value is never read.
app/api/competitive-intelligence/goals/route.ts(1,37): error TS6133: 'logInfo' is declared but its value is never read.
app/api/competitive-intelligence/goals/route.ts(1,46): error TS6133: 'logDebug' is declared but its value is never read.
app/api/competitive-intelligence/goals/route.ts(1,56): error TS6133: 'logApi' is declared but its value is never read.
app/api/competitive-intelligence/goals/route.ts(1,64): error TS6133: 'logDb' is declared but its value is never read.
app/api/competitive-intelligence/goals/route.ts(1,71): error TS6133: 'logAuth' is declared but its value is never read.
app/api/competitive-intelligence/milestones/route.ts(1,10): error TS6133: 'logger' is declared but its value is never read.
app/api/competitive-intelligence/milestones/route.ts(1,28): error TS6133: 'logWarn' is declared but its value is never read.
app/api/competitive-intelligence/milestones/route.ts(1,37): error TS6133: 'logInfo' is declared but its value is never read.
app/api/competitive-intelligence/milestones/route.ts(1,46): error TS6133: 'logDebug' is declared but its value is never read.
app/api/competitive-intelligence/milestones/route.ts(1,56): error TS6133: 'logApi' is declared but its value is never read.
app/api/competitive-intelligence/milestones/route.ts(1,64): error TS6133: 'logDb' is declared but its value is never read.
app/api/competitive-intelligence/milestones/route.ts(1,71): error TS6133: 'logAuth' is declared but its value is never read.
app/api/competitive-intelligence/tasks/route.ts(1,10): error TS6133: 'logger' is declared but its value is never read.
app/api/competitive-intelligence/tasks/route.ts(1,28): error TS6133: 'logWarn' is declared but its value is never read.
app/api/competitive-intelligence/tasks/route.ts(1,37): error TS6133: 'logInfo' is declared but its value is never read.
app/api/competitive-intelligence/tasks/route.ts(1,46): error TS6133: 'logDebug' is declared but its value is never read.
app/api/competitive-intelligence/tasks/route.ts(1,56): error TS6133: 'logApi' is declared but its value is never read.
app/api/competitive-intelligence/tasks/route.ts(1,64): error TS6133: 'logDb' is declared but its value is never read.
app/api/competitive-intelligence/tasks/route.ts(1,71): error TS6133: 'logAuth' is declared but its value is never read.
app/api/competitive-intelligence/tasks/route.ts(95,23): error TS6133: 'template_id' is declared but its value is never read.
app/api/competitors/[id]/activities/route.ts(1,10): error TS6133: 'logger' is declared but its value is never read.
app/api/competitors/[id]/activities/route.ts(1,28): error TS6133: 'logWarn' is declared but its value is never read.
app/api/competitors/[id]/activities/route.ts(1,37): error TS6133: 'logInfo' is declared but its value is never read.
app/api/competitors/[id]/activities/route.ts(1,46): error TS6133: 'logDebug' is declared but its value is never read.
app/api/competitors/[id]/activities/route.ts(1,56): error TS6133: 'logApi' is declared but its value is never read.
app/api/competitors/[id]/activities/route.ts(1,64): error TS6133: 'logDb' is declared but its value is never read.
app/api/competitors/[id]/activities/route.ts(1,71): error TS6133: 'logAuth' is declared but its value is never read.
app/api/competitors/[id]/alerts/route.ts(1,10): error TS6133: 'logger' is declared but its value is never read.
app/api/competitors/[id]/alerts/route.ts(1,28): error TS6133: 'logWarn' is declared but its value is never read.
app/api/competitors/[id]/alerts/route.ts(1,37): error TS6133: 'logInfo' is declared but its value is never read.
app/api/competitors/[id]/alerts/route.ts(1,46): error TS6133: 'logDebug' is declared but its value is never read.
app/api/competitors/[id]/alerts/route.ts(1,56): error TS6133: 'logApi' is declared but its value is never read.
app/api/competitors/[id]/alerts/route.ts(1,64): error TS6133: 'logDb' is declared but its value is never read.
app/api/competitors/[id]/alerts/route.ts(1,71): error TS6133: 'logAuth' is declared but its value is never read.
app/api/competitors/[id]/enrich/route.ts(1,10): error TS6133: 'logger' is declared but its value is never read.
app/api/competitors/[id]/enrich/route.ts(1,28): error TS6133: 'logWarn' is declared but its value is never read.
app/api/competitors/[id]/enrich/route.ts(1,37): error TS6133: 'logInfo' is declared but its value is never read.
app/api/competitors/[id]/enrich/route.ts(1,46): error TS6133: 'logDebug' is declared but its value is never read.
app/api/competitors/[id]/enrich/route.ts(1,56): error TS6133: 'logApi' is declared but its value is never read.
app/api/competitors/[id]/enrich/route.ts(1,64): error TS6133: 'logDb' is declared but its value is never read.
app/api/competitors/[id]/enrich/route.ts(1,71): error TS6133: 'logAuth' is declared but its value is never read.
app/api/competitors/[id]/enrich/route.ts(7,1): error TS6133: 'competitorEnrichmentService' is declared but its value is never read.
app/api/competitors/[id]/enrich/route.ts(287,3): error TS6133: 'request' is declared but its value is never read.
app/api/competitors/[id]/growth-analysis/route.ts(1,10): error TS6133: 'logger' is declared but its value is never read.
app/api/competitors/[id]/growth-analysis/route.ts(1,28): error TS6133: 'logWarn' is declared but its value is never read.
app/api/competitors/[id]/growth-analysis/route.ts(1,37): error TS6133: 'logInfo' is declared but its value is never read.
app/api/competitors/[id]/growth-analysis/route.ts(1,46): error TS6133: 'logDebug' is declared but its value is never read.
app/api/competitors/[id]/growth-analysis/route.ts(1,56): error TS6133: 'logApi' is declared but its value is never read.
app/api/competitors/[id]/growth-analysis/route.ts(1,64): error TS6133: 'logDb' is declared but its value is never read.
app/api/competitors/[id]/growth-analysis/route.ts(1,71): error TS6133: 'logAuth' is declared but its value is never read.
app/api/competitors/[id]/insights/route.ts(1,10): error TS6133: 'logger' is declared but its value is never read.
app/api/competitors/[id]/insights/route.ts(1,28): error TS6133: 'logWarn' is declared but its value is never read.
app/api/competitors/[id]/insights/route.ts(1,37): error TS6133: 'logInfo' is declared but its value is never read.
app/api/competitors/[id]/insights/route.ts(1,46): error TS6133: 'logDebug' is declared but its value is never read.
app/api/competitors/[id]/insights/route.ts(1,56): error TS6133: 'logApi' is declared but its value is never read.
app/api/competitors/[id]/insights/route.ts(1,64): error TS6133: 'logDb' is declared but its value is never read.
app/api/competitors/[id]/insights/route.ts(1,71): error TS6133: 'logAuth' is declared but its value is never read.
app/api/competitors/[id]/intelligence/route.ts(1,10): error TS6133: 'logger' is declared but its value is never read.
app/api/competitors/[id]/intelligence/route.ts(1,28): error TS6133: 'logWarn' is declared but its value is never read.
app/api/competitors/[id]/intelligence/route.ts(1,37): error TS6133: 'logInfo' is declared but its value is never read.
app/api/competitors/[id]/intelligence/route.ts(1,46): error TS6133: 'logDebug' is declared but its value is never read.
app/api/competitors/[id]/intelligence/route.ts(1,56): error TS6133: 'logApi' is declared but its value is never read.
app/api/competitors/[id]/intelligence/route.ts(1,64): error TS6133: 'logDb' is declared but its value is never read.
app/api/competitors/[id]/intelligence/route.ts(1,71): error TS6133: 'logAuth' is declared but its value is never read.
app/api/competitors/[id]/intelligence/route.ts(12,3): error TS6196: 'IntelligenceData' is declared but never used.
app/api/competitors/[id]/scraping/route.ts(1,10): error TS6133: 'logger' is declared but its value is never read.
app/api/competitors/[id]/scraping/route.ts(1,28): error TS6133: 'logWarn' is declared but its value is never read.
app/api/competitors/[id]/scraping/route.ts(1,37): error TS6133: 'logInfo' is declared but its value is never read.
app/api/competitors/[id]/scraping/route.ts(1,46): error TS6133: 'logDebug' is declared but its value is never read.
app/api/competitors/[id]/scraping/route.ts(1,56): error TS6133: 'logApi' is declared but its value is never read.
app/api/competitors/[id]/scraping/route.ts(1,64): error TS6133: 'logDb' is declared but its value is never read.
app/api/competitors/[id]/scraping/route.ts(1,71): error TS6133: 'logAuth' is declared but its value is never read.
app/api/competitors/[id]/social-media/analysis/route.ts(1,10): error TS6133: 'logger' is declared but its value is never read.
app/api/competitors/[id]/social-media/analysis/route.ts(1,28): error TS6133: 'logWarn' is declared but its value is never read.
app/api/competitors/[id]/social-media/analysis/route.ts(1,37): error TS6133: 'logInfo' is declared but its value is never read.
app/api/competitors/[id]/social-media/analysis/route.ts(1,46): error TS6133: 'logDebug' is declared but its value is never read.
app/api/competitors/[id]/social-media/analysis/route.ts(1,56): error TS6133: 'logApi' is declared but its value is never read.
app/api/competitors/[id]/social-media/analysis/route.ts(1,64): error TS6133: 'logDb' is declared but its value is never read.
app/api/competitors/[id]/social-media/analysis/route.ts(1,71): error TS6133: 'logAuth' is declared but its value is never read.
app/api/competitors/[id]/social-media/insights/route.ts(1,10): error TS6133: 'logger' is declared but its value is never read.
app/api/competitors/[id]/social-media/insights/route.ts(1,28): error TS6133: 'logWarn' is declared but its value is never read.
app/api/competitors/[id]/social-media/insights/route.ts(1,37): error TS6133: 'logInfo' is declared but its value is never read.
app/api/competitors/[id]/social-media/insights/route.ts(1,46): error TS6133: 'logDebug' is declared but its value is never read.
app/api/competitors/[id]/social-media/insights/route.ts(1,56): error TS6133: 'logApi' is declared but its value is never read.
app/api/competitors/[id]/social-media/insights/route.ts(1,64): error TS6133: 'logDb' is declared but its value is never read.
app/api/competitors/[id]/social-media/insights/route.ts(1,71): error TS6133: 'logAuth' is declared but its value is never read.
app/api/competitors/[id]/social-media/route.ts(1,10): error TS6133: 'logger' is declared but its value is never read.
app/api/competitors/[id]/social-media/route.ts(1,28): error TS6133: 'logWarn' is declared but its value is never read.
app/api/competitors/[id]/social-media/route.ts(1,37): error TS6133: 'logInfo' is declared but its value is never read.
app/api/competitors/[id]/social-media/route.ts(1,46): error TS6133: 'logDebug' is declared but its value is never read.
app/api/competitors/[id]/social-media/route.ts(1,56): error TS6133: 'logApi' is declared but its value is never read.
app/api/competitors/[id]/social-media/route.ts(1,64): error TS6133: 'logDb' is declared but its value is never read.
app/api/competitors/[id]/social-media/route.ts(1,71): error TS6133: 'logAuth' is declared but its value is never read.
app/api/competitors/[id]/social-media/route.ts(197,24): error TS6133: 'force_refresh' is declared but its value is never read.
app/api/competitors/[id]/social-media/schedule/route.ts(1,10): error TS6133: 'logger' is declared but its value is never read.
app/api/competitors/[id]/social-media/schedule/route.ts(1,28): error TS6133: 'logWarn' is declared but its value is never read.
app/api/competitors/[id]/social-media/schedule/route.ts(1,37): error TS6133: 'logInfo' is declared but its value is never read.
app/api/competitors/[id]/social-media/schedule/route.ts(1,46): error TS6133: 'logDebug' is declared but its value is never read.
app/api/competitors/[id]/social-media/schedule/route.ts(1,56): error TS6133: 'logApi' is declared but its value is never read.
app/api/competitors/[id]/social-media/schedule/route.ts(1,64): error TS6133: 'logDb' is declared but its value is never read.
app/api/competitors/[id]/social-media/schedule/route.ts(1,71): error TS6133: 'logAuth' is declared but its value is never read.
app/api/competitors/alerts/[id]/route.ts(1,10): error TS6133: 'logger' is declared but its value is never read.
app/api/competitors/alerts/[id]/route.ts(1,28): error TS6133: 'logWarn' is declared but its value is never read.
app/api/competitors/alerts/[id]/route.ts(1,37): error TS6133: 'logInfo' is declared but its value is never read.
app/api/competitors/alerts/[id]/route.ts(1,46): error TS6133: 'logDebug' is declared but its value is never read.
app/api/competitors/alerts/[id]/route.ts(1,56): error TS6133: 'logApi' is declared but its value is never read.
app/api/competitors/alerts/[id]/route.ts(1,64): error TS6133: 'logDb' is declared but its value is never read.
app/api/competitors/alerts/[id]/route.ts(1,71): error TS6133: 'logAuth' is declared but its value is never read.
app/api/competitors/alerts/route.ts(1,10): error TS6133: 'logger' is declared but its value is never read.
app/api/competitors/alerts/route.ts(1,28): error TS6133: 'logWarn' is declared but its value is never read.
app/api/competitors/alerts/route.ts(1,37): error TS6133: 'logInfo' is declared but its value is never read.
app/api/competitors/alerts/route.ts(1,46): error TS6133: 'logDebug' is declared but its value is never read.
app/api/competitors/alerts/route.ts(1,56): error TS6133: 'logApi' is declared but its value is never read.
app/api/competitors/alerts/route.ts(1,64): error TS6133: 'logDb' is declared but its value is never read.
app/api/competitors/alerts/route.ts(1,71): error TS6133: 'logAuth' is declared but its value is never read.
app/api/competitors/discover/route.ts(30,43): error TS2304: Cannot find name 'Env'.
app/api/competitors/discover/route.ts(101,16): error TS6133: 'searchBusinessDirectories' is declared but its value is never read.
app/api/competitors/discover/route.ts(103,43): error TS2304: Cannot find name 'Env'.
app/api/competitors/discover/route.ts(140,16): error TS6133: 'searchIndustryDatabases' is declared but its value is never read.
app/api/competitors/discover/route.ts(142,43): error TS2304: Cannot find name 'Env'.
app/api/competitors/discover/route.ts(178,16): error TS6133: 'searchNewsAndPress' is declared but its value is never read.
app/api/competitors/discover/route.ts(180,43): error TS2304: Cannot find name 'Env'.
app/api/competitors/discover/route.ts(217,16): error TS6133: 'searchSocialMediaMentions' is declared but its value is never read.
app/api/competitors/discover/route.ts(219,43): error TS2304: Cannot find name 'Env'.
app/api/competitors/enrich/route.ts(1,10): error TS6133: 'logger' is declared but its value is never read.
app/api/competitors/enrich/route.ts(1,28): error TS6133: 'logWarn' is declared but its value is never read.
app/api/competitors/enrich/route.ts(1,37): error TS6133: 'logInfo' is declared but its value is never read.
app/api/competitors/enrich/route.ts(1,46): error TS6133: 'logDebug' is declared but its value is never read.
app/api/competitors/enrich/route.ts(1,56): error TS6133: 'logApi' is declared but its value is never read.
app/api/competitors/enrich/route.ts(1,64): error TS6133: 'logDb' is declared but its value is never read.
app/api/competitors/enrich/route.ts(1,71): error TS6133: 'logAuth' is declared but its value is never read.
app/api/competitors/enrich/route.ts(7,1): error TS6133: 'competitorEnrichmentService' is declared but its value is never read.
app/api/competitors/intelligence/route.ts(9,25): error TS6133: 'and' is declared but its value is never read.
app/api/competitors/intelligence/route.ts(9,30): error TS6133: 'gte' is declared but its value is never read.
app/api/competitors/intelligence/route.ts(41,27): error TS6133: 'req' is declared but its value is never read.
app/api/competitors/pricing-intelligence/route.ts(1,10): error TS6133: 'logger' is declared but its value is never read.
app/api/competitors/pricing-intelligence/route.ts(1,28): error TS6133: 'logWarn' is declared but its value is never read.
app/api/competitors/pricing-intelligence/route.ts(1,37): error TS6133: 'logInfo' is declared but its value is never read.
app/api/competitors/pricing-intelligence/route.ts(1,46): error TS6133: 'logDebug' is declared but its value is never read.
app/api/competitors/pricing-intelligence/route.ts(1,56): error TS6133: 'logApi' is declared but its value is never read.
app/api/competitors/pricing-intelligence/route.ts(1,64): error TS6133: 'logDb' is declared but its value is never read.
app/api/competitors/pricing-intelligence/route.ts(1,71): error TS6133: 'logAuth' is declared but its value is never read.
app/api/competitors/pricing-intelligence/route.ts(227,7): error TS6133: 'include_recommendations' is declared but its value is never read.
app/api/competitors/save-discovered/route.ts(1,10): error TS6133: 'logger' is declared but its value is never read.
app/api/competitors/save-discovered/route.ts(1,28): error TS6133: 'logWarn' is declared but its value is never read.
app/api/competitors/save-discovered/route.ts(1,37): error TS6133: 'logInfo' is declared but its value is never read.
app/api/competitors/save-discovered/route.ts(1,46): error TS6133: 'logDebug' is declared but its value is never read.
app/api/competitors/save-discovered/route.ts(1,56): error TS6133: 'logApi' is declared but its value is never read.
app/api/competitors/save-discovered/route.ts(1,64): error TS6133: 'logDb' is declared but its value is never read.
app/api/competitors/save-discovered/route.ts(1,71): error TS6133: 'logAuth' is declared but its value is never read.
app/api/competitors/scraping/[jobId]/route.ts(1,10): error TS6133: 'logger' is declared but its value is never read.
app/api/competitors/scraping/[jobId]/route.ts(1,28): error TS6133: 'logWarn' is declared but its value is never read.
app/api/competitors/scraping/[jobId]/route.ts(1,37): error TS6133: 'logInfo' is declared but its value is never read.
app/api/competitors/scraping/[jobId]/route.ts(1,46): error TS6133: 'logDebug' is declared but its value is never read.
app/api/competitors/scraping/[jobId]/route.ts(1,56): error TS6133: 'logApi' is declared but its value is never read.
app/api/competitors/scraping/[jobId]/route.ts(1,64): error TS6133: 'logDb' is declared but its value is never read.
app/api/competitors/scraping/[jobId]/route.ts(1,71): error TS6133: 'logAuth' is declared but its value is never read.
app/api/competitors/scraping/health/route.ts(1,10): error TS6133: 'logger' is declared but its value is never read.
app/api/competitors/scraping/health/route.ts(1,28): error TS6133: 'logWarn' is declared but its value is never read.
app/api/competitors/scraping/health/route.ts(1,37): error TS6133: 'logInfo' is declared but its value is never read.
app/api/competitors/scraping/health/route.ts(1,46): error TS6133: 'logDebug' is declared but its value is never read.
app/api/competitors/scraping/health/route.ts(1,56): error TS6133: 'logApi' is declared but its value is never read.
app/api/competitors/scraping/health/route.ts(1,64): error TS6133: 'logDb' is declared but its value is never read.
app/api/competitors/scraping/health/route.ts(1,71): error TS6133: 'logAuth' is declared but its value is never read.
app/api/competitors/scraping/route.ts(1,10): error TS6133: 'logger' is declared but its value is never read.
app/api/competitors/scraping/route.ts(1,28): error TS6133: 'logWarn' is declared but its value is never read.
app/api/competitors/scraping/route.ts(1,37): error TS6133: 'logInfo' is declared but its value is never read.
app/api/competitors/scraping/route.ts(1,46): error TS6133: 'logDebug' is declared but its value is never read.
app/api/competitors/scraping/route.ts(1,56): error TS6133: 'logApi' is declared but its value is never read.
app/api/competitors/scraping/route.ts(1,64): error TS6133: 'logDb' is declared but its value is never read.
app/api/competitors/scraping/route.ts(1,71): error TS6133: 'logAuth' is declared but its value is never read.
app/api/competitors/social-media/benchmarks/route.ts(1,10): error TS6133: 'logger' is declared but its value is never read.
app/api/competitors/social-media/benchmarks/route.ts(1,28): error TS6133: 'logWarn' is declared but its value is never read.
app/api/competitors/social-media/benchmarks/route.ts(1,37): error TS6133: 'logInfo' is declared but its value is never read.
app/api/competitors/social-media/benchmarks/route.ts(1,46): error TS6133: 'logDebug' is declared but its value is never read.
app/api/competitors/social-media/benchmarks/route.ts(1,56): error TS6133: 'logApi' is declared but its value is never read.
app/api/competitors/social-media/benchmarks/route.ts(1,64): error TS6133: 'logDb' is declared but its value is never read.
app/api/competitors/social-media/benchmarks/route.ts(1,71): error TS6133: 'logAuth' is declared but its value is never read.
app/api/competitors/social-media/benchmarks/route.ts(522,66): error TS6133: 'platform' is declared but its value is never read.
app/api/competitors/social-media/processor/route.ts(1,10): error TS6133: 'logger' is declared but its value is never read.
app/api/competitors/social-media/processor/route.ts(1,28): error TS6133: 'logWarn' is declared but its value is never read.
app/api/competitors/social-media/processor/route.ts(1,37): error TS6133: 'logInfo' is declared but its value is never read.
app/api/competitors/social-media/processor/route.ts(1,46): error TS6133: 'logDebug' is declared but its value is never read.
app/api/competitors/social-media/processor/route.ts(1,56): error TS6133: 'logApi' is declared but its value is never read.
app/api/competitors/social-media/processor/route.ts(1,64): error TS6133: 'logDb' is declared but its value is never read.
app/api/competitors/social-media/processor/route.ts(1,71): error TS6133: 'logAuth' is declared but its value is never read.
app/api/competitors/stats/route.ts(1,10): error TS6133: 'logger' is declared but its value is never read.
app/api/competitors/stats/route.ts(1,28): error TS6133: 'logWarn' is declared but its value is never read.
app/api/competitors/stats/route.ts(1,46): error TS6133: 'logDebug' is declared but its value is never read.
app/api/competitors/stats/route.ts(1,56): error TS6133: 'logApi' is declared but its value is never read.
app/api/competitors/stats/route.ts(1,64): error TS6133: 'logDb' is declared but its value is never read.
app/api/competitors/stats/route.ts(1,71): error TS6133: 'logAuth' is declared but its value is never read.
app/api/contact/route.ts(2,23): error TS6133: 'NextResponse' is declared but its value is never read.
app/api/context/route.ts(13,27): error TS6133: 'request' is declared but its value is never read.
app/api/custom-agents/security/route.ts(1,10): error TS6133: 'logger' is declared but its value is never read.
app/api/custom-agents/security/route.ts(1,28): error TS6133: 'logWarn' is declared but its value is never read.
app/api/custom-agents/security/route.ts(1,37): error TS6133: 'logInfo' is declared but its value is never read.
app/api/custom-agents/security/route.ts(1,46): error TS6133: 'logDebug' is declared but its value is never read.
app/api/custom-agents/security/route.ts(1,56): error TS6133: 'logApi' is declared but its value is never read.
app/api/custom-agents/security/route.ts(1,64): error TS6133: 'logDb' is declared but its value is never read.
app/api/custom-agents/security/route.ts(1,71): error TS6133: 'logAuth' is declared but its value is never read.
app/api/custom-agents/security/route.ts(8,7): error TS6133: '_securityMiddleware' is declared but its value is never read.
app/api/custom-agents/security/route.ts(72,11): error TS6133: '_userId' is declared but its value is never read.
app/api/custom-agents/training/route.ts(1,10): error TS6133: 'logger' is declared but its value is never read.
app/api/custom-agents/training/route.ts(1,28): error TS6133: 'logWarn' is declared but its value is never read.
app/api/custom-agents/training/route.ts(1,37): error TS6133: 'logInfo' is declared but its value is never read.
app/api/custom-agents/training/route.ts(1,46): error TS6133: 'logDebug' is declared but its value is never read.
app/api/custom-agents/training/route.ts(1,56): error TS6133: 'logApi' is declared but its value is never read.
app/api/custom-agents/training/route.ts(1,64): error TS6133: 'logDb' is declared but its value is never read.
app/api/custom-agents/training/route.ts(1,71): error TS6133: 'logAuth' is declared but its value is never read.
app/api/custom-agents/workflow/route.ts(1,10): error TS6133: 'logger' is declared but its value is never read.
app/api/custom-agents/workflow/route.ts(1,28): error TS6133: 'logWarn' is declared but its value is never read.
app/api/custom-agents/workflow/route.ts(1,37): error TS6133: 'logInfo' is declared but its value is never read.
app/api/custom-agents/workflow/route.ts(1,46): error TS6133: 'logDebug' is declared but its value is never read.
app/api/custom-agents/workflow/route.ts(1,56): error TS6133: 'logApi' is declared but its value is never read.
app/api/custom-agents/workflow/route.ts(1,64): error TS6133: 'logDb' is declared but its value is never read.
app/api/custom-agents/workflow/route.ts(1,71): error TS6133: 'logAuth' is declared but its value is never read.
app/api/dashboard/route.ts(14,24): error TS6133: 'sql' is declared but its value is never read.
app/api/dashboard/route.ts(14,42): error TS6133: 'lt' is declared but its value is never read.
app/api/dashboard/route.ts(14,46): error TS6133: 'asc' is declared but its value is never read.
app/api/dashboard/route.ts(15,1): error TS6133: 'z' is declared but its value is never read.
app/api/dashboard/route.ts(16,20): error TS6133: 'logInfo' is declared but its value is never read.
app/api/dashboard/route.ts(233,9): error TS6133: 'completedTasksTotal' is declared but its value is never read.
app/api/dashboard/route.ts(241,9): error TS6133: 'userStats' is declared but its value is never read.
app/api/dashboard/route.ts(340,52): error TS6133: 't' is declared but its value is never read.
app/api/dashboard/route.ts(349,12): error TS6133: 'goalsAchievedAllTime' is declared but its value is never read.
app/api/dashboard/route.ts(452,9): error TS2322: Type '{ id: string; title: string; description: string | null; status: string; priority: string | null; due_date: string | null; goal: { id: string; title: string; category: null; } | null; }[]' is not assignable to type '{ id: string; title: string; description: string | null; status: string; priority: string; due_date: string | null; goal: { id: string; title: string; category: string | null; } | null; }[]'.
  Type '{ id: string; title: string; description: string | null; status: string; priority: string | null; due_date: string | null; goal: { id: string; title: string; category: null; } | null; }' is not assignable to type '{ id: string; title: string; description: string | null; status: string; priority: string; due_date: string | null; goal: { id: string; title: string; category: string | null; } | null; }'.
    Types of property 'priority' are incompatible.
      Type 'string | null' is not assignable to type 'string'.
        Type 'null' is not assignable to type 'string'.
app/api/dashboard/route.ts(466,9): error TS2322: Type '{ id: string; title: string; description: string | null; status: string | null; goal_count: number; task_count: number; created_at: string; updated_at: string; }[]' is not assignable to type '{ id: string; title: string; description: string | null; status: string; goal_count: number; task_count: number; created_at: string; updated_at: string; }[]'.
  Type '{ id: string; title: string; description: string | null; status: string | null; goal_count: number; task_count: number; created_at: string; updated_at: string; }' is not assignable to type '{ id: string; title: string; description: string | null; status: string; goal_count: number; task_count: number; created_at: string; updated_at: string; }'.
    Types of property 'status' are incompatible.
      Type 'string | null' is not assignable to type 'string'.
        Type 'null' is not assignable to type 'string'.
app/api/feedback/route.ts(66,7): error TS2769: No overload matches this call.
  Overload 1 of 2, '(value: { type: string | SQL<unknown> | Placeholder<string, any>; message: string | SQL<unknown> | Placeholder<string, any>; status?: string | SQL<unknown> | Placeholder<...> | undefined; ... 7 more ...; screenshot_url?: string | ... 3 more ... | undefined; }): PgInsertBase<...>', gave the following error.
    Object literal may only specify known properties, but 'userId' does not exist in type '{ type: string | SQL<unknown> | Placeholder<string, any>; message: string | SQL<unknown> | Placeholder<string, any>; status?: string | SQL<unknown> | Placeholder<string, any> | undefined; ... 7 more ...; screenshot_url?: string | ... 3 more ... | undefined; }'. Did you mean to write 'user_id'?
  Overload 2 of 2, '(values: { type: string | SQL<unknown> | Placeholder<string, any>; message: string | SQL<unknown> | Placeholder<string, any>; status?: string | SQL<unknown> | Placeholder<...> | undefined; ... 7 more ...; screenshot_url?: string | ... 3 more ... | undefined; }[]): PgInsertBase<...>', gave the following error.
    Object literal may only specify known properties, and 'userId' does not exist in type '{ type: string | SQL<unknown> | Placeholder<string, any>; message: string | SQL<unknown> | Placeholder<string, any>; status?: string | SQL<unknown> | Placeholder<string, any> | undefined; ... 7 more ...; screenshot_url?: string | ... 3 more ... | undefined; }[]'.
app/api/files/[param]/route.ts(1,10): error TS6133: 'logger' is declared but its value is never read.
app/api/files/[param]/route.ts(19,3): error TS6133: 'request' is declared but its value is never read.
app/api/files/[param]/route.ts(150,3): error TS6133: 'request' is declared but its value is never read.
app/api/generate-logo/route.ts(1,10): error TS6133: 'logger' is declared but its value is never read.
app/api/generate-logo/route.ts(1,28): error TS6133: 'logWarn' is declared but its value is never read.
app/api/generate-logo/route.ts(1,46): error TS6133: 'logDebug' is declared but its value is never read.
app/api/generate-logo/route.ts(1,56): error TS6133: 'logApi' is declared but its value is never read.
app/api/generate-logo/route.ts(1,64): error TS6133: 'logDb' is declared but its value is never read.
app/api/generate-logo/route.ts(1,71): error TS6133: 'logAuth' is declared but its value is never read.
app/api/generate-logo/route.ts(15,16): error TS6133: 'generateLogoWithOpenAI' is declared but its value is never read.
app/api/generate-logo/route.ts(54,43): error TS2304: Cannot find name 'Env'.
app/api/goals/route.ts(1,10): error TS6133: 'logger' is declared but its value is never read.
app/api/goals/route.ts(1,28): error TS6133: 'logWarn' is declared but its value is never read.
app/api/goals/route.ts(1,37): error TS6133: 'logInfo' is declared but its value is never read.
app/api/goals/route.ts(1,46): error TS6133: 'logDebug' is declared but its value is never read.
app/api/goals/route.ts(1,56): error TS6133: 'logApi' is declared but its value is never read.
app/api/goals/route.ts(1,64): error TS6133: 'logDb' is declared but its value is never read.
app/api/goals/route.ts(1,71): error TS6133: 'logAuth' is declared but its value is never read.
app/api/health/deps/route.ts(1,10): error TS6133: 'logger' is declared but its value is never read.
app/api/health/deps/route.ts(1,28): error TS6133: 'logWarn' is declared but its value is never read.
app/api/health/deps/route.ts(1,37): error TS6133: 'logInfo' is declared but its value is never read.
app/api/health/deps/route.ts(1,46): error TS6133: 'logDebug' is declared but its value is never read.
app/api/health/deps/route.ts(1,56): error TS6133: 'logApi' is declared but its value is never read.
app/api/health/deps/route.ts(1,64): error TS6133: 'logDb' is declared but its value is never read.
app/api/health/deps/route.ts(1,71): error TS6133: 'logAuth' is declared but its value is never read.
app/api/health/route.ts(1,10): error TS6133: 'logger' is declared but its value is never read.
app/api/health/route.ts(1,28): error TS6133: 'logWarn' is declared but its value is never read.
app/api/health/route.ts(1,46): error TS6133: 'logDebug' is declared but its value is never read.
app/api/health/route.ts(1,56): error TS6133: 'logApi' is declared but its value is never read.
app/api/health/route.ts(1,64): error TS6133: 'logDb' is declared but its value is never read.
app/api/health/route.ts(1,71): error TS6133: 'logAuth' is declared but its value is never read.
app/api/integrations/google/calendar/callback/route.ts(2,1): error TS6133: 'verifyAuth' is declared but its value is never read.
app/api/integrations/google/calendar/callback/route.ts(3,20): error TS6133: 'logInfo' is declared but its value is never read.
app/api/integrations/google/calendar/route.ts(336,40): error TS2769: No overload matches this call.
  Overload 1 of 4, '(value: string | number | Date): Date', gave the following error.
    Argument of type 'string | undefined' is not assignable to parameter of type 'string | number | Date'.
      Type 'undefined' is not assignable to type 'string | number | Date'.
  Overload 2 of 4, '(value: string | number): Date', gave the following error.
    Argument of type 'string | undefined' is not assignable to parameter of type 'string | number'.
      Type 'undefined' is not assignable to type 'string | number'.
app/api/integrations/google/calendar/route.ts(340,40): error TS2769: No overload matches this call.
  Overload 1 of 4, '(value: string | number | Date): Date', gave the following error.
    Argument of type 'string | undefined' is not assignable to parameter of type 'string | number | Date'.
      Type 'undefined' is not assignable to type 'string | number | Date'.
  Overload 2 of 4, '(value: string | number): Date', gave the following error.
    Argument of type 'string | undefined' is not assignable to parameter of type 'string | number'.
      Type 'undefined' is not assignable to type 'string | number'.
app/api/integrations/payment-providers/[provider]/sync/route.ts(12,3): error TS6133: 'request' is declared but its value is never read.
app/api/integrations/social-media/[platform]/sync/route.ts(15,3): error TS6133: 'request' is declared but its value is never read.
app/api/integrations/stripe/connect/route.ts(139,13): error TS6133: 'redirectUri' is declared but its value is never read.
app/api/intelligence/[id]/process/route.ts(1,10): error TS6133: 'logger' is declared but its value is never read.
app/api/intelligence/[id]/process/route.ts(1,28): error TS6133: 'logWarn' is declared but its value is never read.
app/api/intelligence/[id]/process/route.ts(1,37): error TS6133: 'logInfo' is declared but its value is never read.
app/api/intelligence/[id]/process/route.ts(1,46): error TS6133: 'logDebug' is declared but its value is never read.
app/api/intelligence/[id]/process/route.ts(1,56): error TS6133: 'logApi' is declared but its value is never read.
app/api/intelligence/[id]/process/route.ts(1,64): error TS6133: 'logDb' is declared but its value is never read.
app/api/intelligence/[id]/process/route.ts(1,71): error TS6133: 'logAuth' is declared but its value is never read.
app/api/intelligence/[id]/route.ts(1,10): error TS6133: 'logger' is declared but its value is never read.
app/api/intelligence/[id]/route.ts(1,28): error TS6133: 'logWarn' is declared but its value is never read.
app/api/intelligence/[id]/route.ts(1,37): error TS6133: 'logInfo' is declared but its value is never read.
app/api/intelligence/[id]/route.ts(1,46): error TS6133: 'logDebug' is declared but its value is never read.
app/api/intelligence/[id]/route.ts(1,56): error TS6133: 'logApi' is declared but its value is never read.
app/api/intelligence/[id]/route.ts(1,64): error TS6133: 'logDb' is declared but its value is never read.
app/api/intelligence/[id]/route.ts(1,71): error TS6133: 'logAuth' is declared but its value is never read.
app/api/intelligence/[id]/route.ts(48,3): error TS6133: 'request' is declared but its value is never read.
app/api/intelligence/[id]/route.ts(248,3): error TS6133: 'request' is declared but its value is never read.
app/api/intelligence/analyze/route.ts(1,10): error TS6133: 'logger' is declared but its value is never read.
app/api/intelligence/analyze/route.ts(1,37): error TS6133: 'logInfo' is declared but its value is never read.
app/api/intelligence/analyze/route.ts(1,46): error TS6133: 'logDebug' is declared but its value is never read.
app/api/intelligence/analyze/route.ts(1,56): error TS6133: 'logApi' is declared but its value is never read.
app/api/intelligence/analyze/route.ts(1,64): error TS6133: 'logDb' is declared but its value is never read.
app/api/intelligence/analyze/route.ts(1,71): error TS6133: 'logAuth' is declared but its value is never read.
app/api/intelligence/analyze/route.ts(8,28): error TS6133: 'gte' is declared but its value is never read.
app/api/intelligence/analyze/route.ts(8,33): error TS6133: 'desc' is declared but its value is never read.
app/api/intelligence/analyze/route.ts(14,3): error TS6196: 'IntelligenceData' is declared but never used.
app/api/intelligence/briefings/agents/blaze/route.ts(1,10): error TS6133: 'logger' is declared but its value is never read.
app/api/intelligence/briefings/agents/blaze/route.ts(1,28): error TS6133: 'logWarn' is declared but its value is never read.
app/api/intelligence/briefings/agents/blaze/route.ts(1,37): error TS6133: 'logInfo' is declared but its value is never read.
app/api/intelligence/briefings/agents/blaze/route.ts(1,46): error TS6133: 'logDebug' is declared but its value is never read.
app/api/intelligence/briefings/agents/blaze/route.ts(1,56): error TS6133: 'logApi' is declared but its value is never read.
app/api/intelligence/briefings/agents/blaze/route.ts(1,64): error TS6133: 'logDb' is declared but its value is never read.
app/api/intelligence/briefings/agents/blaze/route.ts(1,71): error TS6133: 'logAuth' is declared but its value is never read.
app/api/intelligence/briefings/agents/collaborative/route.ts(1,10): error TS6133: 'logger' is declared but its value is never read.
app/api/intelligence/briefings/agents/collaborative/route.ts(1,28): error TS6133: 'logWarn' is declared but its value is never read.
app/api/intelligence/briefings/agents/collaborative/route.ts(1,37): error TS6133: 'logInfo' is declared but its value is never read.
app/api/intelligence/briefings/agents/collaborative/route.ts(1,46): error TS6133: 'logDebug' is declared but its value is never read.
app/api/intelligence/briefings/agents/collaborative/route.ts(1,56): error TS6133: 'logApi' is declared but its value is never read.
app/api/intelligence/briefings/agents/collaborative/route.ts(1,64): error TS6133: 'logDb' is declared but its value is never read.
app/api/intelligence/briefings/agents/collaborative/route.ts(1,71): error TS6133: 'logAuth' is declared but its value is never read.
app/api/intelligence/briefings/agents/echo/route.ts(1,10): error TS6133: 'logger' is declared but its value is never read.
app/api/intelligence/briefings/agents/echo/route.ts(1,28): error TS6133: 'logWarn' is declared but its value is never read.
app/api/intelligence/briefings/agents/echo/route.ts(1,37): error TS6133: 'logInfo' is declared but its value is never read.
app/api/intelligence/briefings/agents/echo/route.ts(1,46): error TS6133: 'logDebug' is declared but its value is never read.
app/api/intelligence/briefings/agents/echo/route.ts(1,56): error TS6133: 'logApi' is declared but its value is never read.
app/api/intelligence/briefings/agents/echo/route.ts(1,64): error TS6133: 'logDb' is declared but its value is never read.
app/api/intelligence/briefings/agents/echo/route.ts(1,71): error TS6133: 'logAuth' is declared but its value is never read.
app/api/intelligence/briefings/agents/lexi/route.ts(1,10): error TS6133: 'logger' is declared but its value is never read.
app/api/intelligence/briefings/agents/lexi/route.ts(1,28): error TS6133: 'logWarn' is declared but its value is never read.
app/api/intelligence/briefings/agents/lexi/route.ts(1,37): error TS6133: 'logInfo' is declared but its value is never read.
app/api/intelligence/briefings/agents/lexi/route.ts(1,46): error TS6133: 'logDebug' is declared but its value is never read.
app/api/intelligence/briefings/agents/lexi/route.ts(1,56): error TS6133: 'logApi' is declared but its value is never read.
app/api/intelligence/briefings/agents/lexi/route.ts(1,64): error TS6133: 'logDb' is declared but its value is never read.
app/api/intelligence/briefings/agents/lexi/route.ts(1,71): error TS6133: 'logAuth' is declared but its value is never read.
app/api/intelligence/briefings/agents/nova/route.ts(1,10): error TS6133: 'logger' is declared but its value is never read.
app/api/intelligence/briefings/agents/nova/route.ts(1,28): error TS6133: 'logWarn' is declared but its value is never read.
app/api/intelligence/briefings/agents/nova/route.ts(1,37): error TS6133: 'logInfo' is declared but its value is never read.
app/api/intelligence/briefings/agents/nova/route.ts(1,46): error TS6133: 'logDebug' is declared but its value is never read.
app/api/intelligence/briefings/agents/nova/route.ts(1,56): error TS6133: 'logApi' is declared but its value is never read.
app/api/intelligence/briefings/agents/nova/route.ts(1,64): error TS6133: 'logDb' is declared but its value is never read.
app/api/intelligence/briefings/agents/nova/route.ts(1,71): error TS6133: 'logAuth' is declared but its value is never read.
app/api/intelligence/briefings/agents/route.ts(1,10): error TS6133: 'logger' is declared but its value is never read.
app/api/intelligence/briefings/agents/route.ts(1,28): error TS6133: 'logWarn' is declared but its value is never read.
app/api/intelligence/briefings/agents/route.ts(1,37): error TS6133: 'logInfo' is declared but its value is never read.
app/api/intelligence/briefings/agents/route.ts(1,46): error TS6133: 'logDebug' is declared but its value is never read.
app/api/intelligence/briefings/agents/route.ts(1,56): error TS6133: 'logApi' is declared but its value is never read.
app/api/intelligence/briefings/agents/route.ts(1,64): error TS6133: 'logDb' is declared but its value is never read.
app/api/intelligence/briefings/agents/route.ts(1,71): error TS6133: 'logAuth' is declared but its value is never read.
app/api/intelligence/briefings/daily/route.ts(1,10): error TS6133: 'logger' is declared but its value is never read.
app/api/intelligence/briefings/daily/route.ts(1,28): error TS6133: 'logWarn' is declared but its value is never read.
app/api/intelligence/briefings/daily/route.ts(1,37): error TS6133: 'logInfo' is declared but its value is never read.
app/api/intelligence/briefings/daily/route.ts(1,46): error TS6133: 'logDebug' is declared but its value is never read.
app/api/intelligence/briefings/daily/route.ts(1,56): error TS6133: 'logApi' is declared but its value is never read.
app/api/intelligence/briefings/daily/route.ts(1,64): error TS6133: 'logDb' is declared but its value is never read.
app/api/intelligence/briefings/daily/route.ts(1,71): error TS6133: 'logAuth' is declared but its value is never read.
app/api/intelligence/briefings/monthly/route.ts(1,10): error TS6133: 'logger' is declared but its value is never read.
app/api/intelligence/briefings/monthly/route.ts(1,28): error TS6133: 'logWarn' is declared but its value is never read.
app/api/intelligence/briefings/monthly/route.ts(1,37): error TS6133: 'logInfo' is declared but its value is never read.
app/api/intelligence/briefings/monthly/route.ts(1,46): error TS6133: 'logDebug' is declared but its value is never read.
app/api/intelligence/briefings/monthly/route.ts(1,56): error TS6133: 'logApi' is declared but its value is never read.
app/api/intelligence/briefings/monthly/route.ts(1,64): error TS6133: 'logDb' is declared but its value is never read.
app/api/intelligence/briefings/monthly/route.ts(1,71): error TS6133: 'logAuth' is declared but its value is never read.
app/api/intelligence/briefings/route.ts(1,10): error TS6133: 'logger' is declared but its value is never read.
app/api/intelligence/briefings/route.ts(1,28): error TS6133: 'logWarn' is declared but its value is never read.
app/api/intelligence/briefings/route.ts(1,37): error TS6133: 'logInfo' is declared but its value is never read.
app/api/intelligence/briefings/route.ts(1,46): error TS6133: 'logDebug' is declared but its value is never read.
app/api/intelligence/briefings/route.ts(1,56): error TS6133: 'logApi' is declared but its value is never read.
app/api/intelligence/briefings/route.ts(1,64): error TS6133: 'logDb' is declared but its value is never read.
app/api/intelligence/briefings/route.ts(1,71): error TS6133: 'logAuth' is declared but its value is never read.
app/api/intelligence/briefings/route.ts(53,50): error TS6133: 'customization' is declared but its value is never read.
app/api/intelligence/briefings/weekly/route.ts(1,10): error TS6133: 'logger' is declared but its value is never read.
app/api/intelligence/briefings/weekly/route.ts(1,28): error TS6133: 'logWarn' is declared but its value is never read.
app/api/intelligence/briefings/weekly/route.ts(1,37): error TS6133: 'logInfo' is declared but its value is never read.
app/api/intelligence/briefings/weekly/route.ts(1,46): error TS6133: 'logDebug' is declared but its value is never read.
app/api/intelligence/briefings/weekly/route.ts(1,56): error TS6133: 'logApi' is declared but its value is never read.
app/api/intelligence/briefings/weekly/route.ts(1,64): error TS6133: 'logDb' is declared but its value is never read.
app/api/intelligence/briefings/weekly/route.ts(1,71): error TS6133: 'logAuth' is declared but its value is never read.
app/api/intelligence/export/route.ts(1,10): error TS6133: 'logger' is declared but its value is never read.
app/api/intelligence/export/route.ts(1,28): error TS6133: 'logWarn' is declared but its value is never read.
app/api/intelligence/export/route.ts(1,37): error TS6133: 'logInfo' is declared but its value is never read.
app/api/intelligence/export/route.ts(1,46): error TS6133: 'logDebug' is declared but its value is never read.
app/api/intelligence/export/route.ts(1,56): error TS6133: 'logApi' is declared but its value is never read.
app/api/intelligence/export/route.ts(1,64): error TS6133: 'logDb' is declared but its value is never read.
app/api/intelligence/export/route.ts(1,71): error TS6133: 'logAuth' is declared but its value is never read.
app/api/intelligence/export/route.ts(13,3): error TS6196: 'SourceType' is declared but never used.
app/api/intelligence/export/route.ts(14,3): error TS6196: 'ImportanceLevel' is declared but never used.
app/api/intelligence/route.ts(1,10): error TS6133: 'logger' is declared but its value is never read.
app/api/intelligence/route.ts(1,28): error TS6133: 'logWarn' is declared but its value is never read.
app/api/intelligence/route.ts(1,37): error TS6133: 'logInfo' is declared but its value is never read.
app/api/intelligence/route.ts(1,46): error TS6133: 'logDebug' is declared but its value is never read.
app/api/intelligence/route.ts(1,56): error TS6133: 'logApi' is declared but its value is never read.
app/api/intelligence/route.ts(1,64): error TS6133: 'logDb' is declared but its value is never read.
app/api/intelligence/route.ts(1,71): error TS6133: 'logAuth' is declared but its value is never read.
app/api/intelligence/route.ts(14,3): error TS6196: 'IntelligenceData' is declared but never used.
app/api/intelligence/route.ts(15,3): error TS6196: 'IntelligenceFilters' is declared but never used.
app/api/intelligence/saved-searches/[id]/route.ts(1,10): error TS6133: 'logger' is declared but its value is never read.
app/api/intelligence/saved-searches/[id]/route.ts(1,28): error TS6133: 'logWarn' is declared but its value is never read.
app/api/intelligence/saved-searches/[id]/route.ts(1,37): error TS6133: 'logInfo' is declared but its value is never read.
app/api/intelligence/saved-searches/[id]/route.ts(1,46): error TS6133: 'logDebug' is declared but its value is never read.
app/api/intelligence/saved-searches/[id]/route.ts(1,56): error TS6133: 'logApi' is declared but its value is never read.
app/api/intelligence/saved-searches/[id]/route.ts(1,64): error TS6133: 'logDb' is declared but its value is never read.
app/api/intelligence/saved-searches/[id]/route.ts(1,71): error TS6133: 'logAuth' is declared but its value is never read.
app/api/intelligence/saved-searches/[id]/route.ts(45,3): error TS6133: 'request' is declared but its value is never read.
app/api/intelligence/saved-searches/route.ts(1,10): error TS6133: 'logger' is declared but its value is never read.
app/api/intelligence/saved-searches/route.ts(1,28): error TS6133: 'logWarn' is declared but its value is never read.
app/api/intelligence/saved-searches/route.ts(1,37): error TS6133: 'logInfo' is declared but its value is never read.
app/api/intelligence/saved-searches/route.ts(1,46): error TS6133: 'logDebug' is declared but its value is never read.
app/api/intelligence/saved-searches/route.ts(1,56): error TS6133: 'logApi' is declared but its value is never read.
app/api/intelligence/saved-searches/route.ts(1,64): error TS6133: 'logDb' is declared but its value is never read.
app/api/intelligence/saved-searches/route.ts(1,71): error TS6133: 'logAuth' is declared but its value is never read.
app/api/intelligence/saved-searches/route.ts(44,7): error TS6133: '_SavedSearchUpdateSchema' is declared but its value is never read.
app/api/intelligence/search/route.ts(1,10): error TS6133: 'logger' is declared but its value is never read.
app/api/intelligence/search/route.ts(1,28): error TS6133: 'logWarn' is declared but its value is never read.
app/api/intelligence/search/route.ts(1,37): error TS6133: 'logInfo' is declared but its value is never read.
app/api/intelligence/search/route.ts(1,46): error TS6133: 'logDebug' is declared but its value is never read.
app/api/intelligence/search/route.ts(1,56): error TS6133: 'logApi' is declared but its value is never read.
app/api/intelligence/search/route.ts(1,64): error TS6133: 'logDb' is declared but its value is never read.
app/api/intelligence/search/route.ts(1,71): error TS6133: 'logAuth' is declared but its value is never read.
app/api/intelligence/search/route.ts(13,3): error TS6196: 'IntelligenceData' is declared but never used.
app/api/intelligence/tags/route.ts(1,10): error TS6133: 'logger' is declared but its value is never read.
app/api/intelligence/tags/route.ts(1,28): error TS6133: 'logWarn' is declared but its value is never read.
app/api/intelligence/tags/route.ts(1,37): error TS6133: 'logInfo' is declared but its value is never read.
app/api/intelligence/tags/route.ts(1,46): error TS6133: 'logDebug' is declared but its value is never read.
app/api/intelligence/tags/route.ts(1,56): error TS6133: 'logApi' is declared but its value is never read.
app/api/intelligence/tags/route.ts(1,64): error TS6133: 'logDb' is declared but its value is never read.
app/api/intelligence/tags/route.ts(1,71): error TS6133: 'logAuth' is declared but its value is never read.
app/api/learning/paths/[id]/route.ts(6,3): error TS6133: 'req' is declared but its value is never read.
app/api/learning/progress/route.ts(11,27): error TS6133: 'req' is declared but its value is never read.
app/api/learning/route.ts(23,47): error TS2554: Expected 0 arguments, but got 1.
app/api/learning/route.ts(27,48): error TS2339: Property 'analyzeSkillGaps' does not exist on type 'LearningEngine'.
app/api/learning/route.ts(31,54): error TS2339: Property 'getPersonalizedRecommendations' does not exist on type 'LearningEngine'.
app/api/learning/route.ts(35,47): error TS2576: Property 'getUserProgress' does not exist on type 'LearningEngine'. Did you mean to access the static member 'LearningEngine.getUserProgress' instead?
app/api/learning/route.ts(39,48): error TS2576: Property 'getLearningAnalytics' does not exist on type 'LearningEngine'. Did you mean to access the static member 'LearningEngine.getLearningAnalytics' instead?
app/api/learning/route.ts(65,47): error TS2554: Expected 0 arguments, but got 1.
app/api/learning/route.ts(69,30): error TS2339: Property 'trackProgress' does not exist on type 'LearningEngine'.
app/api/learning/route.ts(73,30): error TS2339: Property 'createSkillAssessment' does not exist on type 'LearningEngine'.
app/api/learning/skills/route.ts(2,1): error TS6133: 'neon' is declared but its value is never read.
app/api/learning/skills/route.ts(5,29): error TS6133: 'safeDbQuery' is declared but its value is never read.
app/api/notifications/jobs/cleanup/route.ts(1,10): error TS6133: 'logger' is declared but its value is never read.
app/api/notifications/jobs/cleanup/route.ts(1,28): error TS6133: 'logWarn' is declared but its value is never read.
app/api/notifications/jobs/cleanup/route.ts(1,37): error TS6133: 'logInfo' is declared but its value is never read.
app/api/notifications/jobs/cleanup/route.ts(1,46): error TS6133: 'logDebug' is declared but its value is never read.
app/api/notifications/jobs/cleanup/route.ts(1,56): error TS6133: 'logApi' is declared but its value is never read.
app/api/notifications/jobs/cleanup/route.ts(1,64): error TS6133: 'logDb' is declared but its value is never read.
app/api/notifications/jobs/cleanup/route.ts(1,71): error TS6133: 'logAuth' is declared but its value is never read.
app/api/notifications/jobs/cleanup/route.ts(34,31): error TS2345: Argument of type 'string | null | undefined' is not assignable to parameter of type 'string'.
  Type 'undefined' is not assignable to type 'string'.
app/api/notifications/jobs/route.ts(1,10): error TS6133: 'logger' is declared but its value is never read.
app/api/notifications/jobs/route.ts(1,28): error TS6133: 'logWarn' is declared but its value is never read.
app/api/notifications/jobs/route.ts(1,37): error TS6133: 'logInfo' is declared but its value is never read.
app/api/notifications/jobs/route.ts(1,46): error TS6133: 'logDebug' is declared but its value is never read.
app/api/notifications/jobs/route.ts(1,56): error TS6133: 'logApi' is declared but its value is never read.
app/api/notifications/jobs/route.ts(1,64): error TS6133: 'logDb' is declared but its value is never read.
app/api/notifications/jobs/route.ts(1,71): error TS6133: 'logAuth' is declared but its value is never read.
app/api/notifications/jobs/route.ts(62,31): error TS2345: Argument of type 'string | null | undefined' is not assignable to parameter of type 'string'.
  Type 'undefined' is not assignable to type 'string'.
app/api/notifications/jobs/route.ts(114,32): error TS2345: Argument of type 'string | null | undefined' is not assignable to parameter of type 'string'.
  Type 'undefined' is not assignable to type 'string'.
app/api/notifications/jobs/route.ts(200,32): error TS2345: Argument of type 'string | null | undefined' is not assignable to parameter of type 'string'.
  Type 'undefined' is not assignable to type 'string'.
app/api/notifications/jobs/stats/route.ts(1,10): error TS6133: 'logger' is declared but its value is never read.
app/api/notifications/jobs/stats/route.ts(1,28): error TS6133: 'logWarn' is declared but its value is never read.
app/api/notifications/jobs/stats/route.ts(1,37): error TS6133: 'logInfo' is declared but its value is never read.
app/api/notifications/jobs/stats/route.ts(1,46): error TS6133: 'logDebug' is declared but its value is never read.
app/api/notifications/jobs/stats/route.ts(1,56): error TS6133: 'logApi' is declared but its value is never read.
app/api/notifications/jobs/stats/route.ts(1,64): error TS6133: 'logDb' is declared but its value is never read.
app/api/notifications/jobs/stats/route.ts(1,71): error TS6133: 'logAuth' is declared but its value is never read.
app/api/notifications/jobs/stats/route.ts(31,42): error TS2345: Argument of type 'string | null | undefined' is not assignable to parameter of type 'string'.
  Type 'undefined' is not assignable to type 'string'.
app/api/notifications/preferences/route.ts(1,10): error TS6133: 'logger' is declared but its value is never read.
app/api/notifications/preferences/route.ts(1,28): error TS6133: 'logWarn' is declared but its value is never read.
app/api/notifications/preferences/route.ts(1,37): error TS6133: 'logInfo' is declared but its value is never read.
app/api/notifications/preferences/route.ts(1,46): error TS6133: 'logDebug' is declared but its value is never read.
app/api/notifications/preferences/route.ts(1,56): error TS6133: 'logApi' is declared but its value is never read.
app/api/notifications/preferences/route.ts(1,64): error TS6133: 'logDb' is declared but its value is never read.
app/api/notifications/preferences/route.ts(1,71): error TS6133: 'logAuth' is declared but its value is never read.
app/api/notifications/preferences/route.ts(6,1): error TS6133: 'AlertType' is declared but its value is never read.
app/api/notifications/processor/route.ts(1,10): error TS6133: 'logger' is declared but its value is never read.
app/api/notifications/processor/route.ts(1,28): error TS6133: 'logWarn' is declared but its value is never read.
app/api/notifications/processor/route.ts(1,37): error TS6133: 'logInfo' is declared but its value is never read.
app/api/notifications/processor/route.ts(1,46): error TS6133: 'logDebug' is declared but its value is never read.
app/api/notifications/processor/route.ts(1,56): error TS6133: 'logApi' is declared but its value is never read.
app/api/notifications/processor/route.ts(1,64): error TS6133: 'logDb' is declared but its value is never read.
app/api/notifications/processor/route.ts(1,71): error TS6133: 'logAuth' is declared but its value is never read.
app/api/notifications/processor/route.ts(33,31): error TS2345: Argument of type 'string | null | undefined' is not assignable to parameter of type 'string'.
  Type 'undefined' is not assignable to type 'string'.
app/api/notifications/processor/route.ts(68,32): error TS2345: Argument of type 'string | null | undefined' is not assignable to parameter of type 'string'.
  Type 'undefined' is not assignable to type 'string'.
app/api/notifications/push-subscriptions/route.ts(1,10): error TS6133: 'logger' is declared but its value is never read.
app/api/notifications/push-subscriptions/route.ts(1,28): error TS6133: 'logWarn' is declared but its value is never read.
app/api/notifications/push-subscriptions/route.ts(1,37): error TS6133: 'logInfo' is declared but its value is never read.
app/api/notifications/push-subscriptions/route.ts(1,46): error TS6133: 'logDebug' is declared but its value is never read.
app/api/notifications/push-subscriptions/route.ts(1,56): error TS6133: 'logApi' is declared but its value is never read.
app/api/notifications/push-subscriptions/route.ts(1,64): error TS6133: 'logDb' is declared but its value is never read.
app/api/notifications/push-subscriptions/route.ts(1,71): error TS6133: 'logAuth' is declared but its value is never read.
app/api/notifications/push-subscriptions/route.ts(21,27): error TS6133: 'request' is declared but its value is never read.
app/api/notifications/send/route.ts(1,10): error TS6133: 'logger' is declared but its value is never read.
app/api/notifications/send/route.ts(1,46): error TS6133: 'logDebug' is declared but its value is never read.
app/api/notifications/send/route.ts(1,56): error TS6133: 'logApi' is declared but its value is never read.
app/api/notifications/send/route.ts(1,64): error TS6133: 'logDb' is declared but its value is never read.
app/api/notifications/send/route.ts(1,71): error TS6133: 'logAuth' is declared but its value is never read.
app/api/notifications/send/route.ts(378,15): error TS6133: 'notificationRequest' is declared but its value is never read.
app/api/notifications/subscribe/route.ts(1,10): error TS6133: 'logger' is declared but its value is never read.
app/api/notifications/subscribe/route.ts(1,28): error TS6133: 'logWarn' is declared but its value is never read.
app/api/notifications/subscribe/route.ts(1,46): error TS6133: 'logDebug' is declared but its value is never read.
app/api/notifications/subscribe/route.ts(1,56): error TS6133: 'logApi' is declared but its value is never read.
app/api/notifications/subscribe/route.ts(1,64): error TS6133: 'logDb' is declared but its value is never read.
app/api/notifications/subscribe/route.ts(1,71): error TS6133: 'logAuth' is declared but its value is never read.
app/api/notifications/test/route.ts(1,10): error TS6133: 'logger' is declared but its value is never read.
app/api/notifications/test/route.ts(1,28): error TS6133: 'logWarn' is declared but its value is never read.
app/api/notifications/test/route.ts(1,37): error TS6133: 'logInfo' is declared but its value is never read.
app/api/notifications/test/route.ts(1,46): error TS6133: 'logDebug' is declared but its value is never read.
app/api/notifications/test/route.ts(1,56): error TS6133: 'logApi' is declared but its value is never read.
app/api/notifications/test/route.ts(1,64): error TS6133: 'logDb' is declared but its value is never read.
app/api/notifications/test/route.ts(1,71): error TS6133: 'logAuth' is declared but its value is never read.
app/api/notifications/unsubscribe/route.ts(1,10): error TS6133: 'logger' is declared but its value is never read.
app/api/notifications/unsubscribe/route.ts(1,28): error TS6133: 'logWarn' is declared but its value is never read.
app/api/notifications/unsubscribe/route.ts(1,46): error TS6133: 'logDebug' is declared but its value is never read.
app/api/notifications/unsubscribe/route.ts(1,56): error TS6133: 'logApi' is declared but its value is never read.
app/api/notifications/unsubscribe/route.ts(1,64): error TS6133: 'logDb' is declared but its value is never read.
app/api/notifications/unsubscribe/route.ts(1,71): error TS6133: 'logAuth' is declared but its value is never read.
app/api/onboarding/generate-plan/route.ts(7,19): error TS6133: 'logError' is declared but its value is never read.
app/api/opportunities/[id]/actions/[actionId]/route.ts(1,10): error TS6133: 'logger' is declared but its value is never read.
app/api/opportunities/[id]/actions/[actionId]/route.ts(1,28): error TS6133: 'logWarn' is declared but its value is never read.
app/api/opportunities/[id]/actions/[actionId]/route.ts(1,37): error TS6133: 'logInfo' is declared but its value is never read.
app/api/opportunities/[id]/actions/[actionId]/route.ts(1,46): error TS6133: 'logDebug' is declared but its value is never read.
app/api/opportunities/[id]/actions/[actionId]/route.ts(1,56): error TS6133: 'logApi' is declared but its value is never read.
app/api/opportunities/[id]/actions/[actionId]/route.ts(1,64): error TS6133: 'logDb' is declared but its value is never read.
app/api/opportunities/[id]/actions/[actionId]/route.ts(1,71): error TS6133: 'logAuth' is declared but its value is never read.
app/api/opportunities/[id]/actions/route.ts(1,10): error TS6133: 'logger' is declared but its value is never read.
app/api/opportunities/[id]/actions/route.ts(1,28): error TS6133: 'logWarn' is declared but its value is never read.
app/api/opportunities/[id]/actions/route.ts(1,37): error TS6133: 'logInfo' is declared but its value is never read.
app/api/opportunities/[id]/actions/route.ts(1,46): error TS6133: 'logDebug' is declared but its value is never read.
app/api/opportunities/[id]/actions/route.ts(1,56): error TS6133: 'logApi' is declared but its value is never read.
app/api/opportunities/[id]/actions/route.ts(1,64): error TS6133: 'logDb' is declared but its value is never read.
app/api/opportunities/[id]/actions/route.ts(1,71): error TS6133: 'logAuth' is declared but its value is never read.
app/api/opportunities/[id]/actions/route.ts(28,7): error TS6133: '_updateActionSchema' is declared but its value is never read.
app/api/opportunities/[id]/metrics/route.ts(1,10): error TS6133: 'logger' is declared but its value is never read.
app/api/opportunities/[id]/metrics/route.ts(1,28): error TS6133: 'logWarn' is declared but its value is never read.
app/api/opportunities/[id]/metrics/route.ts(1,37): error TS6133: 'logInfo' is declared but its value is never read.
app/api/opportunities/[id]/metrics/route.ts(1,46): error TS6133: 'logDebug' is declared but its value is never read.
app/api/opportunities/[id]/metrics/route.ts(1,56): error TS6133: 'logApi' is declared but its value is never read.
app/api/opportunities/[id]/metrics/route.ts(1,64): error TS6133: 'logDb' is declared but its value is never read.
app/api/opportunities/[id]/metrics/route.ts(1,71): error TS6133: 'logAuth' is declared but its value is never read.
app/api/opportunities/[id]/route.ts(1,10): error TS6133: 'logger' is declared but its value is never read.
app/api/opportunities/[id]/route.ts(1,28): error TS6133: 'logWarn' is declared but its value is never read.
app/api/opportunities/[id]/route.ts(1,37): error TS6133: 'logInfo' is declared but its value is never read.
app/api/opportunities/[id]/route.ts(1,46): error TS6133: 'logDebug' is declared but its value is never read.
app/api/opportunities/[id]/route.ts(1,56): error TS6133: 'logApi' is declared but its value is never read.
app/api/opportunities/[id]/route.ts(1,64): error TS6133: 'logDb' is declared but its value is never read.
app/api/opportunities/[id]/route.ts(1,71): error TS6133: 'logAuth' is declared but its value is never read.
app/api/opportunities/analytics/route.ts(1,10): error TS6133: 'logger' is declared but its value is never read.
app/api/opportunities/analytics/route.ts(1,28): error TS6133: 'logWarn' is declared but its value is never read.
app/api/opportunities/analytics/route.ts(1,37): error TS6133: 'logInfo' is declared but its value is never read.
app/api/opportunities/analytics/route.ts(1,46): error TS6133: 'logDebug' is declared but its value is never read.
app/api/opportunities/analytics/route.ts(1,56): error TS6133: 'logApi' is declared but its value is never read.
app/api/opportunities/analytics/route.ts(1,64): error TS6133: 'logDb' is declared but its value is never read.
app/api/opportunities/analytics/route.ts(1,71): error TS6133: 'logAuth' is declared but its value is never read.
app/api/opportunities/route.ts(1,10): error TS6133: 'logger' is declared but its value is never read.
app/api/opportunities/route.ts(1,28): error TS6133: 'logWarn' is declared but its value is never read.
app/api/opportunities/route.ts(1,37): error TS6133: 'logInfo' is declared but its value is never read.
app/api/opportunities/route.ts(1,46): error TS6133: 'logDebug' is declared but its value is never read.
app/api/opportunities/route.ts(1,56): error TS6133: 'logApi' is declared but its value is never read.
app/api/opportunities/route.ts(1,64): error TS6133: 'logDb' is declared but its value is never read.
app/api/opportunities/route.ts(1,71): error TS6133: 'logAuth' is declared but its value is never read.
app/api/opportunities/route.ts(6,1): error TS6133: 'competitiveOpportunityDetector' is declared but its value is never read.
app/api/preferences/route.ts(1,10): error TS6133: 'logger' is declared but its value is never read.
app/api/preferences/route.ts(1,28): error TS6133: 'logWarn' is declared but its value is never read.
app/api/preferences/route.ts(1,37): error TS6133: 'logInfo' is declared but its value is never read.
app/api/preferences/route.ts(1,46): error TS6133: 'logDebug' is declared but its value is never read.
app/api/preferences/route.ts(1,56): error TS6133: 'logApi' is declared but its value is never read.
app/api/preferences/route.ts(1,64): error TS6133: 'logDb' is declared but its value is never read.
app/api/preferences/route.ts(1,71): error TS6133: 'logAuth' is declared but its value is never read.
app/api/profile/route.ts(5,10): error TS6133: 'logger' is declared but its value is never read.
app/api/projects/route.ts(1,10): error TS6133: 'logger' is declared but its value is never read.
app/api/projects/route.ts(1,28): error TS6133: 'logWarn' is declared but its value is never read.
app/api/projects/route.ts(1,37): error TS6133: 'logInfo' is declared but its value is never read.
app/api/projects/route.ts(1,46): error TS6133: 'logDebug' is declared but its value is never read.
app/api/projects/route.ts(1,56): error TS6133: 'logApi' is declared but its value is never read.
app/api/projects/route.ts(1,64): error TS6133: 'logDb' is declared but its value is never read.
app/api/projects/route.ts(1,71): error TS6133: 'logAuth' is declared but its value is never read.
app/api/recaptcha/validate/route.ts(1,10): error TS6133: 'logger' is declared but its value is never read.
app/api/recaptcha/validate/route.ts(1,46): error TS6133: 'logDebug' is declared but its value is never read.
app/api/recaptcha/validate/route.ts(1,56): error TS6133: 'logApi' is declared but its value is never read.
app/api/recaptcha/validate/route.ts(1,64): error TS6133: 'logDb' is declared but its value is never read.
app/api/recaptcha/validate/route.ts(1,71): error TS6133: 'logAuth' is declared but its value is never read.
app/api/recaptcha/validate/route.ts(3,28): error TS6133: 'validateRecaptcha' is declared but its value is never read.
app/api/scraping/failures/route.ts(5,14): error TS6133: 'and' is declared but its value is never read.
app/api/scraping/failures/route.ts(17,26): error TS2345: Argument of type 'string | null | undefined' is not assignable to parameter of type 'string'.
  Type 'undefined' is not assignable to type 'string'.
app/api/scraping/jobs/[jobId]/route.ts(1,10): error TS6133: 'logger' is declared but its value is never read.
app/api/scraping/jobs/[jobId]/route.ts(1,28): error TS6133: 'logWarn' is declared but its value is never read.
app/api/scraping/jobs/[jobId]/route.ts(1,37): error TS6133: 'logInfo' is declared but its value is never read.
app/api/scraping/jobs/[jobId]/route.ts(1,46): error TS6133: 'logDebug' is declared but its value is never read.
app/api/scraping/jobs/[jobId]/route.ts(1,56): error TS6133: 'logApi' is declared but its value is never read.
app/api/scraping/jobs/[jobId]/route.ts(1,64): error TS6133: 'logDb' is declared but its value is never read.
app/api/scraping/jobs/[jobId]/route.ts(1,71): error TS6133: 'logAuth' is declared but its value is never read.
app/api/scraping/metrics/route.ts(1,10): error TS6133: 'logger' is declared but its value is never read.
app/api/scraping/metrics/route.ts(1,28): error TS6133: 'logWarn' is declared but its value is never read.
app/api/scraping/metrics/route.ts(1,37): error TS6133: 'logInfo' is declared but its value is never read.
app/api/scraping/metrics/route.ts(1,46): error TS6133: 'logDebug' is declared but its value is never read.
app/api/scraping/metrics/route.ts(1,56): error TS6133: 'logApi' is declared but its value is never read.
app/api/scraping/metrics/route.ts(1,64): error TS6133: 'logDb' is declared but its value is never read.
app/api/scraping/metrics/route.ts(1,71): error TS6133: 'logAuth' is declared but its value is never read.
app/api/scraping/metrics/route.ts(39,31): error TS2345: Argument of type 'string | null | undefined' is not assignable to parameter of type 'string'.
  Type 'undefined' is not assignable to type 'string'.
app/api/shared/[shareId]/route.ts(1,10): error TS6133: 'logger' is declared but its value is never read.
app/api/shared/[shareId]/route.ts(1,28): error TS6133: 'logWarn' is declared but its value is never read.
app/api/shared/[shareId]/route.ts(1,37): error TS6133: 'logInfo' is declared but its value is never read.
app/api/shared/[shareId]/route.ts(1,46): error TS6133: 'logDebug' is declared but its value is never read.
app/api/shared/[shareId]/route.ts(1,56): error TS6133: 'logApi' is declared but its value is never read.
app/api/shared/[shareId]/route.ts(1,64): error TS6133: 'logDb' is declared but its value is never read.
app/api/shared/[shareId]/route.ts(1,71): error TS6133: 'logAuth' is declared but its value is never read.
app/api/shared/[shareId]/route.ts(17,11): error TS6133: 'db' is declared but its value is never read.
app/api/shared/[shareId]/route.ts(108,11): error TS6133: 'db' is declared but its value is never read.
app/api/stripe/billing-portal/route.ts(1,10): error TS6133: 'logger' is declared but its value is never read.
app/api/stripe/billing-portal/route.ts(1,28): error TS6133: 'logWarn' is declared but its value is never read.
app/api/stripe/billing-portal/route.ts(1,37): error TS6133: 'logInfo' is declared but its value is never read.
app/api/stripe/billing-portal/route.ts(1,46): error TS6133: 'logDebug' is declared but its value is never read.
app/api/stripe/billing-portal/route.ts(1,56): error TS6133: 'logApi' is declared but its value is never read.
app/api/stripe/billing-portal/route.ts(1,64): error TS6133: 'logDb' is declared but its value is never read.
app/api/stripe/billing-portal/route.ts(1,71): error TS6133: 'logAuth' is declared but its value is never read.
app/api/stripe/billing-portal/route.ts(33,15): error TS2339: Property 'stripe_customer_id' does not exist on type '{ id: string; role: string; address?: string | undefined; } & User'.
app/api/stripe/billing-portal/route.ts(42,12): error TS2339: Property 'stripe_customer_id' does not exist on type '{ id: string; role: string; address?: string | undefined; } & User'.
app/api/stripe/cancel-subscription/route.ts(1,10): error TS6133: 'logger' is declared but its value is never read.
app/api/stripe/cancel-subscription/route.ts(1,28): error TS6133: 'logWarn' is declared but its value is never read.
app/api/stripe/cancel-subscription/route.ts(1,37): error TS6133: 'logInfo' is declared but its value is never read.
app/api/stripe/cancel-subscription/route.ts(1,46): error TS6133: 'logDebug' is declared but its value is never read.
app/api/stripe/cancel-subscription/route.ts(1,56): error TS6133: 'logApi' is declared but its value is never read.
app/api/stripe/cancel-subscription/route.ts(1,64): error TS6133: 'logDb' is declared but its value is never read.
app/api/stripe/cancel-subscription/route.ts(1,71): error TS6133: 'logAuth' is declared but its value is never read.
app/api/stripe/create-checkout-session/route.ts(1,10): error TS6133: 'logger' is declared but its value is never read.
app/api/stripe/create-checkout-session/route.ts(1,28): error TS6133: 'logWarn' is declared but its value is never read.
app/api/stripe/create-checkout-session/route.ts(1,37): error TS6133: 'logInfo' is declared but its value is never read.
app/api/stripe/create-checkout-session/route.ts(1,46): error TS6133: 'logDebug' is declared but its value is never read.
app/api/stripe/create-checkout-session/route.ts(1,56): error TS6133: 'logApi' is declared but its value is never read.
app/api/stripe/create-checkout-session/route.ts(1,64): error TS6133: 'logDb' is declared but its value is never read.
app/api/stripe/create-checkout-session/route.ts(1,71): error TS6133: 'logAuth' is declared but its value is never read.
app/api/stripe/create-checkout-session/route.ts(6,54): error TS6133: 'STRIPE_PRICES' is declared but its value is never read.
app/api/stripe/create-checkout-session/route.ts(66,14): error TS2339: Property 'stripe_customer_id' does not exist on type '{ id: string; role: string; address?: string | undefined; } & User'.
app/api/stripe/create-checkout-session/route.ts(67,25): error TS2339: Property 'stripe_customer_id' does not exist on type '{ id: string; role: string; address?: string | undefined; } & User'.
app/api/stripe/create-checkout-session/route.ts(78,20): error TS2339: Property 'full_name' does not exist on type '{ id: string; role: string; address?: string | undefined; } & User'.
app/api/stripe/reactivate-subscription/route.ts(1,10): error TS6133: 'logger' is declared but its value is never read.
app/api/stripe/reactivate-subscription/route.ts(1,28): error TS6133: 'logWarn' is declared but its value is never read.
app/api/stripe/reactivate-subscription/route.ts(1,37): error TS6133: 'logInfo' is declared but its value is never read.
app/api/stripe/reactivate-subscription/route.ts(1,46): error TS6133: 'logDebug' is declared but its value is never read.
app/api/stripe/reactivate-subscription/route.ts(1,56): error TS6133: 'logApi' is declared but its value is never read.
app/api/stripe/reactivate-subscription/route.ts(1,64): error TS6133: 'logDb' is declared but its value is never read.
app/api/stripe/reactivate-subscription/route.ts(1,71): error TS6133: 'logAuth' is declared but its value is never read.
app/api/stripe/subscription/route.ts(1,10): error TS6133: 'logger' is declared but its value is never read.
app/api/stripe/subscription/route.ts(1,28): error TS6133: 'logWarn' is declared but its value is never read.
app/api/stripe/subscription/route.ts(1,37): error TS6133: 'logInfo' is declared but its value is never read.
app/api/stripe/subscription/route.ts(1,46): error TS6133: 'logDebug' is declared but its value is never read.
app/api/stripe/subscription/route.ts(1,56): error TS6133: 'logApi' is declared but its value is never read.
app/api/stripe/subscription/route.ts(1,64): error TS6133: 'logDb' is declared but its value is never read.
app/api/stripe/subscription/route.ts(1,71): error TS6133: 'logAuth' is declared but its value is never read.
app/api/stripe/webhook/route.ts(1,10): error TS6133: 'logger' is declared but its value is never read.
app/api/stripe/webhook/route.ts(1,28): error TS6133: 'logWarn' is declared but its value is never read.
app/api/stripe/webhook/route.ts(1,46): error TS6133: 'logDebug' is declared but its value is never read.
app/api/stripe/webhook/route.ts(1,56): error TS6133: 'logApi' is declared but its value is never read.
app/api/stripe/webhook/route.ts(1,64): error TS6133: 'logDb' is declared but its value is never read.
app/api/stripe/webhook/route.ts(1,71): error TS6133: 'logAuth' is declared but its value is never read.
app/api/surveys/exit-intent/route.ts(1,10): error TS6133: 'logger' is declared but its value is never read.
app/api/surveys/exit-intent/route.ts(1,28): error TS6133: 'logWarn' is declared but its value is never read.
app/api/surveys/exit-intent/route.ts(1,37): error TS6133: 'logInfo' is declared but its value is never read.
app/api/surveys/exit-intent/route.ts(1,56): error TS6133: 'logApi' is declared but its value is never read.
app/api/surveys/exit-intent/route.ts(1,64): error TS6133: 'logDb' is declared but its value is never read.
app/api/surveys/exit-intent/route.ts(1,71): error TS6133: 'logAuth' is declared but its value is never read.
app/api/tasks/[id]/route.ts(1,10): error TS6133: 'logger' is declared but its value is never read.
app/api/tasks/[id]/route.ts(1,28): error TS6133: 'logWarn' is declared but its value is never read.
app/api/tasks/[id]/route.ts(1,37): error TS6133: 'logInfo' is declared but its value is never read.
app/api/tasks/[id]/route.ts(1,46): error TS6133: 'logDebug' is declared but its value is never read.
app/api/tasks/[id]/route.ts(1,56): error TS6133: 'logApi' is declared but its value is never read.
app/api/tasks/[id]/route.ts(1,64): error TS6133: 'logDb' is declared but its value is never read.
app/api/tasks/[id]/route.ts(1,71): error TS6133: 'logAuth' is declared but its value is never read.
app/api/tasks/[id]/route.ts(3,1): error TS6133: 'getDb' is declared but its value is never read.
app/api/tasks/bulk-update/route.ts(1,10): error TS6133: 'logger' is declared but its value is never read.
app/api/tasks/bulk-update/route.ts(1,28): error TS6133: 'logWarn' is declared but its value is never read.
app/api/tasks/bulk-update/route.ts(1,37): error TS6133: 'logInfo' is declared but its value is never read.
app/api/tasks/bulk-update/route.ts(1,46): error TS6133: 'logDebug' is declared but its value is never read.
app/api/tasks/bulk-update/route.ts(1,56): error TS6133: 'logApi' is declared but its value is never read.
app/api/tasks/bulk-update/route.ts(1,64): error TS6133: 'logDb' is declared but its value is never read.
app/api/tasks/bulk-update/route.ts(1,71): error TS6133: 'logAuth' is declared but its value is never read.
app/api/tasks/bulk-update/route.ts(4,1): error TS6133: 'getDb' is declared but its value is never read.
app/api/tasks/intelligence/route.ts(1,10): error TS6133: 'logger' is declared but its value is never read.
app/api/tasks/intelligence/route.ts(1,28): error TS6133: 'logWarn' is declared but its value is never read.
app/api/tasks/intelligence/route.ts(1,37): error TS6133: 'logInfo' is declared but its value is never read.
app/api/tasks/intelligence/route.ts(1,46): error TS6133: 'logDebug' is declared but its value is never read.
app/api/tasks/intelligence/route.ts(1,56): error TS6133: 'logApi' is declared but its value is never read.
app/api/tasks/intelligence/route.ts(1,64): error TS6133: 'logDb' is declared but its value is never read.
app/api/tasks/intelligence/route.ts(1,71): error TS6133: 'logAuth' is declared but its value is never read.
app/api/tasks/intelligence/route.ts(4,1): error TS6133: 'getDb' is declared but its value is never read.
app/api/tasks/intelligence/route.ts(105,27): error TS6133: 'request' is declared but its value is never read.
app/api/tasks/route.ts(1,10): error TS6133: 'logger' is declared but its value is never read.
app/api/tasks/route.ts(1,28): error TS6133: 'logWarn' is declared but its value is never read.
app/api/tasks/route.ts(1,37): error TS6133: 'logInfo' is declared but its value is never read.
app/api/tasks/route.ts(1,46): error TS6133: 'logDebug' is declared but its value is never read.
app/api/tasks/route.ts(1,56): error TS6133: 'logApi' is declared but its value is never read.
app/api/tasks/route.ts(1,64): error TS6133: 'logDb' is declared but its value is never read.
app/api/tasks/route.ts(1,71): error TS6133: 'logAuth' is declared but its value is never read.
app/api/tasks/route.ts(4,1): error TS6133: 'getDb' is declared but its value is never read.
app/api/templates/[id]/route.ts(28,13): error TS2345: Argument of type 'PgTableWithColumns<{ name: "templates"; schema: undefined; columns: { id: PgColumn<{ name: "id"; tableName: "templates"; dataType: "string"; columnType: "PgText"; data: string; driverParam: string; notNull: true; hasDefault: true; ... 6 more ...; generated: undefined; }, {}, {}>; ... 15 more ...; updated_at: PgColum...' is not assignable to parameter of type 'SQL<unknown> | PgTable<TableConfig> | Subquery<string, Record<string, unknown>> | PgViewBase<string, boolean, ColumnsSelection>'.
  Type 'PgTableWithColumns<{ name: "templates"; schema: undefined; columns: { id: PgColumn<{ name: "id"; tableName: "templates"; dataType: "string"; columnType: "PgText"; data: string; driverParam: string; notNull: true; hasDefault: true; ... 6 more ...; generated: undefined; }, {}, {}>; ... 15 more ...; updated_at: PgColum...' is not assignable to type 'PgTable<TableConfig>'.
    The types of '_.config.columns' are incompatible between these types.
      Type '{ id: PgColumn<{ name: "id"; tableName: "templates"; dataType: "string"; columnType: "PgText"; data: string; driverParam: string; notNull: true; hasDefault: true; isPrimaryKey: true; isAutoincrement: false; ... 4 more ...; generated: undefined; }, {}, {}>; ... 15 more ...; updated_at: PgColumn<...>; }' is not assignable to type 'Record<string, PgColumn<ColumnBaseConfig<ColumnDataType, string>, {}, {}>>'.
        Property 'id' is incompatible with index signature.
          Type 'PgColumn<{ name: "id"; tableName: "templates"; dataType: "string"; columnType: "PgText"; data: string; driverParam: string; notNull: true; hasDefault: true; isPrimaryKey: true; isAutoincrement: false; ... 4 more ...; generated: undefined; }, {}, {}>' is not assignable to type 'PgColumn<ColumnBaseConfig<ColumnDataType, string>, {}, {}>'.
            The types of 'table._.config.columns' are incompatible between these types.
              Type 'Record<string, import("C:/Users/prett/OneDrive/Desktop/projects/SoloSuccess-AI/node_modules/drizzle-orm/pg-core/columns/common").PgColumn<import("C:/Users/prett/OneDrive/Desktop/projects/SoloSuccess-AI/node_modules/drizzle-orm/column").ColumnBaseConfig<import("C:/Users/prett/OneDrive/Desktop/projects/SoloSuccess-AI/...' is not assignable to type 'Record<string, import("C:/Users/prett/OneDrive/Desktop/projects/SoloSuccess-AI/server/node_modules/drizzle-orm/pg-core/columns/common").PgColumn<import("C:/Users/prett/OneDrive/Desktop/projects/SoloSuccess-AI/server/node_modules/drizzle-orm/column").ColumnBaseConfig<import("C:/Users/prett/OneDrive/Desktop/projects/S...'.
                'string' index signatures are incompatible.
                  Type 'import("C:/Users/prett/OneDrive/Desktop/projects/SoloSuccess-AI/node_modules/drizzle-orm/pg-core/columns/common").PgColumn<import("C:/Users/prett/OneDrive/Desktop/projects/SoloSuccess-AI/node_modules/drizzle-orm/column").ColumnBaseConfig<import("C:/Users/prett/OneDrive/Desktop/projects/SoloSuccess-AI/node_modules/dr...' is not assignable to type 'import("C:/Users/prett/OneDrive/Desktop/projects/SoloSuccess-AI/server/node_modules/drizzle-orm/pg-core/columns/common").PgColumn<import("C:/Users/prett/OneDrive/Desktop/projects/SoloSuccess-AI/server/node_modules/drizzle-orm/column").ColumnBaseConfig<import("C:/Users/prett/OneDrive/Desktop/projects/SoloSuccess-AI/s...'.
                    Property 'config' is protected but type 'Column<T, TRuntimeConfig, TTypeConfig>' is not a class derived from 'Column<T, TRuntimeConfig, TTypeConfig>'.
app/api/templates/[id]/route.ts(29,14): error TS2345: Argument of type 'SQL<unknown> | undefined' is not assignable to parameter of type 'SQL<unknown> | ((aliases: {} | Record<string, unknown> | ColumnsSelection | Record<string, PgColumn<ColumnBaseConfig<ColumnDataType, string>, {}, {}>>) => SQL<...> | undefined) | undefined'.
  Type 'SQL<unknown>' is not assignable to type 'SQL<unknown> | ((aliases: {} | Record<string, unknown> | ColumnsSelection | Record<string, PgColumn<ColumnBaseConfig<ColumnDataType, string>, {}, {}>>) => SQL<...> | undefined) | undefined'.
    Type 'import("C:/Users/prett/OneDrive/Desktop/projects/SoloSuccess-AI/node_modules/drizzle-orm/sql/sql").SQL<unknown>' is not assignable to type 'import("C:/Users/prett/OneDrive/Desktop/projects/SoloSuccess-AI/server/node_modules/drizzle-orm/sql/sql").SQL<unknown>'.
      Types have separate declarations of a private property 'shouldInlineParams'.
app/api/templates/[id]/route.ts(37,15): error TS2345: Argument of type 'PgTableWithColumns<{ name: "templates"; schema: undefined; columns: { id: PgColumn<{ name: "id"; tableName: "templates"; dataType: "string"; columnType: "PgText"; data: string; driverParam: string; notNull: true; hasDefault: true; ... 6 more ...; generated: undefined; }, {}, {}>; ... 15 more ...; updated_at: PgColum...' is not assignable to parameter of type 'PgTable<TableConfig>'.
  The types of '_.config.columns' are incompatible between these types.
    Type '{ id: PgColumn<{ name: "id"; tableName: "templates"; dataType: "string"; columnType: "PgText"; data: string; driverParam: string; notNull: true; hasDefault: true; isPrimaryKey: true; isAutoincrement: false; ... 4 more ...; generated: undefined; }, {}, {}>; ... 15 more ...; updated_at: PgColumn<...>; }' is not assignable to type 'Record<string, PgColumn<ColumnBaseConfig<ColumnDataType, string>, {}, {}>>'.
      Property 'id' is incompatible with index signature.
        Type 'PgColumn<{ name: "id"; tableName: "templates"; dataType: "string"; columnType: "PgText"; data: string; driverParam: string; notNull: true; hasDefault: true; isPrimaryKey: true; isAutoincrement: false; ... 4 more ...; generated: undefined; }, {}, {}>' is not assignable to type 'PgColumn<ColumnBaseConfig<ColumnDataType, string>, {}, {}>'.
          The types of 'table._.config.columns' are incompatible between these types.
            Type 'Record<string, import("C:/Users/prett/OneDrive/Desktop/projects/SoloSuccess-AI/node_modules/drizzle-orm/pg-core/columns/common").PgColumn<import("C:/Users/prett/OneDrive/Desktop/projects/SoloSuccess-AI/node_modules/drizzle-orm/column").ColumnBaseConfig<import("C:/Users/prett/OneDrive/Desktop/projects/SoloSuccess-AI/...' is not assignable to type 'Record<string, import("C:/Users/prett/OneDrive/Desktop/projects/SoloSuccess-AI/server/node_modules/drizzle-orm/pg-core/columns/common").PgColumn<import("C:/Users/prett/OneDrive/Desktop/projects/SoloSuccess-AI/server/node_modules/drizzle-orm/column").ColumnBaseConfig<import("C:/Users/prett/OneDrive/Desktop/projects/S...'.
              'string' index signatures are incompatible.
                Type 'import("C:/Users/prett/OneDrive/Desktop/projects/SoloSuccess-AI/node_modules/drizzle-orm/pg-core/columns/common").PgColumn<import("C:/Users/prett/OneDrive/Desktop/projects/SoloSuccess-AI/node_modules/drizzle-orm/column").ColumnBaseConfig<import("C:/Users/prett/OneDrive/Desktop/projects/SoloSuccess-AI/node_modules/dr...' is not assignable to type 'import("C:/Users/prett/OneDrive/Desktop/projects/SoloSuccess-AI/server/node_modules/drizzle-orm/pg-core/columns/common").PgColumn<import("C:/Users/prett/OneDrive/Desktop/projects/SoloSuccess-AI/server/node_modules/drizzle-orm/column").ColumnBaseConfig<import("C:/Users/prett/OneDrive/Desktop/projects/SoloSuccess-AI/s...'.
                  Property 'config' is protected but type 'Column<T, TRuntimeConfig, TTypeConfig>' is not a class derived from 'Column<T, TRuntimeConfig, TTypeConfig>'.
app/api/templates/[id]/route.ts(42,14): error TS2345: Argument of type 'import("C:/Users/prett/OneDrive/Desktop/projects/SoloSuccess-AI/node_modules/drizzle-orm/sql/sql").SQL<unknown>' is not assignable to parameter of type 'import("C:/Users/prett/OneDrive/Desktop/projects/SoloSuccess-AI/server/node_modules/drizzle-orm/sql/sql").SQL<unknown>'.
  Types have separate declarations of a private property 'shouldInlineParams'.
app/api/templates/[id]/route.ts(68,13): error TS2345: Argument of type 'PgTableWithColumns<{ name: "templates"; schema: undefined; columns: { id: PgColumn<{ name: "id"; tableName: "templates"; dataType: "string"; columnType: "PgText"; data: string; driverParam: string; notNull: true; hasDefault: true; ... 6 more ...; generated: undefined; }, {}, {}>; ... 15 more ...; updated_at: PgColum...' is not assignable to parameter of type 'SQL<unknown> | PgTable<TableConfig> | Subquery<string, Record<string, unknown>> | PgViewBase<string, boolean, ColumnsSelection>'.
  Type 'PgTableWithColumns<{ name: "templates"; schema: undefined; columns: { id: PgColumn<{ name: "id"; tableName: "templates"; dataType: "string"; columnType: "PgText"; data: string; driverParam: string; notNull: true; hasDefault: true; ... 6 more ...; generated: undefined; }, {}, {}>; ... 15 more ...; updated_at: PgColum...' is not assignable to type 'PgTable<TableConfig>'.
    The types of '_.config.columns' are incompatible between these types.
      Type '{ id: PgColumn<{ name: "id"; tableName: "templates"; dataType: "string"; columnType: "PgText"; data: string; driverParam: string; notNull: true; hasDefault: true; isPrimaryKey: true; isAutoincrement: false; ... 4 more ...; generated: undefined; }, {}, {}>; ... 15 more ...; updated_at: PgColumn<...>; }' is not assignable to type 'Record<string, PgColumn<ColumnBaseConfig<ColumnDataType, string>, {}, {}>>'.
        Property 'id' is incompatible with index signature.
          Type 'PgColumn<{ name: "id"; tableName: "templates"; dataType: "string"; columnType: "PgText"; data: string; driverParam: string; notNull: true; hasDefault: true; isPrimaryKey: true; isAutoincrement: false; ... 4 more ...; generated: undefined; }, {}, {}>' is not assignable to type 'PgColumn<ColumnBaseConfig<ColumnDataType, string>, {}, {}>'.
            The types of 'table._.config.columns' are incompatible between these types.
              Type 'Record<string, import("C:/Users/prett/OneDrive/Desktop/projects/SoloSuccess-AI/node_modules/drizzle-orm/pg-core/columns/common").PgColumn<import("C:/Users/prett/OneDrive/Desktop/projects/SoloSuccess-AI/node_modules/drizzle-orm/column").ColumnBaseConfig<import("C:/Users/prett/OneDrive/Desktop/projects/SoloSuccess-AI/...' is not assignable to type 'Record<string, import("C:/Users/prett/OneDrive/Desktop/projects/SoloSuccess-AI/server/node_modules/drizzle-orm/pg-core/columns/common").PgColumn<import("C:/Users/prett/OneDrive/Desktop/projects/SoloSuccess-AI/server/node_modules/drizzle-orm/column").ColumnBaseConfig<import("C:/Users/prett/OneDrive/Desktop/projects/S...'.
                'string' index signatures are incompatible.
                  Type 'import("C:/Users/prett/OneDrive/Desktop/projects/SoloSuccess-AI/node_modules/drizzle-orm/pg-core/columns/common").PgColumn<import("C:/Users/prett/OneDrive/Desktop/projects/SoloSuccess-AI/node_modules/drizzle-orm/column").ColumnBaseConfig<import("C:/Users/prett/OneDrive/Desktop/projects/SoloSuccess-AI/node_modules/dr...' is not assignable to type 'import("C:/Users/prett/OneDrive/Desktop/projects/SoloSuccess-AI/server/node_modules/drizzle-orm/pg-core/columns/common").PgColumn<import("C:/Users/prett/OneDrive/Desktop/projects/SoloSuccess-AI/server/node_modules/drizzle-orm/column").ColumnBaseConfig<import("C:/Users/prett/OneDrive/Desktop/projects/SoloSuccess-AI/s...'.
                    Property 'config' is protected but type 'Column<T, TRuntimeConfig, TTypeConfig>' is not a class derived from 'Column<T, TRuntimeConfig, TTypeConfig>'.
app/api/templates/[id]/route.ts(69,14): error TS2345: Argument of type 'SQL<unknown> | undefined' is not assignable to parameter of type 'SQL<unknown> | ((aliases: {} | Record<string, unknown> | ColumnsSelection | Record<string, PgColumn<ColumnBaseConfig<ColumnDataType, string>, {}, {}>>) => SQL<...> | undefined) | undefined'.
  Type 'SQL<unknown>' is not assignable to type 'SQL<unknown> | ((aliases: {} | Record<string, unknown> | ColumnsSelection | Record<string, PgColumn<ColumnBaseConfig<ColumnDataType, string>, {}, {}>>) => SQL<...> | undefined) | undefined'.
    Type 'import("C:/Users/prett/OneDrive/Desktop/projects/SoloSuccess-AI/node_modules/drizzle-orm/sql/sql").SQL<unknown>' is not assignable to type 'import("C:/Users/prett/OneDrive/Desktop/projects/SoloSuccess-AI/server/node_modules/drizzle-orm/sql/sql").SQL<unknown>'.
      Types have separate declarations of a private property 'shouldInlineParams'.
app/api/templates/[id]/route.ts(76,21): error TS2345: Argument of type 'PgTableWithColumns<{ name: "templates"; schema: undefined; columns: { id: PgColumn<{ name: "id"; tableName: "templates"; dataType: "string"; columnType: "PgText"; data: string; driverParam: string; notNull: true; hasDefault: true; ... 6 more ...; generated: undefined; }, {}, {}>; ... 15 more ...; updated_at: PgColum...' is not assignable to parameter of type 'PgTable<TableConfig>'.
  The types of '_.config.columns' are incompatible between these types.
    Type '{ id: PgColumn<{ name: "id"; tableName: "templates"; dataType: "string"; columnType: "PgText"; data: string; driverParam: string; notNull: true; hasDefault: true; isPrimaryKey: true; isAutoincrement: false; ... 4 more ...; generated: undefined; }, {}, {}>; ... 15 more ...; updated_at: PgColumn<...>; }' is not assignable to type 'Record<string, PgColumn<ColumnBaseConfig<ColumnDataType, string>, {}, {}>>'.
      Property 'id' is incompatible with index signature.
        Type 'PgColumn<{ name: "id"; tableName: "templates"; dataType: "string"; columnType: "PgText"; data: string; driverParam: string; notNull: true; hasDefault: true; isPrimaryKey: true; isAutoincrement: false; ... 4 more ...; generated: undefined; }, {}, {}>' is not assignable to type 'PgColumn<ColumnBaseConfig<ColumnDataType, string>, {}, {}>'.
          The types of 'table._.config.columns' are incompatible between these types.
            Type 'Record<string, import("C:/Users/prett/OneDrive/Desktop/projects/SoloSuccess-AI/node_modules/drizzle-orm/pg-core/columns/common").PgColumn<import("C:/Users/prett/OneDrive/Desktop/projects/SoloSuccess-AI/node_modules/drizzle-orm/column").ColumnBaseConfig<import("C:/Users/prett/OneDrive/Desktop/projects/SoloSuccess-AI/...' is not assignable to type 'Record<string, import("C:/Users/prett/OneDrive/Desktop/projects/SoloSuccess-AI/server/node_modules/drizzle-orm/pg-core/columns/common").PgColumn<import("C:/Users/prett/OneDrive/Desktop/projects/SoloSuccess-AI/server/node_modules/drizzle-orm/column").ColumnBaseConfig<import("C:/Users/prett/OneDrive/Desktop/projects/S...'.
              'string' index signatures are incompatible.
                Type 'import("C:/Users/prett/OneDrive/Desktop/projects/SoloSuccess-AI/node_modules/drizzle-orm/pg-core/columns/common").PgColumn<import("C:/Users/prett/OneDrive/Desktop/projects/SoloSuccess-AI/node_modules/drizzle-orm/column").ColumnBaseConfig<import("C:/Users/prett/OneDrive/Desktop/projects/SoloSuccess-AI/node_modules/dr...' is not assignable to type 'import("C:/Users/prett/OneDrive/Desktop/projects/SoloSuccess-AI/server/node_modules/drizzle-orm/pg-core/columns/common").PgColumn<import("C:/Users/prett/OneDrive/Desktop/projects/SoloSuccess-AI/server/node_modules/drizzle-orm/column").ColumnBaseConfig<import("C:/Users/prett/OneDrive/Desktop/projects/SoloSuccess-AI/s...'.
                  Property 'config' is protected but type 'Column<T, TRuntimeConfig, TTypeConfig>' is not a class derived from 'Column<T, TRuntimeConfig, TTypeConfig>'.
app/api/templates/[id]/route.ts(76,38): error TS2345: Argument of type 'import("C:/Users/prett/OneDrive/Desktop/projects/SoloSuccess-AI/node_modules/drizzle-orm/sql/sql").SQL<unknown>' is not assignable to parameter of type 'import("C:/Users/prett/OneDrive/Desktop/projects/SoloSuccess-AI/server/node_modules/drizzle-orm/sql/sql").SQL<unknown>'.
  Types have separate declarations of a private property 'shouldInlineParams'.
app/api/templates/analytics/route.ts(1,10): error TS6133: 'logger' is declared but its value is never read.
app/api/templates/analytics/route.ts(263,40): error TS6133: 'db' is declared but its value is never read.
app/api/templates/analytics/route.ts(263,49): error TS6133: 'userId' is declared but its value is never read.
app/api/templates/analytics/route.ts(272,33): error TS6133: 'db' is declared but its value is never read.
app/api/templates/analytics/route.ts(272,42): error TS6133: 'userId' is declared but its value is never read.
app/api/templates/favorites/route.ts(1,10): error TS6133: 'logger' is declared but its value is never read.
app/api/templates/generate/route.ts(1,10): error TS6133: 'logger' is declared but its value is never read.
app/api/templates/route.ts(21,13): error TS2345: Argument of type 'PgTableWithColumns<{ name: "templates"; schema: undefined; columns: { id: PgColumn<{ name: "id"; tableName: "templates"; dataType: "string"; columnType: "PgText"; data: string; driverParam: string; notNull: true; hasDefault: true; ... 6 more ...; generated: undefined; }, {}, {}>; ... 15 more ...; updated_at: PgColum...' is not assignable to parameter of type 'SQL<unknown> | PgTable<TableConfig> | Subquery<string, Record<string, unknown>> | PgViewBase<string, boolean, ColumnsSelection>'.
  Type 'PgTableWithColumns<{ name: "templates"; schema: undefined; columns: { id: PgColumn<{ name: "id"; tableName: "templates"; dataType: "string"; columnType: "PgText"; data: string; driverParam: string; notNull: true; hasDefault: true; ... 6 more ...; generated: undefined; }, {}, {}>; ... 15 more ...; updated_at: PgColum...' is not assignable to type 'PgTable<TableConfig>'.
    The types of '_.config.columns' are incompatible between these types.
      Type '{ id: PgColumn<{ name: "id"; tableName: "templates"; dataType: "string"; columnType: "PgText"; data: string; driverParam: string; notNull: true; hasDefault: true; isPrimaryKey: true; isAutoincrement: false; ... 4 more ...; generated: undefined; }, {}, {}>; ... 15 more ...; updated_at: PgColumn<...>; }' is not assignable to type 'Record<string, PgColumn<ColumnBaseConfig<ColumnDataType, string>, {}, {}>>'.
        Property 'id' is incompatible with index signature.
          Type 'PgColumn<{ name: "id"; tableName: "templates"; dataType: "string"; columnType: "PgText"; data: string; driverParam: string; notNull: true; hasDefault: true; isPrimaryKey: true; isAutoincrement: false; ... 4 more ...; generated: undefined; }, {}, {}>' is not assignable to type 'PgColumn<ColumnBaseConfig<ColumnDataType, string>, {}, {}>'.
            The types of 'table._.config.columns' are incompatible between these types.
              Type 'Record<string, import("C:/Users/prett/OneDrive/Desktop/projects/SoloSuccess-AI/node_modules/drizzle-orm/pg-core/columns/common").PgColumn<import("C:/Users/prett/OneDrive/Desktop/projects/SoloSuccess-AI/node_modules/drizzle-orm/column").ColumnBaseConfig<import("C:/Users/prett/OneDrive/Desktop/projects/SoloSuccess-AI/...' is not assignable to type 'Record<string, import("C:/Users/prett/OneDrive/Desktop/projects/SoloSuccess-AI/server/node_modules/drizzle-orm/pg-core/columns/common").PgColumn<import("C:/Users/prett/OneDrive/Desktop/projects/SoloSuccess-AI/server/node_modules/drizzle-orm/column").ColumnBaseConfig<import("C:/Users/prett/OneDrive/Desktop/projects/S...'.
                'string' index signatures are incompatible.
                  Type 'import("C:/Users/prett/OneDrive/Desktop/projects/SoloSuccess-AI/node_modules/drizzle-orm/pg-core/columns/common").PgColumn<import("C:/Users/prett/OneDrive/Desktop/projects/SoloSuccess-AI/node_modules/drizzle-orm/column").ColumnBaseConfig<import("C:/Users/prett/OneDrive/Desktop/projects/SoloSuccess-AI/node_modules/dr...' is not assignable to type 'import("C:/Users/prett/OneDrive/Desktop/projects/SoloSuccess-AI/server/node_modules/drizzle-orm/pg-core/columns/common").PgColumn<import("C:/Users/prett/OneDrive/Desktop/projects/SoloSuccess-AI/server/node_modules/drizzle-orm/column").ColumnBaseConfig<import("C:/Users/prett/OneDrive/Desktop/projects/SoloSuccess-AI/s...'.
                    Property 'config' is protected but type 'Column<T, TRuntimeConfig, TTypeConfig>' is not a class derived from 'Column<T, TRuntimeConfig, TTypeConfig>'.
app/api/templates/route.ts(23,9): error TS2345: Argument of type 'SQL<unknown> | undefined' is not assignable to parameter of type 'SQL<unknown> | ((aliases: {} | Record<string, unknown> | ColumnsSelection | Record<string, PgColumn<ColumnBaseConfig<ColumnDataType, string>, {}, {}>>) => SQL<...> | undefined) | undefined'.
  Type 'SQL<unknown>' is not assignable to type 'SQL<unknown> | ((aliases: {} | Record<string, unknown> | ColumnsSelection | Record<string, PgColumn<ColumnBaseConfig<ColumnDataType, string>, {}, {}>>) => SQL<...> | undefined) | undefined'.
    Type 'import("C:/Users/prett/OneDrive/Desktop/projects/SoloSuccess-AI/node_modules/drizzle-orm/sql/sql").SQL<unknown>' is not assignable to type 'import("C:/Users/prett/OneDrive/Desktop/projects/SoloSuccess-AI/server/node_modules/drizzle-orm/sql/sql").SQL<unknown>'.
      Types have separate declarations of a private property 'shouldInlineParams'.
app/api/templates/route.ts(28,16): error TS2769: No overload matches this call.
  Overload 1 of 2, '(builder: (aliases: {} | Record<string, unknown> | ColumnsSelection | Record<string, PgColumn<ColumnBaseConfig<ColumnDataType, string>, {}, {}>>) => ValueOrArray<...>): Omit<...>', gave the following error.
    Argument of type 'SQL<unknown>' is not assignable to parameter of type '(aliases: {} | Record<string, unknown> | ColumnsSelection | Record<string, PgColumn<ColumnBaseConfig<ColumnDataType, string>, {}, {}>>) => ValueOrArray<...>'.
      Type 'SQL<unknown>' provides no match for the signature '(aliases: {} | Record<string, unknown> | ColumnsSelection | Record<string, PgColumn<ColumnBaseConfig<ColumnDataType, string>, {}, {}>>): ValueOrArray<...>'.
  Overload 2 of 2, '(...columns: (SQL<unknown> | PgColumn<ColumnBaseConfig<ColumnDataType, string>, {}, {}> | Aliased<unknown>)[]): Omit<PgSelectBase<string | undefined, ... 6 more ..., {} | ... 2 more ... | { ...; }>, "where" | "orderBy">', gave the following error.
    Argument of type 'SQL<unknown>' is not assignable to parameter of type 'SQL<unknown> | PgColumn<ColumnBaseConfig<ColumnDataType, string>, {}, {}> | Aliased<unknown>'.
      Type 'import("C:/Users/prett/OneDrive/Desktop/projects/SoloSuccess-AI/node_modules/drizzle-orm/sql/sql").SQL<unknown>' is not assignable to type 'import("C:/Users/prett/OneDrive/Desktop/projects/SoloSuccess-AI/server/node_modules/drizzle-orm/sql/sql").SQL<unknown>'.
        Types have separate declarations of a private property 'shouldInlineParams'.
app/api/templates/route.ts(53,15): error TS2345: Argument of type 'PgTableWithColumns<{ name: "templates"; schema: undefined; columns: { id: PgColumn<{ name: "id"; tableName: "templates"; dataType: "string"; columnType: "PgText"; data: string; driverParam: string; notNull: true; hasDefault: true; ... 6 more ...; generated: undefined; }, {}, {}>; ... 15 more ...; updated_at: PgColum...' is not assignable to parameter of type 'PgTable<TableConfig>'.
  The types of '_.config.columns' are incompatible between these types.
    Type '{ id: PgColumn<{ name: "id"; tableName: "templates"; dataType: "string"; columnType: "PgText"; data: string; driverParam: string; notNull: true; hasDefault: true; isPrimaryKey: true; isAutoincrement: false; ... 4 more ...; generated: undefined; }, {}, {}>; ... 15 more ...; updated_at: PgColumn<...>; }' is not assignable to type 'Record<string, PgColumn<ColumnBaseConfig<ColumnDataType, string>, {}, {}>>'.
      Property 'id' is incompatible with index signature.
        Type 'PgColumn<{ name: "id"; tableName: "templates"; dataType: "string"; columnType: "PgText"; data: string; driverParam: string; notNull: true; hasDefault: true; isPrimaryKey: true; isAutoincrement: false; ... 4 more ...; generated: undefined; }, {}, {}>' is not assignable to type 'PgColumn<ColumnBaseConfig<ColumnDataType, string>, {}, {}>'.
          The types of 'table._.config.columns' are incompatible between these types.
            Type 'Record<string, import("C:/Users/prett/OneDrive/Desktop/projects/SoloSuccess-AI/node_modules/drizzle-orm/pg-core/columns/common").PgColumn<import("C:/Users/prett/OneDrive/Desktop/projects/SoloSuccess-AI/node_modules/drizzle-orm/column").ColumnBaseConfig<import("C:/Users/prett/OneDrive/Desktop/projects/SoloSuccess-AI/...' is not assignable to type 'Record<string, import("C:/Users/prett/OneDrive/Desktop/projects/SoloSuccess-AI/server/node_modules/drizzle-orm/pg-core/columns/common").PgColumn<import("C:/Users/prett/OneDrive/Desktop/projects/SoloSuccess-AI/server/node_modules/drizzle-orm/column").ColumnBaseConfig<import("C:/Users/prett/OneDrive/Desktop/projects/S...'.
              'string' index signatures are incompatible.
                Type 'import("C:/Users/prett/OneDrive/Desktop/projects/SoloSuccess-AI/node_modules/drizzle-orm/pg-core/columns/common").PgColumn<import("C:/Users/prett/OneDrive/Desktop/projects/SoloSuccess-AI/node_modules/drizzle-orm/column").ColumnBaseConfig<import("C:/Users/prett/OneDrive/Desktop/projects/SoloSuccess-AI/node_modules/dr...' is not assignable to type 'import("C:/Users/prett/OneDrive/Desktop/projects/SoloSuccess-AI/server/node_modules/drizzle-orm/pg-core/columns/common").PgColumn<import("C:/Users/prett/OneDrive/Desktop/projects/SoloSuccess-AI/server/node_modules/drizzle-orm/column").ColumnBaseConfig<import("C:/Users/prett/OneDrive/Desktop/projects/SoloSuccess-AI/s...'.
                  Property 'config' is protected but type 'Column<T, TRuntimeConfig, TTypeConfig>' is not a class derived from 'Column<T, TRuntimeConfig, TTypeConfig>'.
app/api/unified-briefcase/route.ts(1,10): error TS6133: 'logger' is declared but its value is never read.
app/api/unified-briefcase/route.ts(1,28): error TS6133: 'logWarn' is declared but its value is never read.
app/api/unified-briefcase/route.ts(1,37): error TS6133: 'logInfo' is declared but its value is never read.
app/api/unified-briefcase/route.ts(1,46): error TS6133: 'logDebug' is declared but its value is never read.
app/api/unified-briefcase/route.ts(1,56): error TS6133: 'logApi' is declared but its value is never read.
app/api/unified-briefcase/route.ts(1,64): error TS6133: 'logDb' is declared but its value is never read.
app/api/unified-briefcase/route.ts(1,71): error TS6133: 'logAuth' is declared but its value is never read.
app/api/upload/route.ts(1,10): error TS6133: 'logger' is declared but its value is never read.
app/api/upload/route.ts(1,28): error TS6133: 'logWarn' is declared but its value is never read.
app/api/upload/route.ts(1,37): error TS6133: 'logInfo' is declared but its value is never read.
app/api/upload/route.ts(1,46): error TS6133: 'logDebug' is declared but its value is never read.
app/api/upload/route.ts(1,56): error TS6133: 'logApi' is declared but its value is never read.
app/api/upload/route.ts(1,64): error TS6133: 'logDb' is declared but its value is never read.
app/api/upload/route.ts(1,71): error TS6133: 'logAuth' is declared but its value is never read.
app/api/user/api-keys/route.ts(27,17): error TS2322: Type 'PgColumn<{ name: "service"; tableName: "user_api_keys"; dataType: "string"; columnType: "PgVarchar"; data: string; driverParam: string; notNull: true; hasDefault: false; isPrimaryKey: false; isAutoincrement: false; ... 4 more ...; generated: undefined; }, {}, { ...; }>' is not assignable to type 'SQL<unknown> | Aliased<unknown> | PgColumn<ColumnBaseConfig<ColumnDataType, string>, {}, {}> | PgTable<TableConfig> | SelectedFieldsFlat<...>'.
  Type 'PgColumn<{ name: "service"; tableName: "user_api_keys"; dataType: "string"; columnType: "PgVarchar"; data: string; driverParam: string; notNull: true; hasDefault: false; isPrimaryKey: false; isAutoincrement: false; ... 4 more ...; generated: undefined; }, {}, { ...; }>' is not assignable to type 'SelectedFieldsFlat<PgColumn<ColumnBaseConfig<ColumnDataType, string>, {}, {}>>'.
    Index signature for type 'string' is missing in type 'PgColumn<{ name: "service"; tableName: "user_api_keys"; dataType: "string"; columnType: "PgVarchar"; data: string; driverParam: string; notNull: true; hasDefault: false; isPrimaryKey: false; isAutoincrement: false; ... 4 more ...; generated: undefined; }, {}, { ...; }>'.
app/api/user/api-keys/route.ts(28,17): error TS2322: Type 'PgColumn<{ name: "key_value"; tableName: "user_api_keys"; dataType: "string"; columnType: "PgText"; data: string; driverParam: string; notNull: true; hasDefault: false; isPrimaryKey: false; isAutoincrement: false; ... 4 more ...; generated: undefined; }, {}, {}>' is not assignable to type 'SQL<unknown> | Aliased<unknown> | PgColumn<ColumnBaseConfig<ColumnDataType, string>, {}, {}> | PgTable<TableConfig> | SelectedFieldsFlat<...>'.
  Type 'PgColumn<{ name: "key_value"; tableName: "user_api_keys"; dataType: "string"; columnType: "PgText"; data: string; driverParam: string; notNull: true; hasDefault: false; isPrimaryKey: false; isAutoincrement: false; ... 4 more ...; generated: undefined; }, {}, {}>' is not assignable to type 'SelectedFieldsFlat<PgColumn<ColumnBaseConfig<ColumnDataType, string>, {}, {}>>'.
    Index signature for type 'string' is missing in type 'PgColumn<{ name: "key_value"; tableName: "user_api_keys"; dataType: "string"; columnType: "PgText"; data: string; driverParam: string; notNull: true; hasDefault: false; isPrimaryKey: false; isAutoincrement: false; ... 4 more ...; generated: undefined; }, {}, {}>'.
app/api/user/api-keys/route.ts(30,19): error TS2345: Argument of type 'PgTableWithColumns<{ name: "user_api_keys"; schema: undefined; columns: { id: PgColumn<{ name: "id"; tableName: "user_api_keys"; dataType: "number"; columnType: "PgInteger"; data: number; driverParam: string | number; ... 8 more ...; generated: undefined; }, {}, {}>; ... 4 more ...; updated_at: PgColumn<...>; }; dia...' is not assignable to parameter of type 'SQL<unknown> | PgTable<TableConfig> | Subquery<string, Record<string, unknown>> | PgViewBase<string, boolean, ColumnsSelection>'.
  Type 'PgTableWithColumns<{ name: "user_api_keys"; schema: undefined; columns: { id: PgColumn<{ name: "id"; tableName: "user_api_keys"; dataType: "number"; columnType: "PgInteger"; data: number; driverParam: string | number; ... 8 more ...; generated: undefined; }, {}, {}>; ... 4 more ...; updated_at: PgColumn<...>; }; dia...' is not assignable to type 'PgTable<TableConfig>'.
    The types of '_.config.columns' are incompatible between these types.
      Type '{ id: PgColumn<{ name: "id"; tableName: "user_api_keys"; dataType: "number"; columnType: "PgInteger"; data: number; driverParam: string | number; notNull: true; hasDefault: true; isPrimaryKey: true; ... 5 more ...; generated: undefined; }, {}, {}>; ... 4 more ...; updated_at: PgColumn<...>; }' is not assignable to type 'Record<string, PgColumn<ColumnBaseConfig<ColumnDataType, string>, {}, {}>>'.
        Property 'id' is incompatible with index signature.
          Type 'PgColumn<{ name: "id"; tableName: "user_api_keys"; dataType: "number"; columnType: "PgInteger"; data: number; driverParam: string | number; notNull: true; hasDefault: true; isPrimaryKey: true; isAutoincrement: false; ... 4 more ...; generated: undefined; }, {}, {}>' is not assignable to type 'PgColumn<ColumnBaseConfig<ColumnDataType, string>, {}, {}>'.
            The types of 'table._.config.columns' are incompatible between these types.
              Type 'Record<string, import("C:/Users/prett/OneDrive/Desktop/projects/SoloSuccess-AI/node_modules/drizzle-orm/pg-core/columns/common").PgColumn<import("C:/Users/prett/OneDrive/Desktop/projects/SoloSuccess-AI/node_modules/drizzle-orm/column").ColumnBaseConfig<import("C:/Users/prett/OneDrive/Desktop/projects/SoloSuccess-AI/...' is not assignable to type 'Record<string, import("C:/Users/prett/OneDrive/Desktop/projects/SoloSuccess-AI/server/node_modules/drizzle-orm/pg-core/columns/common").PgColumn<import("C:/Users/prett/OneDrive/Desktop/projects/SoloSuccess-AI/server/node_modules/drizzle-orm/column").ColumnBaseConfig<import("C:/Users/prett/OneDrive/Desktop/projects/S...'.
                'string' index signatures are incompatible.
                  Type 'import("C:/Users/prett/OneDrive/Desktop/projects/SoloSuccess-AI/node_modules/drizzle-orm/pg-core/columns/common").PgColumn<import("C:/Users/prett/OneDrive/Desktop/projects/SoloSuccess-AI/node_modules/drizzle-orm/column").ColumnBaseConfig<import("C:/Users/prett/OneDrive/Desktop/projects/SoloSuccess-AI/node_modules/dr...' is not assignable to type 'import("C:/Users/prett/OneDrive/Desktop/projects/SoloSuccess-AI/server/node_modules/drizzle-orm/pg-core/columns/common").PgColumn<import("C:/Users/prett/OneDrive/Desktop/projects/SoloSuccess-AI/server/node_modules/drizzle-orm/column").ColumnBaseConfig<import("C:/Users/prett/OneDrive/Desktop/projects/SoloSuccess-AI/s...'.
                    Property 'config' is protected but type 'Column<T, TRuntimeConfig, TTypeConfig>' is not a class derived from 'Column<T, TRuntimeConfig, TTypeConfig>'.
app/api/user/api-keys/route.ts(31,20): error TS2345: Argument of type 'SQL<unknown>' is not assignable to parameter of type 'SQL<unknown> | ((aliases: SelectedFields) => SQL<unknown> | undefined) | undefined'.
  Type 'import("C:/Users/prett/OneDrive/Desktop/projects/SoloSuccess-AI/node_modules/drizzle-orm/sql/sql").SQL<unknown>' is not assignable to type 'import("C:/Users/prett/OneDrive/Desktop/projects/SoloSuccess-AI/server/node_modules/drizzle-orm/sql/sql").SQL<unknown>'.
    Types have separate declarations of a private property 'shouldInlineParams'.
app/api/user/api-keys/route.ts(37,27): error TS18046: 'k.key_value' is of type 'unknown'.
app/api/user/api-keys/route.ts(38,22): error TS18046: 'k.key_value' is of type 'unknown'.
app/api/user/api-keys/route.ts(38,55): error TS18046: 'k.key_value' is of type 'unknown'.
app/api/user/api-keys/route.ts(38,77): error TS18046: 'k.key_value' is of type 'unknown'.
app/api/user/api-keys/route.ts(65,23): error TS2345: Argument of type 'PgTableWithColumns<{ name: "user_api_keys"; schema: undefined; columns: { id: PgColumn<{ name: "id"; tableName: "user_api_keys"; dataType: "number"; columnType: "PgInteger"; data: number; driverParam: string | number; ... 8 more ...; generated: undefined; }, {}, {}>; ... 4 more ...; updated_at: PgColumn<...>; }; dia...' is not assignable to parameter of type 'SQL<unknown> | PgTable<TableConfig> | Subquery<string, Record<string, unknown>> | PgViewBase<string, boolean, ColumnsSelection>'.
  Type 'PgTableWithColumns<{ name: "user_api_keys"; schema: undefined; columns: { id: PgColumn<{ name: "id"; tableName: "user_api_keys"; dataType: "number"; columnType: "PgInteger"; data: number; driverParam: string | number; ... 8 more ...; generated: undefined; }, {}, {}>; ... 4 more ...; updated_at: PgColumn<...>; }; dia...' is not assignable to type 'PgTable<TableConfig>'.
    The types of '_.config.columns' are incompatible between these types.
      Type '{ id: PgColumn<{ name: "id"; tableName: "user_api_keys"; dataType: "number"; columnType: "PgInteger"; data: number; driverParam: string | number; notNull: true; hasDefault: true; isPrimaryKey: true; ... 5 more ...; generated: undefined; }, {}, {}>; ... 4 more ...; updated_at: PgColumn<...>; }' is not assignable to type 'Record<string, PgColumn<ColumnBaseConfig<ColumnDataType, string>, {}, {}>>'.
        Property 'id' is incompatible with index signature.
          Type 'PgColumn<{ name: "id"; tableName: "user_api_keys"; dataType: "number"; columnType: "PgInteger"; data: number; driverParam: string | number; notNull: true; hasDefault: true; isPrimaryKey: true; isAutoincrement: false; ... 4 more ...; generated: undefined; }, {}, {}>' is not assignable to type 'PgColumn<ColumnBaseConfig<ColumnDataType, string>, {}, {}>'.
            The types of 'table._.config.columns' are incompatible between these types.
              Type 'Record<string, import("C:/Users/prett/OneDrive/Desktop/projects/SoloSuccess-AI/node_modules/drizzle-orm/pg-core/columns/common").PgColumn<import("C:/Users/prett/OneDrive/Desktop/projects/SoloSuccess-AI/node_modules/drizzle-orm/column").ColumnBaseConfig<import("C:/Users/prett/OneDrive/Desktop/projects/SoloSuccess-AI/...' is not assignable to type 'Record<string, import("C:/Users/prett/OneDrive/Desktop/projects/SoloSuccess-AI/server/node_modules/drizzle-orm/pg-core/columns/common").PgColumn<import("C:/Users/prett/OneDrive/Desktop/projects/SoloSuccess-AI/server/node_modules/drizzle-orm/column").ColumnBaseConfig<import("C:/Users/prett/OneDrive/Desktop/projects/S...'.
                'string' index signatures are incompatible.
                  Type 'import("C:/Users/prett/OneDrive/Desktop/projects/SoloSuccess-AI/node_modules/drizzle-orm/pg-core/columns/common").PgColumn<import("C:/Users/prett/OneDrive/Desktop/projects/SoloSuccess-AI/node_modules/drizzle-orm/column").ColumnBaseConfig<import("C:/Users/prett/OneDrive/Desktop/projects/SoloSuccess-AI/node_modules/dr...' is not assignable to type 'import("C:/Users/prett/OneDrive/Desktop/projects/SoloSuccess-AI/server/node_modules/drizzle-orm/pg-core/columns/common").PgColumn<import("C:/Users/prett/OneDrive/Desktop/projects/SoloSuccess-AI/server/node_modules/drizzle-orm/column").ColumnBaseConfig<import("C:/Users/prett/OneDrive/Desktop/projects/SoloSuccess-AI/s...'.
                    Property 'config' is protected but type 'Column<T, TRuntimeConfig, TTypeConfig>' is not a class derived from 'Column<T, TRuntimeConfig, TTypeConfig>'.
app/api/user/api-keys/route.ts(66,24): error TS2345: Argument of type 'SQL<unknown> | undefined' is not assignable to parameter of type 'SQL<unknown> | ((aliases: {} | Record<string, unknown> | ColumnsSelection | Record<string, PgColumn<ColumnBaseConfig<ColumnDataType, string>, {}, {}>>) => SQL<...> | undefined) | undefined'.
  Type 'SQL<unknown>' is not assignable to type 'SQL<unknown> | ((aliases: {} | Record<string, unknown> | ColumnsSelection | Record<string, PgColumn<ColumnBaseConfig<ColumnDataType, string>, {}, {}>>) => SQL<...> | undefined) | undefined'.
    Type 'import("C:/Users/prett/OneDrive/Desktop/projects/SoloSuccess-AI/node_modules/drizzle-orm/sql/sql").SQL<unknown>' is not assignable to type 'import("C:/Users/prett/OneDrive/Desktop/projects/SoloSuccess-AI/server/node_modules/drizzle-orm/sql/sql").SQL<unknown>'.
      Types have separate declarations of a private property 'shouldInlineParams'.
app/api/user/api-keys/route.ts(74,29): error TS2345: Argument of type 'PgTableWithColumns<{ name: "user_api_keys"; schema: undefined; columns: { id: PgColumn<{ name: "id"; tableName: "user_api_keys"; dataType: "number"; columnType: "PgInteger"; data: number; driverParam: string | number; ... 8 more ...; generated: undefined; }, {}, {}>; ... 4 more ...; updated_at: PgColumn<...>; }; dia...' is not assignable to parameter of type 'PgTable<TableConfig>'.
  The types of '_.config.columns' are incompatible between these types.
    Type '{ id: PgColumn<{ name: "id"; tableName: "user_api_keys"; dataType: "number"; columnType: "PgInteger"; data: number; driverParam: string | number; notNull: true; hasDefault: true; isPrimaryKey: true; ... 5 more ...; generated: undefined; }, {}, {}>; ... 4 more ...; updated_at: PgColumn<...>; }' is not assignable to type 'Record<string, PgColumn<ColumnBaseConfig<ColumnDataType, string>, {}, {}>>'.
      Property 'id' is incompatible with index signature.
        Type 'PgColumn<{ name: "id"; tableName: "user_api_keys"; dataType: "number"; columnType: "PgInteger"; data: number; driverParam: string | number; notNull: true; hasDefault: true; isPrimaryKey: true; isAutoincrement: false; ... 4 more ...; generated: undefined; }, {}, {}>' is not assignable to type 'PgColumn<ColumnBaseConfig<ColumnDataType, string>, {}, {}>'.
          The types of 'table._.config.columns' are incompatible between these types.
            Type 'Record<string, import("C:/Users/prett/OneDrive/Desktop/projects/SoloSuccess-AI/node_modules/drizzle-orm/pg-core/columns/common").PgColumn<import("C:/Users/prett/OneDrive/Desktop/projects/SoloSuccess-AI/node_modules/drizzle-orm/column").ColumnBaseConfig<import("C:/Users/prett/OneDrive/Desktop/projects/SoloSuccess-AI/...' is not assignable to type 'Record<string, import("C:/Users/prett/OneDrive/Desktop/projects/SoloSuccess-AI/server/node_modules/drizzle-orm/pg-core/columns/common").PgColumn<import("C:/Users/prett/OneDrive/Desktop/projects/SoloSuccess-AI/server/node_modules/drizzle-orm/column").ColumnBaseConfig<import("C:/Users/prett/OneDrive/Desktop/projects/S...'.
              'string' index signatures are incompatible.
                Type 'import("C:/Users/prett/OneDrive/Desktop/projects/SoloSuccess-AI/node_modules/drizzle-orm/pg-core/columns/common").PgColumn<import("C:/Users/prett/OneDrive/Desktop/projects/SoloSuccess-AI/node_modules/drizzle-orm/column").ColumnBaseConfig<import("C:/Users/prett/OneDrive/Desktop/projects/SoloSuccess-AI/node_modules/dr...' is not assignable to type 'import("C:/Users/prett/OneDrive/Desktop/projects/SoloSuccess-AI/server/node_modules/drizzle-orm/pg-core/columns/common").PgColumn<import("C:/Users/prett/OneDrive/Desktop/projects/SoloSuccess-AI/server/node_modules/drizzle-orm/column").ColumnBaseConfig<import("C:/Users/prett/OneDrive/Desktop/projects/SoloSuccess-AI/s...'.
                  Property 'config' is protected but type 'Column<T, TRuntimeConfig, TTypeConfig>' is not a class derived from 'Column<T, TRuntimeConfig, TTypeConfig>'.
app/api/user/api-keys/route.ts(79,28): error TS2345: Argument of type 'import("C:/Users/prett/OneDrive/Desktop/projects/SoloSuccess-AI/node_modules/drizzle-orm/sql/sql").SQL<unknown>' is not assignable to parameter of type 'import("C:/Users/prett/OneDrive/Desktop/projects/SoloSuccess-AI/server/node_modules/drizzle-orm/sql/sql").SQL<unknown>'.
  Types have separate declarations of a private property 'shouldInlineParams'.
app/api/user/api-keys/route.ts(79,59): error TS2339: Property 'id' does not exist on type '{} | { [x: string]: never; } | { [x: string]: never; } | { [x: string]: unknown; }'.
  Property 'id' does not exist on type '{}'.
app/api/user/api-keys/route.ts(82,29): error TS2345: Argument of type 'PgTableWithColumns<{ name: "user_api_keys"; schema: undefined; columns: { id: PgColumn<{ name: "id"; tableName: "user_api_keys"; dataType: "number"; columnType: "PgInteger"; data: number; driverParam: string | number; ... 8 more ...; generated: undefined; }, {}, {}>; ... 4 more ...; updated_at: PgColumn<...>; }; dia...' is not assignable to parameter of type 'PgTable<TableConfig>'.
  The types of '_.config.columns' are incompatible between these types.
    Type '{ id: PgColumn<{ name: "id"; tableName: "user_api_keys"; dataType: "number"; columnType: "PgInteger"; data: number; driverParam: string | number; notNull: true; hasDefault: true; isPrimaryKey: true; ... 5 more ...; generated: undefined; }, {}, {}>; ... 4 more ...; updated_at: PgColumn<...>; }' is not assignable to type 'Record<string, PgColumn<ColumnBaseConfig<ColumnDataType, string>, {}, {}>>'.
      Property 'id' is incompatible with index signature.
        Type 'PgColumn<{ name: "id"; tableName: "user_api_keys"; dataType: "number"; columnType: "PgInteger"; data: number; driverParam: string | number; notNull: true; hasDefault: true; isPrimaryKey: true; isAutoincrement: false; ... 4 more ...; generated: undefined; }, {}, {}>' is not assignable to type 'PgColumn<ColumnBaseConfig<ColumnDataType, string>, {}, {}>'.
          The types of 'table._.config.columns' are incompatible between these types.
            Type 'Record<string, import("C:/Users/prett/OneDrive/Desktop/projects/SoloSuccess-AI/node_modules/drizzle-orm/pg-core/columns/common").PgColumn<import("C:/Users/prett/OneDrive/Desktop/projects/SoloSuccess-AI/node_modules/drizzle-orm/column").ColumnBaseConfig<import("C:/Users/prett/OneDrive/Desktop/projects/SoloSuccess-AI/...' is not assignable to type 'Record<string, import("C:/Users/prett/OneDrive/Desktop/projects/SoloSuccess-AI/server/node_modules/drizzle-orm/pg-core/columns/common").PgColumn<import("C:/Users/prett/OneDrive/Desktop/projects/SoloSuccess-AI/server/node_modules/drizzle-orm/column").ColumnBaseConfig<import("C:/Users/prett/OneDrive/Desktop/projects/S...'.
              'string' index signatures are incompatible.
                Type 'import("C:/Users/prett/OneDrive/Desktop/projects/SoloSuccess-AI/node_modules/drizzle-orm/pg-core/columns/common").PgColumn<import("C:/Users/prett/OneDrive/Desktop/projects/SoloSuccess-AI/node_modules/drizzle-orm/column").ColumnBaseConfig<import("C:/Users/prett/OneDrive/Desktop/projects/SoloSuccess-AI/node_modules/dr...' is not assignable to type 'import("C:/Users/prett/OneDrive/Desktop/projects/SoloSuccess-AI/server/node_modules/drizzle-orm/pg-core/columns/common").PgColumn<import("C:/Users/prett/OneDrive/Desktop/projects/SoloSuccess-AI/server/node_modules/drizzle-orm/column").ColumnBaseConfig<import("C:/Users/prett/OneDrive/Desktop/projects/SoloSuccess-AI/s...'.
                  Property 'config' is protected but type 'Column<T, TRuntimeConfig, TTypeConfig>' is not a class derived from 'Column<T, TRuntimeConfig, TTypeConfig>'.
app/api/user/progress/route.ts(31,59): error TS2339: Property 'extractErrors' does not exist on type 'ZodError<{ xp: number; level: number; totalActions: number; }>'.
app/api/user/route.ts(11,27): error TS6133: 'request' is declared but its value is never read.
app/api/workflow/executions/route.ts(6,20): error TS6133: 'logInfo' is declared but its value is never read.
app/api/workflow/templates/route.ts(6,20): error TS6133: 'logInfo' is declared but its value is never read.
app/api/workflows/[id]/execute/route.ts(79,20): error TS6133: 'variables' is declared but its value is never read.
app/api/workflows/[id]/execute/route.ts(79,31): error TS6133: 'options' is declared but its value is never read.
app/api/workflows/route.ts(5,1): error TS6133: 'neon' is declared but its value is never read.
app/api/workflows/stats/route.ts(6,15): error TS6133: 'eq' is declared but its value is never read.
app/api/workflows/templates/route.ts(5,10): error TS6133: 'logger' is declared but its value is never read.
app/auth/2fa/page.tsx(28,15): error TS2339: Property 'data' does not exist on type 'void'.
app/auth/2fa/page.tsx(28,21): error TS2339: Property 'error' does not exist on type 'void'.
app/auth/2fa/page.tsx(28,82): error TS2554: Expected 0 arguments, but got 1.
app/auth/device-approval/page.tsx(110,31): error TS2339: Property 'message' does not exist on type 'never'.
app/auth/sessions/page.tsx(48,32): error TS2339: Property 'message' does not exist on type 'never'.
app/auth/sessions/page.tsx(64,82): error TS2554: Expected 0 arguments, but got 1.
app/auth/sessions/page.tsx(69,30): error TS2339: Property 'message' does not exist on type 'never'.
app/auth/sessions/page.tsx(85,30): error TS2339: Property 'message' does not exist on type 'never'.
app/blog/page.tsx(9,1): error TS6133: 'CyberButton' is declared but its value is never read.
app/blog/page.tsx(11,30): error TS6133: 'ArrowRight' is declared but its value is never read.
app/careers/page.tsx(9,40): error TS6133: 'TrendingUp' is declared but its value is never read.
app/careers/page.tsx(9,52): error TS6133: 'Target' is declared but its value is never read.
app/community/page.tsx(7,59): error TS6133: 'Bell' is declared but its value is never read.
app/compliance/page.tsx(7,41): error TS6133: 'Users' is declared but its value is never read.
app/compliance/page.tsx(7,48): error TS6133: 'CheckCircle' is declared but its value is never read.
app/custom-agents/page.tsx(5,1): error TS6133: 'React' is declared but its value is never read.
app/dashboard/agents/page.tsx(5,10): error TS6133: 'logger' is declared but its value is never read.
app/dashboard/agents/page.tsx(5,28): error TS6133: 'logWarn' is declared but its value is never read.
app/dashboard/agents/page.tsx(5,37): error TS6133: 'logInfo' is declared but its value is never read.
app/dashboard/agents/page.tsx(5,46): error TS6133: 'logDebug' is declared but its value is never read.
app/dashboard/agents/page.tsx(5,56): error TS6133: 'logApi' is declared but its value is never read.
app/dashboard/agents/page.tsx(5,64): error TS6133: 'logDb' is declared but its value is never read.
app/dashboard/agents/page.tsx(5,71): error TS6133: 'logAuth' is declared but its value is never read.
app/dashboard/agents/page.tsx(6,8): error TS6133: 'React' is declared but its value is never read.
app/dashboard/analytics/page.tsx(5,8): error TS6133: 'React' is declared but its value is never read.
app/dashboard/analytics/page.tsx(6,18): error TS6133: 'AnimatePresence' is declared but its value is never read.
app/dashboard/analytics/page.tsx(8,14): error TS6133: 'PieChart' is declared but its value is never read.
app/dashboard/analytics/page.tsx(8,24): error TS6133: 'LineChart' is declared but its value is never read.
app/dashboard/analytics/page.tsx(8,35): error TS6133: 'TrendingUp' is declared but its value is never read.
app/dashboard/analytics/page.tsx(8,84): error TS6133: 'Clock' is declared but its value is never read.
app/dashboard/analytics/page.tsx(8,91): error TS6133: 'Zap' is declared but its value is never read.
app/dashboard/analytics/page.tsx(8,96): error TS6133: 'Sparkles' is declared but its value is never read.
app/dashboard/analytics/page.tsx(8,127): error TS6133: 'Settings' is declared but its value is never read.
app/dashboard/analytics/page.tsx(8,137): error TS6133: 'Eye' is declared but its value is never read.
app/dashboard/analytics/page.tsx(8,142): error TS6133: 'Filter' is declared but its value is never read.
app/dashboard/analytics/page.tsx(8,150): error TS6133: 'Maximize2' is declared but its value is never read.
app/dashboard/analytics/page.tsx(8,168): error TS6133: 'Shield' is declared but its value is never read.
app/dashboard/analytics/page.tsx(8,176): error TS6133: 'Trophy' is declared but its value is never read.
app/dashboard/analytics/page.tsx(8,184): error TS6133: 'Star' is declared but its value is never read.
app/dashboard/analytics/page.tsx(8,190): error TS6133: 'ArrowRight' is declared but its value is never read.
app/dashboard/analytics/page.tsx(8,222): error TS6133: 'Calendar' is declared but its value is never read.
app/dashboard/analytics/page.tsx(8,232): error TS6133: 'TrendingDown' is declared but its value is never read.
app/dashboard/analytics/page.tsx(13,1): error TS6133: 'Progress' is declared but its value is never read.
app/dashboard/analytics/page.tsx(14,1): error TS6133: 'ScrollArea' is declared but its value is never read.
app/dashboard/analytics/page.tsx(22,9): error TS6133: 'user' is declared but its value is never read.
app/dashboard/analytics/page.tsx(71,7): error TS2304: Cannot find name 'logError'.
app/dashboard/billing/page.tsx(10,3): error TS6133: 'CreditCard' is declared but its value is never read.
app/dashboard/billing/page.tsx(13,3): error TS6133: 'Check' is declared but its value is never read.
app/dashboard/billing/page.tsx(14,3): error TS6133: 'X' is declared but its value is never read.
app/dashboard/billing/page.tsx(15,3): error TS6133: 'Shield' is declared but its value is never read.
app/dashboard/billing/page.tsx(17,3): error TS6133: 'Users' is declared but its value is never read.
app/dashboard/billing/page.tsx(18,3): error TS6133: 'ArrowRight' is declared but its value is never read.
app/dashboard/billing/page.tsx(20,3): error TS6133: 'Trophy' is declared but its value is never read.
app/dashboard/billing/page.tsx(21,3): error TS6133: 'Clock' is declared but its value is never read.
app/dashboard/billing/page.tsx(22,3): error TS6133: 'DollarSign' is declared but its value is never read.
app/dashboard/billing/page.tsx(24,3): error TS6133: 'Download' is declared but its value is never read.
app/dashboard/billing/page.tsx(25,3): error TS6133: 'AlertTriangle' is declared but its value is never read.
app/dashboard/billing/page.tsx(32,1): error TS6133: 'Badge' is declared but its value is never read.
app/dashboard/billing/page.tsx(39,21): error TS6133: 'setIsLoading' is declared but its value is never read.
app/dashboard/billing/page.tsx(56,9): error TS2304: Cannot find name 'logError'.
app/dashboard/brand/page.tsx(6,8): error TS6133: 'React' is declared but its value is never read.
app/dashboard/brand/page.tsx(20,1): error TS6133: 'Badge' is declared but its value is never read.
app/dashboard/collaboration/sessions/[id]/page.tsx(3,10): error TS6133: 'logger' is declared but its value is never read.
app/dashboard/collaboration/sessions/[id]/page.tsx(4,8): error TS6133: 'React' is declared but its value is never read.
app/dashboard/competitors/[id]/edit/page.tsx(5,10): error TS6133: 'logger' is declared but its value is never read.
app/dashboard/competitors/[id]/edit/page.tsx(10,43): error TS6133: 'CheckCircle' is declared but its value is never read.
app/dashboard/competitors/[id]/edit/page.tsx(10,97): error TS6133: 'Shield' is declared but its value is never read.
app/dashboard/competitors/[id]/edit/page.tsx(13,29): error TS6133: 'CardHeader' is declared but its value is never read.
app/dashboard/competitors/[id]/edit/page.tsx(13,41): error TS6133: 'CardTitle' is declared but its value is never read.
app/dashboard/competitors/[id]/edit/page.tsx(13,52): error TS6133: 'CardDescription' is declared but its value is never read.
app/dashboard/competitors/[id]/page.tsx(4,10): error TS6133: 'logger' is declared but its value is never read.
app/dashboard/competitors/[id]/page.tsx(4,28): error TS6133: 'logWarn' is declared but its value is never read.
app/dashboard/competitors/[id]/page.tsx(4,37): error TS6133: 'logInfo' is declared but its value is never read.
app/dashboard/competitors/[id]/page.tsx(4,46): error TS6133: 'logDebug' is declared but its value is never read.
app/dashboard/competitors/[id]/page.tsx(4,56): error TS6133: 'logApi' is declared but its value is never read.
app/dashboard/competitors/[id]/page.tsx(4,64): error TS6133: 'logDb' is declared but its value is never read.
app/dashboard/competitors/[id]/page.tsx(4,71): error TS6133: 'logAuth' is declared but its value is never read.
app/dashboard/competitors/[id]/page.tsx(9,87): error TS6133: 'AlertTriangle' is declared but its value is never read.
app/dashboard/competitors/[id]/page.tsx(146,9): error TS6133: 'getSeverityColor' is declared but its value is never read.
app/dashboard/competitors/add/page.tsx(5,10): error TS6133: 'logger' is declared but its value is never read.
app/dashboard/competitors/add/page.tsx(5,28): error TS6133: 'logWarn' is declared but its value is never read.
app/dashboard/competitors/add/page.tsx(5,37): error TS6133: 'logInfo' is declared but its value is never read.
app/dashboard/competitors/add/page.tsx(5,46): error TS6133: 'logDebug' is declared but its value is never read.
app/dashboard/competitors/add/page.tsx(5,56): error TS6133: 'logApi' is declared but its value is never read.
app/dashboard/competitors/add/page.tsx(5,64): error TS6133: 'logDb' is declared but its value is never read.
app/dashboard/competitors/add/page.tsx(5,71): error TS6133: 'logAuth' is declared but its value is never read.
app/dashboard/competitors/add/page.tsx(10,50): error TS6133: 'Shield' is declared but its value is never read.
app/dashboard/competitors/add/page.tsx(10,63): error TS6133: 'Zap' is declared but its value is never read.
app/dashboard/competitors/discover/page.tsx(5,10): error TS6133: 'logger' is declared but its value is never read.
app/dashboard/competitors/discover/page.tsx(10,28): error TS6133: 'Eye' is declared but its value is never read.
app/dashboard/competitors/discover/page.tsx(10,33): error TS6133: 'Zap' is declared but its value is never read.
app/dashboard/competitors/discover/page.tsx(10,133): error TS6133: 'Sparkles' is declared but its value is never read.
app/dashboard/competitors/discover/page.tsx(13,29): error TS6133: 'CardHeader' is declared but its value is never read.
app/dashboard/competitors/discover/page.tsx(13,41): error TS6133: 'CardTitle' is declared but its value is never read.
app/dashboard/competitors/discover/page.tsx(13,52): error TS6133: 'CardDescription' is declared but its value is never read.
app/dashboard/competitors/import/page.tsx(5,10): error TS6133: 'logger' is declared but its value is never read.
app/dashboard/competitors/import/page.tsx(5,28): error TS6133: 'logWarn' is declared but its value is never read.
app/dashboard/competitors/import/page.tsx(5,37): error TS6133: 'logInfo' is declared but its value is never read.
app/dashboard/competitors/import/page.tsx(5,46): error TS6133: 'logDebug' is declared but its value is never read.
app/dashboard/competitors/import/page.tsx(5,56): error TS6133: 'logApi' is declared but its value is never read.
app/dashboard/competitors/import/page.tsx(5,64): error TS6133: 'logDb' is declared but its value is never read.
app/dashboard/competitors/import/page.tsx(5,71): error TS6133: 'logAuth' is declared but its value is never read.
app/dashboard/competitors/import/page.tsx(13,29): error TS6133: 'CardHeader' is declared but its value is never read.
app/dashboard/competitors/import/page.tsx(13,41): error TS6133: 'CardTitle' is declared but its value is never read.
app/dashboard/competitors/import/page.tsx(13,52): error TS6133: 'CardDescription' is declared but its value is never read.
app/dashboard/competitors/import/page.tsx(17,1): error TS6133: 'Input' is declared but its value is never read.
app/dashboard/competitors/intelligence/page.tsx(3,8): error TS6133: 'React' is declared but its value is never read.
app/dashboard/competitors/intelligence/page.tsx(19,3): error TS6133: 'Globe' is declared but its value is never read.
app/dashboard/competitors/intelligence/page.tsx(24,3): error TS6133: 'Eye' is declared but its value is never read.
app/dashboard/competitors/intelligence/page.tsx(28,3): error TS6133: 'Shield' is declared but its value is never read.
app/dashboard/competitors/intelligence/page.tsx(37,10): error TS6133: 'logger' is declared but its value is never read.
app/dashboard/competitors/intelligence/page.tsx(81,10): error TS6133: 'getTypeIcon' is declared but its value is never read.
app/dashboard/competitors/page.tsx(5,10): error TS6133: 'logger' is declared but its value is never read.
app/dashboard/competitors/page.tsx(5,28): error TS6133: 'logWarn' is declared but its value is never read.
app/dashboard/competitors/page.tsx(5,37): error TS6133: 'logInfo' is declared but its value is never read.
app/dashboard/competitors/page.tsx(5,46): error TS6133: 'logDebug' is declared but its value is never read.
app/dashboard/competitors/page.tsx(5,56): error TS6133: 'logApi' is declared but its value is never read.
app/dashboard/competitors/page.tsx(5,64): error TS6133: 'logDb' is declared but its value is never read.
app/dashboard/competitors/page.tsx(5,71): error TS6133: 'logAuth' is declared but its value is never read.
app/dashboard/competitors/page.tsx(6,8): error TS6133: 'React' is declared but its value is never read.
app/dashboard/competitors/page.tsx(9,11): error TS6133: 'Filter' is declared but its value is never read.
app/dashboard/competitors/page.tsx(9,194): error TS6133: 'Crosshair' is declared but its value is never read.
app/dashboard/competitors/page.tsx(156,17): error TS6133: 'employeeCount' is declared but its value is never read.
app/dashboard/competitors/page.tsx(263,9): error TS6133: 'getThreatLevelBadge' is declared but its value is never read.
app/dashboard/competitors/page.tsx(288,9): error TS6133: 'getActivityColor' is declared but its value is never read.
app/dashboard/incinerator/page.tsx(16,52): error TS6133: 'CardDescription' is declared but its value is never read.
app/dashboard/incinerator/page.tsx(21,1): error TS6133: 'Badge' is declared but its value is never read.
app/dashboard/incinerator/page.tsx(22,1): error TS6133: 'Progress' is declared but its value is never read.
app/dashboard/incinerator/page.tsx(67,13): error TS2304: Cannot find name 'logError'.
app/dashboard/learning/page.tsx(4,8): error TS6133: 'React' is declared but its value is never read.
app/dashboard/learning/page.tsx(22,3): error TS6133: 'Users' is declared but its value is never read.
app/dashboard/learning/page.tsx(28,3): error TS6133: 'Lightbulb' is declared but its value is never read.
app/dashboard/learning/page.tsx(30,3): error TS6133: 'Calendar' is declared but its value is never read.
app/dashboard/learning/page.tsx(32,3): error TS6133: 'Eye' is declared but its value is never read.
app/dashboard/learning/page.tsx(38,10): error TS6133: 'logger' is declared but its value is never read.
app/dashboard/learning/page.tsx(118,13): error TS6133: 'modules' is declared but its value is never read.
app/dashboard/learning/page.tsx(779,54): error TS6133: 'index' is declared but its value is never read.
app/dashboard/notifications/page.tsx(14,34): error TS6133: 'Settings' is declared but its value is never read.
app/dashboard/page.tsx(4,20): error TS6133: 'logInfo' is declared but its value is never read.
app/dashboard/page.tsx(6,53): error TS6133: 'ReactNode' is declared but its value is never read.
app/dashboard/page.tsx(42,11): error TS6133: 'user' is declared but its value is never read.
app/dashboard/page.tsx(309,17): error TS6133: 'dashboardUser' is declared but its value is never read.
app/dashboard/settings/page.tsx(9,1): error TS6133: 'Button' is declared but its value is never read.
app/dashboard/settings/page.tsx(15,3): error TS6133: 'LogOut' is declared but its value is never read.
app/dashboard/settings/page.tsx(20,3): error TS6133: 'Lock' is declared but its value is never read.
app/dashboard/settings/page.tsx(23,3): error TS6133: 'Globe' is declared but its value is never read.
app/dashboard/settings/page.tsx(26,3): error TS6133: 'CheckCircle' is declared but its value is never read.
app/dashboard/slaylist/page.tsx(4,10): error TS6133: 'logger' is declared but its value is never read.
app/dashboard/slaylist/page.tsx(4,28): error TS6133: 'logWarn' is declared but its value is never read.
app/dashboard/slaylist/page.tsx(4,37): error TS6133: 'logInfo' is declared but its value is never read.
app/dashboard/slaylist/page.tsx(4,46): error TS6133: 'logDebug' is declared but its value is never read.
app/dashboard/slaylist/page.tsx(4,56): error TS6133: 'logApi' is declared but its value is never read.
app/dashboard/slaylist/page.tsx(4,64): error TS6133: 'logDb' is declared but its value is never read.
app/dashboard/slaylist/page.tsx(4,71): error TS6133: 'logAuth' is declared but its value is never read.
app/dashboard/slaylist/page.tsx(18,3): error TS6133: 'CheckSquare' is declared but its value is never read.
app/dashboard/slaylist/page.tsx(23,3): error TS6133: 'TrendingUp' is declared but its value is never read.
app/dashboard/slaylist/page.tsx(30,15): error TS6133: 'TerminalIcon' is declared but its value is never read.
app/dashboard/templates/[id]/page.tsx(7,10): error TS6133: 'logger' is declared but its value is never read.
app/dashboard/templates/[id]/page.tsx(9,1): error TS6133: 'getTemplateBySlug' is declared but its value is never read.
app/dashboard/templates/[id]/page.tsx(31,9): error TS6133: 'router' is declared but its value is never read.
app/dashboard/templates/[id]/page.tsx(32,9): error TS6133: 'user' is declared but its value is never read.
app/dashboard/templates/[id]/page.tsx(36,10): error TS6133: 'saving' is declared but its value is never read.
app/dashboard/templates/page.tsx(5,8): error TS6133: 'React' is declared but its value is never read.
app/dashboard/templates/page.tsx(30,1): error TS6192: All imports in import declaration are unused.
app/dashboard/templates/page.tsx(87,11): error TS6133: 'saveTemplate' is declared but its value is never read.
app/dashboard/templates/page.tsx(142,9): error TS2304: Cannot find name 'logError'.
app/dashboard/templates/page.tsx(211,7): error TS2304: Cannot find name 'logError'.
app/dashboard/templates/page.tsx(243,7): error TS2304: Cannot find name 'logError'.
app/dashboard/templates/page.tsx(272,7): error TS2304: Cannot find name 'logError'.
app/dashboard/workspace/page.tsx(7,29): error TS6133: 'CardHeader' is declared but its value is never read.
app/dashboard/workspace/page.tsx(7,41): error TS6133: 'CardTitle' is declared but its value is never read.
app/dashboard/workspace/page.tsx(7,52): error TS6133: 'CardDescription' is declared but its value is never read.
app/dashboard/workspace/page.tsx(12,3): error TS6133: 'FileText' is declared but its value is never read.
app/dashboard/workspace/page.tsx(28,9): error TS6133: 'router' is declared but its value is never read.
app/dashboard/workspace/page.tsx(66,34): error TS2322: Type '{ variant: "pulse"; text: string; }' is not assignable to type 'IntrinsicAttributes & LoadingProps'.
  Property 'text' does not exist on type 'IntrinsicAttributes & LoadingProps'.
app/error.tsx(3,10): error TS6133: 'logger' is declared but its value is never read.
app/error.tsx(3,28): error TS6133: 'logWarn' is declared but its value is never read.
app/error.tsx(3,37): error TS6133: 'logInfo' is declared but its value is never read.
app/error.tsx(3,46): error TS6133: 'logDebug' is declared but its value is never read.
app/error.tsx(3,56): error TS6133: 'logApi' is declared but its value is never read.
app/error.tsx(3,64): error TS6133: 'logDb' is declared but its value is never read.
app/error.tsx(3,71): error TS6133: 'logAuth' is declared but its value is never read.
app/features/page.tsx(11,3): error TS6133: 'Target' is declared but its value is never read.
app/features/page.tsx(12,3): error TS6133: 'Zap' is declared but its value is never read.
app/features/page.tsx(13,3): error TS6133: 'Shield' is declared but its value is never read.
app/features/page.tsx(14,3): error TS6133: 'Users' is declared but its value is never read.
app/features/page.tsx(15,3): error TS6133: 'Briefcase' is declared but its value is never read.
app/features/page.tsx(16,3): error TS6133: 'Calendar' is declared but its value is never read.
app/features/page.tsx(17,3): error TS6133: 'MessageCircle' is declared but its value is never read.
app/features/page.tsx(18,3): error TS6133: 'Palette' is declared but its value is never read.
app/features/page.tsx(19,3): error TS6133: 'Focus' is declared but its value is never read.
app/features/page.tsx(20,3): error TS6133: 'CheckCircle' is declared but its value is never read.
app/help/page.tsx(75,85): error TS2322: Type '{ children: (false | Element)[]; key: number; variant: "hover"; className: string; onClick: () => void; }' is not assignable to type 'IntrinsicAttributes & HudBorderProps'.
  Property 'onClick' does not exist on type 'IntrinsicAttributes & HudBorderProps'.
app/layout.tsx(3,19): error TS6133: 'FontSans' is declared but its value is never read.
app/page.tsx(3,8): error TS6133: 'React' is declared but its value is never read.
app/page.tsx(7,18): error TS6133: 'Zap' is declared but its value is never read.
app/page.tsx(7,30): error TS6133: 'ChevronRight' is declared but its value is never read.
app/page.tsx(96,10): error TS6133: 'mounted' is declared but its value is never read.
app/pricing/accelerator/page.tsx(8,3): error TS6133: 'Sparkles' is declared but its value is never read.
app/pricing/accelerator/page.tsx(11,3): error TS6133: 'Target' is declared but its value is never read.
app/pricing/accelerator/page.tsx(12,3): error TS6133: 'Shield' is declared but its value is never read.
app/pricing/accelerator/page.tsx(16,3): error TS6133: 'Trophy' is declared but its value is never read.
app/pricing/accelerator/page.tsx(17,3): error TS6133: 'Clock' is declared but its value is never read.
app/pricing/accelerator/page.tsx(18,3): error TS6133: 'Check' is declared but its value is never read.
app/pricing/accelerator/page.tsx(19,3): error TS6133: 'ChevronRight' is declared but its value is never read.
app/pricing/accelerator/page.tsx(21,3): error TS6133: 'Award' is declared but its value is never read.
app/pricing/accelerator/page.tsx(24,29): error TS6133: 'CardHeader' is declared but its value is never read.
app/pricing/accelerator/page.tsx(24,41): error TS6133: 'CardTitle' is declared but its value is never read.
app/pricing/dominator/page.tsx(15,3): error TS6133: 'Gem' is declared but its value is never read.
app/pricing/dominator/page.tsx(16,3): error TS6133: 'Sword' is declared but its value is never read.
app/pricing/launch/page.tsx(8,3): error TS6133: 'Sparkles' is declared but its value is never read.
app/pricing/launch/page.tsx(10,3): error TS6133: 'Zap' is declared but its value is never read.
app/pricing/launch/page.tsx(16,3): error TS6133: 'Trophy' is declared but its value is never read.
app/pricing/launch/page.tsx(17,3): error TS6133: 'Clock' is declared but its value is never read.
app/pricing/launch/page.tsx(18,3): error TS6133: 'Check' is declared but its value is never read.
app/pricing/launch/page.tsx(19,3): error TS6133: 'ChevronRight' is declared but its value is never read.
app/pricing/launch/page.tsx(21,3): error TS6133: 'Award' is declared but its value is never read.
app/pricing/launch/page.tsx(31,3): error TS6133: 'SergeantDivider' is declared but its value is never read.
app/pricing/launch/page.tsx(32,3): error TS6133: 'StatsBadge' is declared but its value is never read.
app/pricing/page.tsx(7,1): error TS6133: 'Check' is declared but its value is never read.
app/privacy/page.tsx(7,18): error TS6133: 'FileText' is declared but its value is never read.
app/privacy/page.tsx(7,28): error TS6133: 'Lock' is declared but its value is never read.
app/privacy/page.tsx(7,34): error TS6133: 'Eye' is declared but its value is never read.
app/privacy/page.tsx(7,39): error TS6133: 'Database' is declared but its value is never read.
app/security/page.tsx(7,37): error TS6133: 'CheckCircle' is declared but its value is never read.
app/team/page.tsx(48,9): error TS6133: '_sendMessage' is declared but its value is never read.
app/templates/[templateSlug]/page.tsx(44,26): error TS2322: Type '"outline"' is not assignable to type '"cyan" | "purple" | "magenta" | "lime" | "orange" | undefined'.
app/templates/[templateSlug]/page.tsx(48,21): error TS2322: Type '"default" | "secondary"' is not assignable to type '"cyan" | "purple" | "magenta" | "lime" | "orange" | undefined'.
  Type '"default"' is not assignable to type '"cyan" | "purple" | "magenta" | "lime" | "orange" | undefined'.
app/templates/page.tsx(67,83): error TS2339: Property 'name' does not exist on type 'TemplateSummary'.
app/workflows/page.tsx(5,1): error TS6133: 'React' is declared but its value is never read.
app/workflows/page.tsx(13,3): error TS6133: 'ArrowRight' is declared but its value is never read.
examples/stripe-usage.ts(9,16): error TS7030: Not all code paths return a value.
hooks/useSwipe.ts(1,20): error TS6133: 'useEffect' is declared but its value is never read.
hooks/useSwipe.ts(1,31): error TS6133: 'useRef' is declared but its value is never read.
scripts/auth-diag.ts(7,7): error TS6133: '__dirname' is declared but its value is never read.
scripts/auth-diag.ts(18,10): error TS6133: 'eq' is declared but its value is never read.
scripts/init-unified-briefcase.ts(1,10): error TS6133: 'logger' is declared but its value is never read.
scripts/init-unified-briefcase.ts(1,28): error TS6133: 'logWarn' is declared but its value is never read.
scripts/init-unified-briefcase.ts(1,46): error TS6133: 'logDebug' is declared but its value is never read.
scripts/init-unified-briefcase.ts(1,56): error TS6133: 'logApi' is declared but its value is never read.
scripts/init-unified-briefcase.ts(1,64): error TS6133: 'logDb' is declared but its value is never read.
scripts/init-unified-briefcase.ts(1,71): error TS6133: 'logAuth' is declared but its value is never read.
scripts/promote-admin.ts(9,1): error TS6133: 'bcrypt' is declared but its value is never read.
scripts/root_inspect_db.ts(4,23): error TS2307: Cannot find module './src/lib/database-client' or its corresponding type declarations.
scripts/root_proxy.ts(2,28): error TS2307: Cannot find module './src/auth.config' or its corresponding type declarations.
scripts/root_proxy.ts(8,9): error TS6133: 'nextUrl' is declared but its value is never read.
scripts/root_proxy.ts(11,9): error TS6133: 'isLoggedIn' is declared but its value is never read.
scripts/root_proxy.ts(31,9): error TS6133: 'csp' is declared but its value is never read.
scripts/root_reset_db.ts(3,23): error TS2307: Cannot find module './src/lib/database-client' or its corresponding type declarations.
scripts/setup-database.ts(14,10): error TS6133: 'logger' is declared but its value is never read.
scripts/setup-database.ts(14,28): error TS6133: 'logWarn' is declared but its value is never read.
scripts/setup-database.ts(14,46): error TS6133: 'logDebug' is declared but its value is never read.
scripts/setup-database.ts(14,56): error TS6133: 'logApi' is declared but its value is never read.
scripts/setup-database.ts(14,64): error TS6133: 'logDb' is declared but its value is never read.
scripts/setup-database.ts(14,71): error TS6133: 'logAuth' is declared but its value is never read.
scripts/test-collaboration-apis.ts(6,10): error TS6133: 'logger' is declared but its value is never read.
scripts/test-collaboration-apis.ts(6,28): error TS6133: 'logWarn' is declared but its value is never read.
scripts/test-collaboration-apis.ts(6,46): error TS6133: 'logDebug' is declared but its value is never read.
scripts/test-collaboration-apis.ts(6,56): error TS6133: 'logApi' is declared but its value is never read.
scripts/test-collaboration-apis.ts(6,64): error TS6133: 'logDb' is declared but its value is never read.
scripts/test-collaboration-apis.ts(6,71): error TS6133: 'logAuth' is declared but its value is never read.
scripts/test-collaboration-apis.ts(7,1): error TS6133: 'NextResponse' is declared but its value is never read.
scripts/test-collaboration-apis.ts(11,7): error TS6133: 'mockUser' is declared but its value is never read.
scripts/test-learning-analytics.ts(3,10): error TS2305: Module '"@/db/schema"' has no exported member 'userProgress'.
scripts/test-learning-analytics.ts(3,42): error TS6133: 'users' is declared but its value is never read.
scripts/test-learning-analytics.ts(4,19): error TS6133: 'desc' is declared but its value is never read.
scripts/test-learning-analytics.ts(4,25): error TS6133: 'gte' is declared but its value is never read.
scripts/test-onboarding-ai.ts(4,1): error TS6133: 'logInfo' is declared but its value is never read.
scripts/verify-realtime-monitoring.ts(10,10): error TS6133: 'users' is declared but its value is never read.
scripts/verify-realtime-monitoring.ts(11,10): error TS6133: 'sql' is declared but its value is never read.
scripts/verify-realtime-monitoring.ts(42,21): error TS2353: Object literal may only specify known properties, and 'data' does not exist in type '{ config: Record<string, any>; status: "pending" | "running" | "completed" | "failed" | "skipped"; id: string; name: string; type: "email" | "action" | "trigger" | "notification" | ... 8 more ... | "transform_data"; ... 5 more ...; description?: string | undefined; }'.
scripts/verify-realtime-monitoring.ts(49,21): error TS2353: Object literal may only specify known properties, and 'data' does not exist in type '{ config: Record<string, any>; status: "pending" | "running" | "completed" | "failed" | "skipped"; id: string; name: string; type: "email" | "action" | "trigger" | "notification" | ... 8 more ... | "transform_data"; ... 5 more ...; description?: string | undefined; }'.
scripts/verify-realtime-monitoring.ts(61,21): error TS2353: Object literal may only specify known properties, and 'data' does not exist in type '{ config: Record<string, any>; status: "pending" | "running" | "completed" | "failed" | "skipped"; id: string; name: string; type: "email" | "action" | "trigger" | "notification" | ... 8 more ... | "transform_data"; ... 5 more ...; description?: string | undefined; }'.
scripts/verify-realtime-monitoring.ts(121,42): error TS2769: No overload matches this call.
  Overload 1 of 3, '(left: PgColumn<{ name: "id"; tableName: "workflows"; dataType: "number"; columnType: "PgInteger"; data: number; driverParam: string | number; notNull: true; hasDefault: true; isPrimaryKey: true; isAutoincrement: false; ... 4 more ...; generated: undefined; }, {}, {}>, right: number | SQLWrapper): SQL<...>', gave the following error.
    Argument of type 'string | number' is not assignable to parameter of type 'number | SQLWrapper'.
      Type 'string' is not assignable to type 'number | SQLWrapper'.
  Overload 2 of 3, '(left: Aliased<string | number>, right: string | number | SQLWrapper): SQL<unknown>', gave the following error.
    Argument of type 'PgColumn<{ name: "id"; tableName: "workflows"; dataType: "number"; columnType: "PgInteger"; data: number; driverParam: string | number; notNull: true; hasDefault: true; isPrimaryKey: true; isAutoincrement: false; ... 4 more ...; generated: undefined; }, {}, {}>' is not assignable to parameter of type 'Aliased<string | number>'.
      Type 'PgColumn<{ name: "id"; tableName: "workflows"; dataType: "number"; columnType: "PgInteger"; data: number; driverParam: string | number; notNull: true; hasDefault: true; isPrimaryKey: true; isAutoincrement: false; ... 4 more ...; generated: undefined; }, {}, {}>' is missing the following properties from type 'Aliased<string | number>': sql, fieldAlias
  Overload 3 of 3, '(left: never, right: unknown): SQL<unknown>', gave the following error.
    Argument of type 'PgColumn<{ name: "id"; tableName: "workflows"; dataType: "number"; columnType: "PgInteger"; data: number; driverParam: string | number; notNull: true; hasDefault: true; isPrimaryKey: true; isAutoincrement: false; ... 4 more ...; generated: undefined; }, {}, {}>' is not assignable to parameter of type 'never'.
scripts/verify-websocket.ts(19,9): error TS6133: 'serverStarted' is declared but its value is never read.
server/index.ts(10,25): error TS6133: 'or' is declared but its value is never read.
server/index.ts(11,1): error TS6133: 'z' is declared but its value is never read.
server/index.ts(16,1): error TS6192: All imports in import declaration are unused.
server/index.ts(77,5): error TS6133: 'req' is declared but its value is never read.
server/index.ts(77,27): error TS6133: 'res' is declared but its value is never read.
server/index.ts(184,30): error TS7030: Not all code paths return a value.
server/index.ts(213,29): error TS7030: Not all code paths return a value.
server/index.ts(241,27): error TS7030: Not all code paths return a value.
server/index.ts(293,19): error TS6133: 'req' is declared but its value is never read.
server/index.ts(303,25): error TS6133: 'req' is declared but its value is never read.
server/index.ts(313,22): error TS7030: Not all code paths return a value.
server/index.ts(359,32): error TS7030: Not all code paths return a value.
server/index.ts(394,23): error TS7030: Not all code paths return a value.
server/index.ts(419,24): error TS7030: Not all code paths return a value.
server/index.ts(452,30): error TS7030: Not all code paths return a value.
server/index.ts(488,30): error TS7030: Not all code paths return a value.
server/index.ts(512,26): error TS7030: Not all code paths return a value.
server/index.ts(530,31): error TS7030: Not all code paths return a value.
server/index.ts(560,23): error TS7030: Not all code paths return a value.
server/index.ts(595,25): error TS7030: Not all code paths return a value.
server/index.ts(620,26): error TS7030: Not all code paths return a value.
server/index.ts(652,25): error TS7030: Not all code paths return a value.
server/index.ts(682,26): error TS7030: Not all code paths return a value.
server/index.ts(737,19): error TS6133: 'req' is declared but its value is never read.
server/index.ts(737,41): error TS6133: 'res' is declared but its value is never read.
server/index.ts(741,67): error TS6133: 'next' is declared but its value is never read.
server/middleware/admin.ts(22,23): error TS7030: Not all code paths return a value.
server/middleware/auth.ts(9,17): error TS7030: Not all code paths return a value.
server/middleware/auth.ts(33,48): error TS6133: 'res' is declared but its value is never read.
server/middleware/checkSuspended.ts(11,31): error TS7030: Not all code paths return a value.
server/routes/admin.ts(14,28): error TS7030: Not all code paths return a value.
server/routes/admin.ts(39,33): error TS6133: 'req' is declared but its value is never read.
server/routes/admin.ts(92,30): error TS7030: Not all code paths return a value.
server/routes/admin.ts(145,37): error TS6133: 'req' is declared but its value is never read.
server/routes/ai.ts(129,20): error TS6133: 'req' is declared but its value is never read.
server/routes/ai.ts(299,62): error TS7030: Not all code paths return a value.
server/routes/contacts.ts(33,20): error TS7030: Not all code paths return a value.
server/routes/contacts.ts(58,18): error TS7030: Not all code paths return a value.
server/routes/contacts.ts(93,20): error TS7030: Not all code paths return a value.
server/routes/contacts.ts(139,23): error TS7030: Not all code paths return a value.
server/routes/dashboard.ts(3,54): error TS6133: 'competitorReports' is declared but its value is never read.
server/routes/dashboard.ts(4,20): error TS6133: 'and' is declared but its value is never read.
server/routes/dashboard.ts(4,25): error TS6133: 'sql' is declared but its value is never read.
server/routes/dashboard.ts(48,15): error TS6133: 'context' is declared but its value is never read.
server/routes/notifications.ts(137,53): error TS7030: Not all code paths return a value.
server/routes/pitchDecks.ts(22,38): error TS2339: Property 'generatedAt' does not exist on type 'PgTableWithColumns<{ name: "pitch_decks"; schema: undefined; columns: { id: PgColumn<{ name: "id"; tableName: "pitch_decks"; dataType: "string"; columnType: "PgText"; data: string; driverParam: string; notNull: true; hasDefault: false; ... 6 more ...; generated: undefined; }, {}, {}>; ... 6 more ...; updatedAt: PgCo...'.
server/routes/pitchDecks.ts(32,20): error TS7030: Not all code paths return a value.
server/routes/pitchDecks.ts(57,18): error TS7030: Not all code paths return a value.
server/routes/pitchDecks.ts(108,20): error TS7030: Not all code paths return a value.
server/routes/pitchDecks.ts(144,23): error TS7030: Not all code paths return a value.
server/routes/resources.ts(19,53): error TS7030: Not all code paths return a value.
server/routes/resources.ts(36,54): error TS7030: Not all code paths return a value.
server/routes/resources.ts(57,60): error TS7030: Not all code paths return a value.
server/routes/search.ts(13,43): error TS7030: Not all code paths return a value.
server/routes/search.ts(16,15): error TS6198: All destructured elements are unused.
server/routes/stripe.ts(12,41): error TS7030: Not all code paths return a value.
server/routes/stripe.ts(52,29): error TS7030: Not all code paths return a value.
server/routes/stripe.ts(76,22): error TS7030: Not all code paths return a value.
server/routes/stripe.ts(85,15): error TS6133: 'currentMonth' is declared but its value is never read.
server/routes/stripe.ts(109,33): error TS7030: Not all code paths return a value.
server/routes/stripe.ts(139,68): error TS7030: Not all code paths return a value.
server/stripe.ts(217,5): error TS6133: 'type' is declared but its value is never read.
src/components/admin/AdminDashboard.tsx(1,27): error TS6133: 'useEffect' is declared but its value is never read.
src/components/admin/AdminDashboard.tsx(10,5): error TS6133: 'Search' is declared but its value is never read.
src/components/admin/Analytics.tsx(1,1): error TS6133: 'React' is declared but its value is never read.
src/components/admin/SubscriptionMetrics.tsx(1,8): error TS6133: 'React' is declared but its value is never read.
src/components/admin/SystemHealth.tsx(1,8): error TS6133: 'React' is declared but its value is never read.
src/components/admin/UserTable.tsx(1,8): error TS6133: 'React' is declared but its value is never read.
src/components/admin/UserTable.tsx(2,18): error TS6133: 'MoreVertical' is declared but its value is never read.
src/components/admin/UserTable.tsx(2,50): error TS6133: 'XCircle' is declared but its value is never read.
src/components/AgentChat.tsx(3,36): error TS6133: 'Info' is declared but its value is never read.
src/components/AgentChat.tsx(3,109): error TS6133: 'RefreshCcw' is declared but its value is never read.
src/components/AgentChat.tsx(105,67): error TS2353: Object literal may only specify known properties, and 'completedAt' does not exist in type 'Partial<Task>'.
src/components/AgentChat.tsx(229,107): error TS2769: No overload matches this call.
  Overload 1 of 4, '(value: string | number | Date): Date', gave the following error.
    Argument of type 'number | undefined' is not assignable to parameter of type 'string | number | Date'.
      Type 'undefined' is not assignable to type 'string | number | Date'.
  Overload 2 of 4, '(value: string | number): Date', gave the following error.
    Argument of type 'number | undefined' is not assignable to parameter of type 'string | number'.
      Type 'undefined' is not assignable to type 'string | number'.
src/components/ai/task-intelligence-panel.tsx(3,10): error TS6133: 'logger' is declared but its value is never read.
src/components/ai/task-intelligence-panel.tsx(3,28): error TS6133: 'logWarn' is declared but its value is never read.
src/components/ai/task-intelligence-panel.tsx(3,37): error TS6133: 'logInfo' is declared but its value is never read.
src/components/ai/task-intelligence-panel.tsx(3,46): error TS6133: 'logDebug' is declared but its value is never read.
src/components/ai/task-intelligence-panel.tsx(3,56): error TS6133: 'logApi' is declared but its value is never read.
src/components/ai/task-intelligence-panel.tsx(3,64): error TS6133: 'logDb' is declared but its value is never read.
src/components/ai/task-intelligence-panel.tsx(3,71): error TS6133: 'logAuth' is declared but its value is never read.
src/components/ai/task-intelligence-panel.tsx(15,3): error TS6133: 'TrendingUp' is declared but its value is never read.
src/components/ai/task-intelligence-panel.tsx(19,3): error TS6133: 'Calendar' is declared but its value is never read.
src/components/ai/task-intelligence-panel.tsx(25,48): error TS6133: 'WorkloadAnalysis' is declared but its value is never read.
src/components/ai/task-intelligence-panel.tsx(169,23): error TS2322: Type '"default" | "secondary" | "destructive"' is not assignable to type '"cyan" | "purple" | "magenta" | "lime" | "orange" | undefined'.
  Type '"default"' is not assignable to type '"cyan" | "purple" | "magenta" | "lime" | "orange" | undefined'.
src/components/ai/task-intelligence-panel.tsx(236,38): error TS2322: Type '"outline"' is not assignable to type '"cyan" | "purple" | "magenta" | "lime" | "orange" | undefined'.
src/components/ai/task-intelligence-panel.tsx(239,38): error TS2322: Type '"outline"' is not assignable to type '"cyan" | "purple" | "magenta" | "lime" | "orange" | undefined'.
src/components/ai/task-intelligence-panel.tsx(242,38): error TS2322: Type '"outline"' is not assignable to type '"cyan" | "purple" | "magenta" | "lime" | "orange" | undefined'.
src/components/ai/task-intelligence-panel.tsx(293,38): error TS2322: Type '"outline"' is not assignable to type '"cyan" | "purple" | "magenta" | "lime" | "orange" | undefined'.
src/components/analytics/advanced-data-visualization.tsx(30,1): error TS6133: 'cn' is declared but its value is never read.
src/components/analytics/advanced-data-visualization.tsx(238,11): error TS6133: 'metricValue' is declared but its value is never read.
src/components/analytics/custom-report-builder-enhanced.tsx(91,3): error TS6133: 'onExport' is declared but its value is never read.
src/components/analytics/custom-report-builder.tsx(4,1): error TS6192: All imports in import declaration are unused.
src/components/analytics/custom-report-builder.tsx(5,10): error TS6133: 'Card' is declared but its value is never read.
src/components/analytics/custom-report-builder.tsx(14,79): error TS6133: 'DialogTrigger' is declared but its value is never read.
src/components/analytics/custom-report-builder.tsx(16,1): error TS6133: 'Separator' is declared but its value is never read.
src/components/analytics/custom-report-builder.tsx(21,3): error TS6133: 'Download' is declared but its value is never read.
src/components/analytics/custom-report-builder.tsx(33,3): error TS6133: 'DollarSign' is declared but its value is never read.
src/components/analytics/custom-report-builder.tsx(34,3): error TS6133: 'Clock' is declared but its value is never read.
src/components/analytics/custom-report-builder.tsx(36,3): error TS6133: 'AlertCircle' is declared but its value is never read.
src/components/analytics/custom-report-builder.tsx(37,3): error TS6133: 'Info' is declared but its value is never read.
src/components/analytics/custom-report-builder.tsx(38,3): error TS6133: 'Sparkles' is declared but its value is never read.
src/components/analytics/custom-report-builder.tsx(39,3): error TS6133: 'Zap' is declared but its value is never read.
src/components/analytics/custom-report-builder.tsx(40,3): error TS6133: 'Crown' is declared but its value is never read.
src/components/analytics/custom-report-builder.tsx(44,1): error TS6133: 'cn' is declared but its value is never read.
src/components/analytics/custom-report-builder.tsx(46,10): error TS6133: 'logger' is declared but its value is never read.
src/components/analytics/predictive-insights-dashboard.tsx(3,8): error TS6133: 'React' is declared but its value is never read.
src/components/analytics/predictive-insights-dashboard.tsx(5,18): error TS6133: 'AnimatePresence' is declared but its value is never read.
src/components/analytics/predictive-insights-dashboard.tsx(9,1): error TS6133: 'Progress' is declared but its value is never read.
src/components/analytics/predictive-insights-dashboard.tsx(10,1): error TS6192: All imports in import declaration are unused.
src/components/analytics/predictive-insights-dashboard.tsx(18,3): error TS6133: 'Clock' is declared but its value is never read.
src/components/analytics/predictive-insights-dashboard.tsx(22,3): error TS6133: 'PieChart' is declared but its value is never read.
src/components/analytics/predictive-insights-dashboard.tsx(26,3): error TS6133: 'Sparkles' is declared but its value is never read.
src/components/analytics/predictive-insights-dashboard.tsx(30,3): error TS6133: 'Download' is declared but its value is never read.
src/components/analytics/predictive-insights-dashboard.tsx(31,3): error TS6133: 'Bell' is declared but its value is never read.
src/components/analytics/predictive-insights-dashboard.tsx(167,9): error TS6133: 'getCategoryIcon' is declared but its value is never read.
src/components/analytics/predictive-insights-dashboard.tsx(362,32): error TS2322: Type '"outline"' is not assignable to type '"cyan" | "purple" | "magenta" | "lime" | "orange" | undefined'.
src/components/analytics/predictive-insights-dashboard.tsx(365,32): error TS2322: Type '"outline"' is not assignable to type '"cyan" | "purple" | "magenta" | "lime" | "orange" | undefined'.
src/components/analytics/predictive-insights-dashboard.tsx(510,26): error TS2322: Type '"outline"' is not assignable to type '"cyan" | "purple" | "magenta" | "lime" | "orange" | undefined'.
src/components/analytics/productivity-dashboard.tsx(3,10): error TS6133: 'logger' is declared but its value is never read.
src/components/analytics/productivity-dashboard.tsx(3,28): error TS6133: 'logWarn' is declared but its value is never read.
src/components/analytics/productivity-dashboard.tsx(3,37): error TS6133: 'logInfo' is declared but its value is never read.
src/components/analytics/productivity-dashboard.tsx(3,46): error TS6133: 'logDebug' is declared but its value is never read.
src/components/analytics/productivity-dashboard.tsx(3,56): error TS6133: 'logApi' is declared but its value is never read.
src/components/analytics/productivity-dashboard.tsx(3,64): error TS6133: 'logDb' is declared but its value is never read.
src/components/analytics/productivity-dashboard.tsx(3,71): error TS6133: 'logAuth' is declared but its value is never read.
src/components/auth/register-form.tsx(21,10): error TS6133: 'ageError' is declared but its value is never read.
src/components/Billing.tsx(1,8): error TS6133: 'React' is declared but its value is never read.
src/components/Billing.tsx(79,29): error TS2345: Argument of type 'unknown' is not assignable to parameter of type 'SetStateAction<Subscription | null>'.
src/components/Billing.tsx(80,22): error TS2345: Argument of type '{} | { aiGenerations: number; competitorsTracked: number; businessProfiles: number; }' is not assignable to parameter of type 'SetStateAction<Usage | null>'.
  Type '{}' is not assignable to type 'SetStateAction<Usage | null>'.
src/components/Billing.tsx(96,17): error TS18046: 'response' is of type 'unknown'.
src/components/Billing.tsx(97,40): error TS18046: 'response' is of type 'unknown'.
src/components/Billing.tsx(114,17): error TS18046: 'response' is of type 'unknown'.
src/components/Billing.tsx(115,40): error TS18046: 'response' is of type 'unknown'.
src/components/briefcase/advanced-search-panel.tsx(3,10): error TS6133: 'logger' is declared but its value is never read.
src/components/briefcase/advanced-search-panel.tsx(3,28): error TS6133: 'logWarn' is declared but its value is never read.
src/components/briefcase/advanced-search-panel.tsx(3,37): error TS6133: 'logInfo' is declared but its value is never read.
src/components/briefcase/advanced-search-panel.tsx(3,46): error TS6133: 'logDebug' is declared but its value is never read.
src/components/briefcase/advanced-search-panel.tsx(3,56): error TS6133: 'logApi' is declared but its value is never read.
src/components/briefcase/advanced-search-panel.tsx(3,64): error TS6133: 'logDb' is declared but its value is never read.
src/components/briefcase/advanced-search-panel.tsx(3,71): error TS6133: 'logAuth' is declared but its value is never read.
src/components/briefcase/advanced-search-panel.tsx(346,26): error TS2322: Type '"secondary"' is not assignable to type '"cyan" | "purple" | "magenta" | "lime" | "orange" | undefined'.
src/components/briefcase/advanced-search-panel.tsx(393,35): error TS2322: Type '"outline"' is not assignable to type '"cyan" | "purple" | "magenta" | "lime" | "orange" | undefined'.
src/components/briefcase/advanced-search-panel.tsx(407,34): error TS2322: Type '"outline"' is not assignable to type '"cyan" | "purple" | "magenta" | "lime" | "orange" | undefined'.
src/components/briefcase/advanced-search-panel.tsx(421,24): error TS2322: Type '"outline"' is not assignable to type '"cyan" | "purple" | "magenta" | "lime" | "orange" | undefined'.
src/components/briefcase/ai-insights-panel.tsx(3,10): error TS6133: 'logger' is declared but its value is never read.
src/components/briefcase/ai-insights-panel.tsx(3,28): error TS6133: 'logWarn' is declared but its value is never read.
src/components/briefcase/ai-insights-panel.tsx(3,37): error TS6133: 'logInfo' is declared but its value is never read.
src/components/briefcase/ai-insights-panel.tsx(3,46): error TS6133: 'logDebug' is declared but its value is never read.
src/components/briefcase/ai-insights-panel.tsx(3,56): error TS6133: 'logApi' is declared but its value is never read.
src/components/briefcase/ai-insights-panel.tsx(3,64): error TS6133: 'logDb' is declared but its value is never read.
src/components/briefcase/ai-insights-panel.tsx(3,71): error TS6133: 'logAuth' is declared but its value is never read.
src/components/briefcase/ai-insights-panel.tsx(4,8): error TS6133: 'React' is declared but its value is never read.
src/components/briefcase/ai-insights-panel.tsx(270,23): error TS2322: Type '"outline"' is not assignable to type '"cyan" | "purple" | "magenta" | "lime" | "orange" | undefined'.
src/components/briefcase/ai-insights-panel.tsx(393,34): error TS2322: Type '"outline"' is not assignable to type '"cyan" | "purple" | "magenta" | "lime" | "orange" | undefined'.
src/components/briefcase/ai-insights-panel.tsx(603,36): error TS2322: Type '"outline"' is not assignable to type '"cyan" | "purple" | "magenta" | "lime" | "orange" | undefined'.
src/components/briefcase/bulk-operations-panel.tsx(3,10): error TS6133: 'logger' is declared but its value is never read.
src/components/briefcase/bulk-operations-panel.tsx(3,28): error TS6133: 'logWarn' is declared but its value is never read.
src/components/briefcase/bulk-operations-panel.tsx(3,37): error TS6133: 'logInfo' is declared but its value is never read.
src/components/briefcase/bulk-operations-panel.tsx(3,46): error TS6133: 'logDebug' is declared but its value is never read.
src/components/briefcase/bulk-operations-panel.tsx(3,56): error TS6133: 'logApi' is declared but its value is never read.
src/components/briefcase/bulk-operations-panel.tsx(3,64): error TS6133: 'logDb' is declared but its value is never read.
src/components/briefcase/bulk-operations-panel.tsx(3,71): error TS6133: 'logAuth' is declared but its value is never read.
src/components/briefcase/bulk-operations-panel.tsx(4,8): error TS6133: 'React' is declared but its value is never read.
src/components/briefcase/bulk-operations-panel.tsx(10,1): error TS6133: 'Textarea' is declared but its value is never read.
src/components/briefcase/bulk-operations-panel.tsx(18,103): error TS6133: 'FileText' is declared but its value is never read.
src/components/briefcase/bulk-operations-panel.tsx(18,113): error TS6133: 'Hash' is declared but its value is never read.
src/components/briefcase/bulk-operations-panel.tsx(314,38): error TS2322: Type '"outline"' is not assignable to type '"cyan" | "purple" | "magenta" | "lime" | "orange" | undefined'.
src/components/briefcase/bulk-operations-panel.tsx(327,38): error TS2322: Type '"secondary"' is not assignable to type '"cyan" | "purple" | "magenta" | "lime" | "orange" | undefined'.
src/components/briefcase/document-versioning-modal.tsx(3,10): error TS6133: 'logger' is declared but its value is never read.
src/components/briefcase/document-versioning-modal.tsx(3,28): error TS6133: 'logWarn' is declared but its value is never read.
src/components/briefcase/document-versioning-modal.tsx(3,37): error TS6133: 'logInfo' is declared but its value is never read.
src/components/briefcase/document-versioning-modal.tsx(3,46): error TS6133: 'logDebug' is declared but its value is never read.
src/components/briefcase/document-versioning-modal.tsx(3,56): error TS6133: 'logApi' is declared but its value is never read.
src/components/briefcase/document-versioning-modal.tsx(3,64): error TS6133: 'logDb' is declared but its value is never read.
src/components/briefcase/document-versioning-modal.tsx(3,71): error TS6133: 'logAuth' is declared but its value is never read.
src/components/briefcase/document-versioning-modal.tsx(4,8): error TS6133: 'React' is declared but its value is never read.
src/components/briefcase/document-versioning-modal.tsx(19,82): error TS6133: 'ArrowRight' is declared but its value is never read.
src/components/briefcase/document-versioning-modal.tsx(74,3): error TS6133: '_currentUserName' is declared but its value is never read.
src/components/briefcase/document-versioning-modal.tsx(421,34): error TS2322: Type '"outline"' is not assignable to type '"cyan" | "purple" | "magenta" | "lime" | "orange" | undefined'.
src/components/briefcase/document-versioning-modal.tsx(604,25): error TS6133: '_selectedVersionObj' is declared but its value is never read.
src/components/briefcase/enhanced-dashboard.tsx(3,10): error TS6133: 'logger' is declared but its value is never read.
src/components/briefcase/enhanced-dashboard.tsx(3,28): error TS6133: 'logWarn' is declared but its value is never read.
src/components/briefcase/enhanced-dashboard.tsx(3,37): error TS6133: 'logInfo' is declared but its value is never read.
src/components/briefcase/enhanced-dashboard.tsx(3,46): error TS6133: 'logDebug' is declared but its value is never read.
src/components/briefcase/enhanced-dashboard.tsx(3,56): error TS6133: 'logApi' is declared but its value is never read.
src/components/briefcase/enhanced-dashboard.tsx(3,64): error TS6133: 'logDb' is declared but its value is never read.
src/components/briefcase/enhanced-dashboard.tsx(3,71): error TS6133: 'logAuth' is declared but its value is never read.
src/components/briefcase/enhanced-dashboard.tsx(4,8): error TS6133: 'React' is declared but its value is never read.
src/components/briefcase/enhanced-dashboard.tsx(14,1): error TS6133: 'motion' is declared but its value is never read.
src/components/briefcase/enhanced-dashboard.tsx(17,3): error TS6133: 'BarChart3' is declared but its value is never read.
src/components/briefcase/enhanced-dashboard.tsx(17,214): error TS6133: 'Shield' is declared but its value is never read.
src/components/briefcase/enhanced-dashboard.tsx(411,54): error TS6133: 'index' is declared but its value is never read.
src/components/briefcase/enhanced-dashboard.tsx(415,30): error TS2322: Type '"outline"' is not assignable to type '"cyan" | "purple" | "magenta" | "lime" | "orange" | undefined'.
src/components/briefcase/enhanced-dashboard.tsx(581,32): error TS2322: Type '"outline"' is not assignable to type '"cyan" | "purple" | "magenta" | "lime" | "orange" | undefined'.
src/components/briefcase/enhanced-dashboard.tsx(718,36): error TS2322: Type '"outline"' is not assignable to type '"cyan" | "purple" | "magenta" | "lime" | "orange" | undefined'.
src/components/briefcase/enhanced-file-preview-modal.tsx(3,10): error TS6133: 'logger' is declared but its value is never read.
src/components/briefcase/enhanced-file-preview-modal.tsx(3,28): error TS6133: 'logWarn' is declared but its value is never read.
src/components/briefcase/enhanced-file-preview-modal.tsx(3,37): error TS6133: 'logInfo' is declared but its value is never read.
src/components/briefcase/enhanced-file-preview-modal.tsx(3,46): error TS6133: 'logDebug' is declared but its value is never read.
src/components/briefcase/enhanced-file-preview-modal.tsx(3,56): error TS6133: 'logApi' is declared but its value is never read.
src/components/briefcase/enhanced-file-preview-modal.tsx(3,64): error TS6133: 'logDb' is declared but its value is never read.
src/components/briefcase/enhanced-file-preview-modal.tsx(3,71): error TS6133: 'logAuth' is declared but its value is never read.
src/components/briefcase/enhanced-file-preview-modal.tsx(4,8): error TS6133: 'React' is declared but its value is never read.
src/components/briefcase/enhanced-file-preview-modal.tsx(11,1): error TS6192: All imports in import declaration are unused.
src/components/briefcase/enhanced-file-preview-modal.tsx(15,147): error TS6133: 'Share2' is declared but its value is never read.
src/components/briefcase/enhanced-file-preview-modal.tsx(15,155): error TS6133: 'Edit' is declared but its value is never read.
src/components/briefcase/enhanced-file-preview-modal.tsx(15,161): error TS6133: 'Trash2' is declared but its value is never read.
src/components/briefcase/enhanced-file-preview-modal.tsx(15,169): error TS6133: 'Star' is declared but its value is never read.
src/components/briefcase/enhanced-file-preview-modal.tsx(15,175): error TS6133: 'StarOff' is declared but its value is never read.
src/components/briefcase/enhanced-file-preview-modal.tsx(96,9): error TS6133: 'toast' is declared but its value is never read.
src/components/briefcase/enhanced-file-preview-modal.tsx(254,24): error TS6133: 'filename' is declared but its value is never read.
src/components/briefcase/enhanced-file-preview-modal.tsx(417,24): error TS2322: Type '"secondary"' is not assignable to type '"cyan" | "purple" | "magenta" | "lime" | "orange" | undefined'.
src/components/briefcase/enhanced-file-preview-modal.tsx(419,26): error TS2322: Type '"outline"' is not assignable to type '"cyan" | "purple" | "magenta" | "lime" | "orange" | undefined'.
src/components/briefcase/file-metadata-panel.tsx(3,27): error TS6133: 'useEffect' is declared but its value is never read.
src/components/briefcase/file-metadata-panel.tsx(7,1): error TS6133: 'Separator' is declared but its value is never read.
src/components/briefcase/file-metadata-panel.tsx(8,1): error TS6133: 'ScrollArea' is declared but its value is never read.
src/components/briefcase/file-metadata-panel.tsx(10,1): error TS6192: All imports in import declaration are unused.
src/components/briefcase/file-metadata-panel.tsx(12,23): error TS6133: 'User' is declared but its value is never read.
src/components/briefcase/file-metadata-panel.tsx(12,29): error TS6133: 'HardDrive' is declared but its value is never read.
src/components/briefcase/file-metadata-panel.tsx(429,34): error TS2322: Type '"outline"' is not assignable to type '"cyan" | "purple" | "magenta" | "lime" | "orange" | undefined'.
src/components/briefcase/file-sharing-modal.tsx(3,10): error TS6133: 'logger' is declared but its value is never read.
src/components/briefcase/file-sharing-modal.tsx(3,28): error TS6133: 'logWarn' is declared but its value is never read.
src/components/briefcase/file-sharing-modal.tsx(3,37): error TS6133: 'logInfo' is declared but its value is never read.
src/components/briefcase/file-sharing-modal.tsx(3,46): error TS6133: 'logDebug' is declared but its value is never read.
src/components/briefcase/file-sharing-modal.tsx(3,56): error TS6133: 'logApi' is declared but its value is never read.
src/components/briefcase/file-sharing-modal.tsx(3,64): error TS6133: 'logDb' is declared but its value is never read.
src/components/briefcase/file-sharing-modal.tsx(3,71): error TS6133: 'logAuth' is declared but its value is never read.
src/components/briefcase/file-sharing-modal.tsx(509,40): error TS2322: Type '"outline"' is not assignable to type '"cyan" | "purple" | "magenta" | "lime" | "orange" | undefined'.
src/components/briefcase/version-history-modal.tsx(3,10): error TS6133: 'logger' is declared but its value is never read.
src/components/briefcase/version-history-modal.tsx(3,28): error TS6133: 'logWarn' is declared but its value is never read.
src/components/briefcase/version-history-modal.tsx(3,37): error TS6133: 'logInfo' is declared but its value is never read.
src/components/briefcase/version-history-modal.tsx(3,46): error TS6133: 'logDebug' is declared but its value is never read.
src/components/briefcase/version-history-modal.tsx(3,56): error TS6133: 'logApi' is declared but its value is never read.
src/components/briefcase/version-history-modal.tsx(3,64): error TS6133: 'logDb' is declared but its value is never read.
src/components/briefcase/version-history-modal.tsx(3,71): error TS6133: 'logAuth' is declared but its value is never read.
src/components/briefcase/version-history-modal.tsx(4,8): error TS6133: 'React' is declared but its value is never read.
src/components/briefcase/version-history-modal.tsx(11,1): error TS6192: All imports in import declaration are unused.
src/components/briefcase/version-history-modal.tsx(16,83): error TS6133: 'AlertCircle' is declared but its value is never read.
src/components/briefcase/version-history-modal.tsx(57,3): error TS6133: 'currentUserId' is declared but its value is never read.
src/components/charts/RevenueChart.tsx(42,25): error TS2322: Type '(value: number) => [string, "Revenue"]' is not assignable to type 'Formatter<number, "Revenue">'.
  Types of parameters 'value' and 'value' are incompatible.
    Type 'number | undefined' is not assignable to type 'number'.
      Type 'undefined' is not assignable to type 'number'.
src/components/charts/RunwayChart.tsx(55,25): error TS2322: Type '(value: number) => [string, "Balance"]' is not assignable to type 'Formatter<number, "Balance">'.
  Types of parameters 'value' and 'value' are incompatible.
    Type 'number | undefined' is not assignable to type 'number'.
      Type 'undefined' is not assignable to type 'number'.
src/components/chat/floating-chat-button.tsx(3,8): error TS6133: 'React' is declared but its value is never read.
src/components/chat/floating-chat-button.tsx(6,25): error TS6133: 'X' is declared but its value is never read.
src/components/collaboration/AgentInterface.tsx(4,10): error TS6133: 'logger' is declared but its value is never read.
src/components/collaboration/AgentInterface.tsx(4,28): error TS6133: 'logWarn' is declared but its value is never read.
src/components/collaboration/AgentInterface.tsx(4,37): error TS6133: 'logInfo' is declared but its value is never read.
src/components/collaboration/AgentInterface.tsx(4,46): error TS6133: 'logDebug' is declared but its value is never read.
src/components/collaboration/AgentInterface.tsx(4,56): error TS6133: 'logApi' is declared but its value is never read.
src/components/collaboration/AgentInterface.tsx(4,64): error TS6133: 'logDb' is declared but its value is never read.
src/components/collaboration/AgentInterface.tsx(4,71): error TS6133: 'logAuth' is declared but its value is never read.
src/components/collaboration/AgentInterface.tsx(16,3): error TS6133: 'Zap' is declared but its value is never read.
src/components/collaboration/AgentInterface.tsx(22,3): error TS6133: 'Clock' is declared but its value is never read.
src/components/collaboration/AgentInterface.tsx(23,3): error TS6133: 'CheckCircle' is declared but its value is never read.
src/components/collaboration/AgentInterface.tsx(24,3): error TS6133: 'AlertCircle' is declared but its value is never read.
src/components/collaboration/AgentInterface.tsx(25,3): error TS6133: 'Play' is declared but its value is never read.
src/components/collaboration/AgentInterface.tsx(26,3): error TS6133: 'Pause' is declared but its value is never read.
src/components/collaboration/AgentInterface.tsx(27,3): error TS6133: 'Square' is declared but its value is never read.
src/components/collaboration/AgentInterface.tsx(30,3): error TS6133: 'Users' is declared but its value is never read.
src/components/collaboration/AgentInterface.tsx(31,3): error TS6133: 'Target' is declared but its value is never read.
src/components/collaboration/AgentInterface.tsx(60,11): error TS6196: 'AgentCapability' is declared but never used.
src/components/collaboration/AgentInterface.tsx(124,10): error TS6133: 'showDetails' is declared but its value is never read.
src/components/collaboration/AgentInterface.tsx(124,23): error TS6133: 'setShowDetails' is declared but its value is never read.
src/components/collaboration/AgentInterface.tsx(297,11): error TS6133: 'activeSessions' is declared but its value is never read.
src/components/collaboration/AgentInterface.tsx(301,11): error TS6133: 'activityLevel' is declared but its value is never read.
src/components/collaboration/AgentInterface.tsx(484,10): error TS6133: 'selectedAgent' is declared but its value is never read.
src/components/collaboration/collaboration-hub.tsx(250,32): error TS2322: Type '"default" | "secondary"' is not assignable to type '"cyan" | "purple" | "magenta" | "lime" | "orange" | undefined'.
  Type '"default"' is not assignable to type '"cyan" | "purple" | "magenta" | "lime" | "orange" | undefined'.
src/components/collaboration/collaboration-hub.tsx(350,20): error TS2322: Type '"default" | "secondary"' is not assignable to type '"cyan" | "purple" | "magenta" | "lime" | "orange" | undefined'.
  Type '"default"' is not assignable to type '"cyan" | "purple" | "magenta" | "lime" | "orange" | undefined'.
src/components/collaboration/squad-builder.tsx(4,18): error TS6133: 'AnimatePresence' is declared but its value is never read.
src/components/collaboration/squad-builder.tsx(327,45): error TS2322: Type '"secondary"' is not assignable to type '"cyan" | "purple" | "magenta" | "lime" | "orange" | undefined'.
src/components/CommandPalette.tsx(3,10): error TS6133: 'Search' is declared but its value is never read.
src/components/CommandPalette.tsx(3,100): error TS6133: 'ChevronRight' is declared but its value is never read.
src/components/CompetitorStalker.tsx(15,69): error TS6133: 'onNavigate' is declared but its value is never read.
src/components/CompetitorStalker.tsx(83,3): error TS18048: 'report.vulnerabilities' is possibly 'undefined'.
src/components/CompetitorStalker.tsx(255,61): error TS18048: 'report.metrics' is possibly 'undefined'.
src/components/CompetitorStalker.tsx(256,66): error TS18048: 'report.metrics' is possibly 'undefined'.
src/components/CompetitorStalker.tsx(257,62): error TS18048: 'report.metrics' is possibly 'undefined'.
src/components/CompetitorStalker.tsx(258,64): error TS18048: 'report.metrics' is possibly 'undefined'.
src/components/CompetitorStalker.tsx(259,59): error TS18048: 'report.metrics' is possibly 'undefined'.
src/components/CompetitorStalker.tsx(283,38): error TS18048: 'report.vulnerabilities' is possibly 'undefined'.
src/components/CompetitorStalker.tsx(314,34): error TS18048: 'report.intel' is possibly 'undefined'.
src/components/custom-agents/custom-agent-chat.tsx(181,26): error TS2322: Type '"outline"' is not assignable to type '"cyan" | "purple" | "magenta" | "lime" | "orange" | undefined'.
src/components/custom-agents/custom-agent-chat.tsx(185,26): error TS2322: Type '"outline"' is not assignable to type '"cyan" | "purple" | "magenta" | "lime" | "orange" | undefined'.
src/components/custom-agents/custom-agent-chat.tsx(285,36): error TS2322: Type '"outline"' is not assignable to type '"cyan" | "purple" | "magenta" | "lime" | "orange" | undefined'.
src/components/custom-agents/security-dashboard.tsx(3,10): error TS6133: 'logger' is declared but its value is never read.
src/components/custom-agents/security-dashboard.tsx(3,28): error TS6133: 'logWarn' is declared but its value is never read.
src/components/custom-agents/security-dashboard.tsx(3,37): error TS6133: 'logInfo' is declared but its value is never read.
src/components/custom-agents/security-dashboard.tsx(3,46): error TS6133: 'logDebug' is declared but its value is never read.
src/components/custom-agents/security-dashboard.tsx(3,56): error TS6133: 'logApi' is declared but its value is never read.
src/components/custom-agents/security-dashboard.tsx(3,64): error TS6133: 'logDb' is declared but its value is never read.
src/components/custom-agents/security-dashboard.tsx(3,71): error TS6133: 'logAuth' is declared but its value is never read.
src/components/custom-agents/security-dashboard.tsx(12,84): error TS6133: 'Key' is declared but its value is never read.
src/components/custom-agents/security-dashboard.tsx(12,89): error TS6133: 'UserCheck' is declared but its value is never read.
src/components/custom-agents/security-dashboard.tsx(12,100): error TS6133: 'Ban' is declared but its value is never read.
src/components/custom-agents/security-dashboard.tsx(257,48): error TS2322: Type '"outline"' is not assignable to type '"cyan" | "purple" | "magenta" | "lime" | "orange" | undefined'.
src/components/custom-agents/security-dashboard.tsx(271,48): error TS2322: Type '"outline"' is not assignable to type '"cyan" | "purple" | "magenta" | "lime" | "orange" | undefined'.
src/components/custom-agents/security-dashboard.tsx(300,30): error TS2322: Type '"default" | "secondary"' is not assignable to type '"cyan" | "purple" | "magenta" | "lime" | "orange" | undefined'.
  Type '"default"' is not assignable to type '"cyan" | "purple" | "magenta" | "lime" | "orange" | undefined'.
src/components/custom-agents/security-dashboard.tsx(306,30): error TS2322: Type '"default" | "secondary"' is not assignable to type '"cyan" | "purple" | "magenta" | "lime" | "orange" | undefined'.
  Type '"default"' is not assignable to type '"cyan" | "purple" | "magenta" | "lime" | "orange" | undefined'.
src/components/custom-agents/security-dashboard.tsx(312,30): error TS2322: Type '"default" | "secondary"' is not assignable to type '"cyan" | "purple" | "magenta" | "lime" | "orange" | undefined'.
  Type '"default"' is not assignable to type '"cyan" | "purple" | "magenta" | "lime" | "orange" | undefined'.
src/components/custom-agents/security-dashboard.tsx(318,30): error TS2322: Type '"default" | "secondary"' is not assignable to type '"cyan" | "purple" | "magenta" | "lime" | "orange" | undefined'.
  Type '"default"' is not assignable to type '"cyan" | "purple" | "magenta" | "lime" | "orange" | undefined'.
src/components/custom-agents/training-dashboard.tsx(3,10): error TS6133: 'logger' is declared but its value is never read.
src/components/custom-agents/training-dashboard.tsx(3,28): error TS6133: 'logWarn' is declared but its value is never read.
src/components/custom-agents/training-dashboard.tsx(3,37): error TS6133: 'logInfo' is declared but its value is never read.
src/components/custom-agents/training-dashboard.tsx(3,46): error TS6133: 'logDebug' is declared but its value is never read.
src/components/custom-agents/training-dashboard.tsx(3,56): error TS6133: 'logApi' is declared but its value is never read.
src/components/custom-agents/training-dashboard.tsx(3,64): error TS6133: 'logDb' is declared but its value is never read.
src/components/custom-agents/training-dashboard.tsx(3,71): error TS6133: 'logAuth' is declared but its value is never read.
src/components/custom-agents/training-dashboard.tsx(13,109): error TS6133: 'Settings' is declared but its value is never read.
src/components/custom-agents/training-dashboard.tsx(336,32): error TS2322: Type '"outline"' is not assignable to type '"cyan" | "purple" | "magenta" | "lime" | "orange" | undefined'.
src/components/custom-agents/training-dashboard.tsx(437,46): error TS2322: Type '"outline"' is not assignable to type '"cyan" | "purple" | "magenta" | "lime" | "orange" | undefined'.
src/components/custom-agents/training-dashboard.tsx(447,46): error TS2322: Type '"outline"' is not assignable to type '"cyan" | "purple" | "magenta" | "lime" | "orange" | undefined'.
src/components/custom-agents/training-dashboard.tsx(476,34): error TS2322: Type '"outline"' is not assignable to type '"cyan" | "purple" | "magenta" | "lime" | "orange" | undefined'.
src/components/cyber/CyberNav.tsx(4,1): error TS6133: 'SoloSuccessLogo' is declared but its value is never read.
src/components/cyber/InlineSSLogo.tsx(14,54): error TS6133: 'animated' is declared but its value is never read.
src/components/cyber/NeuralNetworkCanvas.tsx(32,7): error TS18047: 'canvas' is possibly 'null'.
src/components/cyber/NeuralNetworkCanvas.tsx(33,7): error TS18047: 'canvas' is possibly 'null'.
src/components/Dashboard.tsx(147,44): error TS2339: Property 'completedAt' does not exist on type 'Task'.
src/components/Dashboard.tsx(147,69): error TS2339: Property 'completedAt' does not exist on type 'Task'.
src/components/dashboard/competitive-threat-matrix.tsx(3,10): error TS6133: 'logger' is declared but its value is never read.
src/components/dashboard/competitive-threat-matrix.tsx(3,28): error TS6133: 'logWarn' is declared but its value is never read.
src/components/dashboard/competitive-threat-matrix.tsx(3,37): error TS6133: 'logInfo' is declared but its value is never read.
src/components/dashboard/competitive-threat-matrix.tsx(3,46): error TS6133: 'logDebug' is declared but its value is never read.
src/components/dashboard/competitive-threat-matrix.tsx(3,56): error TS6133: 'logApi' is declared but its value is never read.
src/components/dashboard/competitive-threat-matrix.tsx(3,64): error TS6133: 'logDb' is declared but its value is never read.
src/components/dashboard/competitive-threat-matrix.tsx(3,71): error TS6133: 'logAuth' is declared but its value is never read.
src/components/dashboard/competitive-threat-matrix.tsx(7,30): error TS6133: 'Eye' is declared but its value is never read.
src/components/dashboard/competitive-threat-matrix.tsx(7,35): error TS6133: 'Users' is declared but its value is never read.
src/components/dashboard/competitive-threat-matrix.tsx(7,42): error TS6133: 'DollarSign' is declared but its value is never read.
src/components/dashboard/competitive-threat-matrix.tsx(7,54): error TS6133: 'Calendar' is declared but its value is never read.
src/components/dashboard/competitive-threat-matrix.tsx(102,9): error TS6133: 'getQuadrantLabel' is declared but its value is never read.
src/components/dashboard/competitive-threat-matrix.tsx(109,9): error TS6133: 'getQuadrantColor' is declared but its value is never read.
src/components/dashboard/competitor-comparison-charts.tsx(3,10): error TS6133: 'logger' is declared but its value is never read.
src/components/dashboard/competitor-comparison-charts.tsx(3,28): error TS6133: 'logWarn' is declared but its value is never read.
src/components/dashboard/competitor-comparison-charts.tsx(3,37): error TS6133: 'logInfo' is declared but its value is never read.
src/components/dashboard/competitor-comparison-charts.tsx(3,46): error TS6133: 'logDebug' is declared but its value is never read.
src/components/dashboard/competitor-comparison-charts.tsx(3,56): error TS6133: 'logApi' is declared but its value is never read.
src/components/dashboard/competitor-comparison-charts.tsx(3,64): error TS6133: 'logDb' is declared but its value is never read.
src/components/dashboard/competitor-comparison-charts.tsx(3,71): error TS6133: 'logAuth' is declared but its value is never read.
src/components/dashboard/competitor-comparison-charts.tsx(7,52): error TS6133: 'Calendar' is declared but its value is never read.
src/components/dashboard/competitor-comparison-charts.tsx(7,102): error TS6133: 'Filter' is declared but its value is never read.
src/components/dashboard/competitor-comparison-charts.tsx(10,1): error TS6133: 'BossButton' is declared but its value is never read.
src/components/dashboard/competitor-comparison-charts.tsx(52,3): error TS6133: 'onCompetitorSelect' is declared but its value is never read.
src/components/dashboard/google-calendar-widget.tsx(4,1): error TS6133: 'Link' is declared but its value is never read.
src/components/dashboard/google-calendar-widget.tsx(5,10): error TS6133: 'Card' is declared but its value is never read.
src/components/dashboard/google-calendar-widget.tsx(6,1): error TS6133: 'Button' is declared but its value is never read.
src/components/dashboard/intelligence-dashboard.tsx(3,10): error TS6133: 'logger' is declared but its value is never read.
src/components/dashboard/intelligence-dashboard.tsx(3,28): error TS6133: 'logWarn' is declared but its value is never read.
src/components/dashboard/intelligence-dashboard.tsx(3,37): error TS6133: 'logInfo' is declared but its value is never read.
src/components/dashboard/intelligence-dashboard.tsx(3,46): error TS6133: 'logDebug' is declared but its value is never read.
src/components/dashboard/intelligence-dashboard.tsx(3,56): error TS6133: 'logApi' is declared but its value is never read.
src/components/dashboard/intelligence-dashboard.tsx(3,64): error TS6133: 'logDb' is declared but its value is never read.
src/components/dashboard/intelligence-dashboard.tsx(3,71): error TS6133: 'logAuth' is declared but its value is never read.
src/components/dashboard/intelligence-dashboard.tsx(7,73): error TS6133: 'Clock' is declared but its value is never read.
src/components/dashboard/intelligence-dashboard.tsx(7,80): error TS6133: 'Filter' is declared but its value is never read.
src/components/dashboard/intelligence-dashboard.tsx(7,88): error TS6133: 'Search' is declared but its value is never read.
src/components/dashboard/intelligence-dashboard.tsx(7,118): error TS6133: 'PieChart' is declared but its value is never read.
src/components/dashboard/intelligence-dashboard.tsx(7,128): error TS6133: 'Calendar' is declared but its value is never read.
src/components/dashboard/intelligence-dashboard.tsx(7,138): error TS6133: 'ArrowUp' is declared but its value is never read.
src/components/dashboard/intelligence-dashboard.tsx(7,147): error TS6133: 'ArrowDown' is declared but its value is never read.
src/components/dashboard/intelligence-dashboard.tsx(7,158): error TS6133: 'Minus' is declared but its value is never read.
src/components/dashboard/intelligence-dashboard.tsx(11,1): error TS6133: 'Input' is declared but its value is never read.
src/components/dashboard/intelligence-timeline.tsx(3,10): error TS6133: 'logger' is declared but its value is never read.
src/components/dashboard/intelligence-timeline.tsx(3,28): error TS6133: 'logWarn' is declared but its value is never read.
src/components/dashboard/intelligence-timeline.tsx(3,37): error TS6133: 'logInfo' is declared but its value is never read.
src/components/dashboard/intelligence-timeline.tsx(3,46): error TS6133: 'logDebug' is declared but its value is never read.
src/components/dashboard/intelligence-timeline.tsx(3,56): error TS6133: 'logApi' is declared but its value is never read.
src/components/dashboard/intelligence-timeline.tsx(3,64): error TS6133: 'logDb' is declared but its value is never read.
src/components/dashboard/intelligence-timeline.tsx(3,71): error TS6133: 'logAuth' is declared but its value is never read.
src/components/dashboard/intelligence-timeline.tsx(7,46): error TS6133: 'AlertTriangle' is declared but its value is never read.
src/components/dashboard/intelligence-timeline.tsx(7,81): error TS6133: 'Filter' is declared but its value is never read.
src/components/dashboard/market-positioning-map.tsx(3,1): error TS6192: All imports in import declaration are unused.
src/components/dashboard/market-positioning-map.tsx(4,1): error TS6133: 'motion' is declared but its value is never read.
src/components/dashboard/market-positioning-map.tsx(5,1): error TS6192: All imports in import declaration are unused.
src/components/dashboard/market-positioning-map.tsx(8,1): error TS6192: All imports in import declaration are unused.
src/components/dashboard/market-positioning-map.tsx(9,1): error TS6133: 'BossButton' is declared but its value is never read.
src/components/dashboard/market-positioning-map.tsx(10,1): error TS6133: 'Badge' is declared but its value is never read.
src/components/dashboard/market-positioning-map.tsx(11,1): error TS6192: All imports in import declaration are unused.
src/components/dashboard/market-positioning-map.tsx(13,1): error TS6192: All imports in import declaration are unused.
src/components/dashboard/market-positioning-map.tsx(16,11): error TS6196: 'MarketPosition' is declared but never used.
src/components/dashboard/market-positioning-map.tsx(35,11): error TS6196: 'MarketPositioningMapProps' is declared but never used.
src/components/decision-frameworks/cost-benefit-matrix.tsx(71,9): error TS6133: 'sortedOptions' is declared but its value is never read.
src/components/decision-frameworks/five-whys-analysis.tsx(12,1): error TS6133: 'cn' is declared but its value is never read.
src/components/decision-frameworks/five-whys-analysis.tsx(302,32): error TS2322: Type '"outline"' is not assignable to type '"cyan" | "purple" | "magenta" | "lime" | "orange" | undefined'.
src/components/decision-frameworks/spade-framework.tsx(12,1): error TS6133: 'cn' is declared but its value is never read.
src/components/evolve/first-hire-architect.tsx(601,30): error TS2322: Type '"outline"' is not assignable to type '"cyan" | "purple" | "magenta" | "lime" | "orange" | undefined'.
src/components/faq/faq-section.tsx(3,8): error TS6133: 'React' is declared but its value is never read.
src/components/feedback/feedback-widget.tsx(55,7): error TS6133: 'toAttachment' is declared but its value is never read.
src/components/feedback/feedback-widget.tsx(122,11): error TS6133: 'trimmedName' is declared but its value is never read.
src/components/feedback/holographic-feedback-widget.tsx(55,7): error TS6133: 'toAttachment' is declared but its value is never read.
src/components/feedback/holographic-feedback-widget.tsx(122,11): error TS6133: 'trimmedName' is declared but its value is never read.
src/components/file-preview-modal.tsx(3,10): error TS6133: 'logger' is declared but its value is never read.
src/components/file-preview-modal.tsx(3,28): error TS6133: 'logWarn' is declared but its value is never read.
src/components/file-preview-modal.tsx(3,46): error TS6133: 'logDebug' is declared but its value is never read.
src/components/file-preview-modal.tsx(3,56): error TS6133: 'logApi' is declared but its value is never read.
src/components/file-preview-modal.tsx(3,64): error TS6133: 'logDb' is declared but its value is never read.
src/components/file-preview-modal.tsx(3,71): error TS6133: 'logAuth' is declared but its value is never read.
src/components/file-preview-modal.tsx(228,24): error TS6133: 'filename' is declared but its value is never read.
src/components/FocusMode.tsx(3,23): error TS6133: 'Square' is declared but its value is never read.
src/components/forms/secure-contact-form.tsx(3,10): error TS6133: 'logger' is declared but its value is never read.
src/components/forms/secure-contact-form.tsx(3,28): error TS6133: 'logWarn' is declared but its value is never read.
src/components/forms/secure-contact-form.tsx(3,37): error TS6133: 'logInfo' is declared but its value is never read.
src/components/forms/secure-contact-form.tsx(3,46): error TS6133: 'logDebug' is declared but its value is never read.
src/components/forms/secure-contact-form.tsx(3,56): error TS6133: 'logApi' is declared but its value is never read.
src/components/forms/secure-contact-form.tsx(3,64): error TS6133: 'logDb' is declared but its value is never read.
src/components/forms/secure-contact-form.tsx(3,71): error TS6133: 'logAuth' is declared but its value is never read.
src/components/gamification/achievement-celebration.tsx(32,13): error TS7030: Not all code paths return a value.
src/components/guardian-ai/compliance-scanner.tsx(3,10): error TS6133: 'logger' is declared but its value is never read.
src/components/guardian-ai/compliance-scanner.tsx(3,28): error TS6133: 'logWarn' is declared but its value is never read.
src/components/guardian-ai/compliance-scanner.tsx(3,37): error TS6133: 'logInfo' is declared but its value is never read.
src/components/guardian-ai/compliance-scanner.tsx(3,46): error TS6133: 'logDebug' is declared but its value is never read.
src/components/guardian-ai/compliance-scanner.tsx(3,56): error TS6133: 'logApi' is declared but its value is never read.
src/components/guardian-ai/compliance-scanner.tsx(3,64): error TS6133: 'logDb' is declared but its value is never read.
src/components/guardian-ai/compliance-scanner.tsx(3,71): error TS6133: 'logAuth' is declared but its value is never read.
src/components/guardian-ai/guardian-ai-dashboard.tsx(3,10): error TS6133: 'logger' is declared but its value is never read.
src/components/guardian-ai/guardian-ai-dashboard.tsx(3,28): error TS6133: 'logWarn' is declared but its value is never read.
src/components/guardian-ai/guardian-ai-dashboard.tsx(3,37): error TS6133: 'logInfo' is declared but its value is never read.
src/components/guardian-ai/guardian-ai-dashboard.tsx(3,46): error TS6133: 'logDebug' is declared but its value is never read.
src/components/guardian-ai/guardian-ai-dashboard.tsx(3,56): error TS6133: 'logApi' is declared but its value is never read.
src/components/guardian-ai/guardian-ai-dashboard.tsx(3,64): error TS6133: 'logDb' is declared but its value is never read.
src/components/guardian-ai/guardian-ai-dashboard.tsx(3,71): error TS6133: 'logAuth' is declared but its value is never read.
src/components/guardian-ai/policy-generator.tsx(3,10): error TS6133: 'logger' is declared but its value is never read.
src/components/guardian-ai/policy-generator.tsx(3,28): error TS6133: 'logWarn' is declared but its value is never read.
src/components/guardian-ai/policy-generator.tsx(3,37): error TS6133: 'logInfo' is declared but its value is never read.
src/components/guardian-ai/policy-generator.tsx(3,46): error TS6133: 'logDebug' is declared but its value is never read.
src/components/guardian-ai/policy-generator.tsx(3,56): error TS6133: 'logApi' is declared but its value is never read.
src/components/guardian-ai/policy-generator.tsx(3,64): error TS6133: 'logDb' is declared but its value is never read.
src/components/guardian-ai/policy-generator.tsx(3,71): error TS6133: 'logAuth' is declared but its value is never read.
src/components/guardian-ai/policy-generator.tsx(282,30): error TS2322: Type '"outline"' is not assignable to type '"cyan" | "purple" | "magenta" | "lime" | "orange" | undefined'.
src/components/home/landing-sections.tsx(4,1): error TS6133: 'motion' is declared but its value is never read.
src/components/home/landing-sections.tsx(7,29): error TS6133: 'ArrowRight' is declared but its value is never read.
src/components/IdeaIncinerator.tsx(3,37): error TS6133: 'ArrowRight' is declared but its value is never read.
src/components/IdeaIncinerator.tsx(22,19): error TS2345: Argument of type 'unknown' is not assignable to parameter of type 'SetStateAction<IncineratorResponse | null>'.
src/components/integrations/calendar-integration.tsx(3,20): error TS6133: 'logWarn' is declared but its value is never read.
src/components/integrations/integration-hub.tsx(190,32): error TS2322: Type '"outline"' is not assignable to type '"cyan" | "purple" | "magenta" | "lime" | "orange" | undefined'.
src/components/integrations/integration-hub.tsx(194,34): error TS2322: Type '"outline"' is not assignable to type '"cyan" | "purple" | "magenta" | "lime" | "orange" | undefined'.
src/components/integrations/revenue-integration.tsx(3,10): error TS6133: 'logger' is declared but its value is never read.
src/components/integrations/revenue-integration.tsx(3,28): error TS6133: 'logInfo' is declared but its value is never read.
src/components/integrations/revenue-integration.tsx(8,1): error TS6133: 'Input' is declared but its value is never read.
src/components/integrations/revenue-integration.tsx(9,1): error TS6133: 'Label' is declared but its value is never read.
src/components/integrations/revenue-integration.tsx(24,1): error TS6192: All imports in import declaration are unused.
src/components/integrations/revenue-integration.tsx(123,10): error TS6133: 'showCredentialsDialog' is declared but its value is never read.
src/components/integrations/revenue-integration.tsx(124,10): error TS6133: 'credentials' is declared but its value is never read.
src/components/integrations/revenue-integration.tsx(124,23): error TS6133: 'setCredentials' is declared but its value is never read.
src/components/integrations/revenue-integration.tsx(435,32): error TS2322: Type '"outline"' is not assignable to type '"cyan" | "purple" | "magenta" | "lime" | "orange" | undefined'.
src/components/integrations/revenue-integration.tsx(440,32): error TS2322: Type '"outline"' is not assignable to type '"cyan" | "purple" | "magenta" | "lime" | "orange" | undefined'.
src/components/integrations/social-media-integration.tsx(3,10): error TS6133: 'logger' is declared but its value is never read.
src/components/integrations/social-media-integration.tsx(3,28): error TS6133: 'logInfo' is declared but its value is never read.
src/components/integrations/social-media-integration.tsx(7,1): error TS6133: 'Badge' is declared but its value is never read.
src/components/integrations/social-media-integration.tsx(8,1): error TS6133: 'Switch' is declared but its value is never read.
src/components/integrations/social-media-integration.tsx(23,3): error TS6133: 'AlertTriangle' is declared but its value is never read.
src/components/integrations/social-media-integration.tsx(32,3): error TS6133: 'DialogTrigger' is declared but its value is never read.
src/components/intelligence/intelligence-results.tsx(3,8): error TS6133: 'React' is declared but its value is never read.
src/components/intelligence/intelligence-results.tsx(6,60): error TS6133: 'Calendar' is declared but its value is never read.
src/components/intelligence/intelligence-results.tsx(6,161): error TS6133: 'Star' is declared but its value is never read.
src/components/intelligence/intelligence-results.tsx(6,198): error TS6133: 'Plus' is declared but its value is never read.
src/components/intelligence/intelligence-results.tsx(6,204): error TS6133: 'Check' is declared but its value is never read.
src/components/intelligence/intelligence-results.tsx(6,211): error TS6133: 'X' is declared but its value is never read.
src/components/intelligence/intelligence-results.tsx(6,232): error TS6133: 'Zap' is declared but its value is never read.
src/components/intelligence/intelligence-results.tsx(20,1): error TS6133: 'ScrollArea' is declared but its value is never read.
src/components/intelligence/intelligence-results.tsx(165,10): error TS6133: 'showBulkActions' is declared but its value is never read.
src/components/intelligence/intelligence-results.tsx(165,27): error TS6133: 'setShowBulkActions' is declared but its value is never read.
src/components/intelligence/intelligence-results.tsx(180,13): error TS6133: 'tags' is declared but its value is never read.
src/components/intelligence/intelligence-search.tsx(3,10): error TS6133: 'logger' is declared but its value is never read.
src/components/intelligence/intelligence-search.tsx(3,28): error TS6133: 'logWarn' is declared but its value is never read.
src/components/intelligence/intelligence-search.tsx(3,37): error TS6133: 'logInfo' is declared but its value is never read.
src/components/intelligence/intelligence-search.tsx(3,46): error TS6133: 'logDebug' is declared but its value is never read.
src/components/intelligence/intelligence-search.tsx(3,56): error TS6133: 'logApi' is declared but its value is never read.
src/components/intelligence/intelligence-search.tsx(3,64): error TS6133: 'logDb' is declared but its value is never read.
src/components/intelligence/intelligence-search.tsx(3,71): error TS6133: 'logAuth' is declared but its value is never read.
src/components/intelligence/intelligence-search.tsx(4,8): error TS6133: 'React' is declared but its value is never read.
src/components/intelligence/intelligence-search.tsx(7,49): error TS6133: 'Calendar' is declared but its value is never read.
src/components/intelligence/intelligence-search.tsx(7,123): error TS6133: 'TrendingUp' is declared but its value is never read.
src/components/intelligence/intelligence-search.tsx(7,135): error TS6133: 'AlertTriangle' is declared but its value is never read.
src/components/intelligence/intelligence-search.tsx(7,150): error TS6133: 'Target' is declared but its value is never read.
src/components/intelligence/intelligence-search.tsx(7,165): error TS6133: 'BarChart3' is declared but its value is never read.
src/components/intelligence/intelligence-search.tsx(7,176): error TS6133: 'Settings' is declared but its value is never read.
src/components/intelligence/intelligence-search.tsx(7,237): error TS6133: 'Edit' is declared but its value is never read.
src/components/intelligence/intelligence-search.tsx(7,243): error TS6133: 'Plus' is declared but its value is never read.
src/components/intelligence/intelligence-search.tsx(7,249): error TS6133: 'Check' is declared but its value is never read.
src/components/intelligence/intelligence-search.tsx(10,10): error TS6133: 'BossCard' is declared but its value is never read.
src/components/intelligence/intelligence-search.tsx(11,22): error TS6133: 'ZapButton' is declared but its value is never read.
src/components/intelligence/intelligence-search.tsx(26,1): error TS6133: 'Separator' is declared but its value is never read.
src/components/intelligence/intelligence-search.tsx(129,10): error TS6133: 'availableDataTypes' is declared but its value is never read.
src/components/intelligence/intelligence-search.tsx(192,11): error TS6133: 'types' is declared but its value is never read.
src/components/intelligence/intelligence-search.tsx(363,24): error TS2322: Type '"secondary"' is not assignable to type '"cyan" | "purple" | "magenta" | "lime" | "orange" | undefined'.
src/components/intelligence/intelligence-search.tsx(379,24): error TS2322: Type '"secondary"' is not assignable to type '"cyan" | "purple" | "magenta" | "lime" | "orange" | undefined'.
src/components/intelligence/intelligence-search.tsx(580,37): error TS2322: Type '"outline"' is not assignable to type '"cyan" | "purple" | "magenta" | "lime" | "orange" | undefined'.
src/components/intelligence/intelligence-search.tsx(721,46): error TS2322: Type '"secondary"' is not assignable to type '"cyan" | "purple" | "magenta" | "lime" | "orange" | undefined'.
src/components/intelligence/intelligence-search.tsx(932,24): error TS2322: Type '"secondary"' is not assignable to type '"cyan" | "purple" | "magenta" | "lime" | "orange" | undefined'.
src/components/intelligence/intelligence-search.tsx(941,24): error TS2322: Type '"secondary"' is not assignable to type '"cyan" | "purple" | "magenta" | "lime" | "orange" | undefined'.
src/components/intelligence/intelligence-search.tsx(950,24): error TS2322: Type '"secondary"' is not assignable to type '"cyan" | "purple" | "magenta" | "lime" | "orange" | undefined'.
src/components/intelligence/intelligence-search.tsx(959,24): error TS2322: Type '"secondary"' is not assignable to type '"cyan" | "purple" | "magenta" | "lime" | "orange" | undefined'.
src/components/intelligence/intelligence-search.tsx(968,24): error TS2322: Type '"secondary"' is not assignable to type '"cyan" | "purple" | "magenta" | "lime" | "orange" | undefined'.
src/components/intelligence/intelligence-search.tsx(977,24): error TS2322: Type '"secondary"' is not assignable to type '"cyan" | "purple" | "magenta" | "lime" | "orange" | undefined'.
src/components/intelligence/intelligence-search.tsx(986,24): error TS2322: Type '"secondary"' is not assignable to type '"cyan" | "purple" | "magenta" | "lime" | "orange" | undefined'.
src/components/intelligence/intelligence-search.tsx(995,24): error TS2322: Type '"secondary"' is not assignable to type '"cyan" | "purple" | "magenta" | "lime" | "orange" | undefined'.
src/components/KeyboardShortcutsOverlay.tsx(2,22): error TS6133: 'Search' is declared but its value is never read.
src/components/KeyboardShortcutsOverlay.tsx(2,30): error TS6133: 'Palette' is declared but its value is never read.
src/components/learning/module-player.tsx(8,1): error TS6133: 'cn' is declared but its value is never read.
src/components/learning/module-player.tsx(24,10): error TS6133: 'isReading' is declared but its value is never read.
src/components/learning/module-player.tsx(24,21): error TS6133: 'setIsReading' is declared but its value is never read.
src/components/learning/path-card.tsx(35,18): error TS2322: Type '"outline"' is not assignable to type '"cyan" | "purple" | "magenta" | "lime" | "orange" | undefined'.
src/components/learning/path-viewer.tsx(6,23): error TS6133: 'Circle' is declared but its value is never read.
src/components/learning/path-viewer.tsx(21,36): error TS6133: 'userId' is declared but its value is never read.
src/components/marketing/ContactPage.tsx(1,1): error TS6133: 'React' is declared but its value is never read.
src/components/marketing/exit-intent-survey.tsx(3,10): error TS6133: 'logger' is declared but its value is never read.
src/components/marketing/exit-intent-survey.tsx(28,31): error TS7030: Not all code paths return a value.
src/components/marketing/layout/Footer.tsx(3,1): error TS6133: 'React' is declared but its value is never read.
src/components/marketing/PricingPage.tsx(1,8): error TS6133: 'React' is declared but its value is never read.
src/components/marketing/PricingPage.tsx(28,30): error TS2339: Property 'id' does not exist on type 'never'.
src/components/marketing/PricingPage.tsx(31,17): error TS18046: 'response' is of type 'unknown'.
src/components/marketing/PricingPage.tsx(32,40): error TS18046: 'response' is of type 'unknown'.
src/components/marketing/PricingPage.tsx(93,64): error TS2345: Argument of type 'string | undefined' is not assignable to parameter of type 'string'.
  Type 'undefined' is not assignable to type 'string'.
src/components/marketing/PricingPage.tsx(112,63): error TS2345: Argument of type 'string | undefined' is not assignable to parameter of type 'string'.
  Type 'undefined' is not assignable to type 'string'.
src/components/marketing/PricingPage.tsx(131,66): error TS2345: Argument of type 'string | undefined' is not assignable to parameter of type 'string'.
  Type 'undefined' is not assignable to type 'string'.
src/components/marketing/PricingPage.tsx(163,11): error TS6133: 'shadowColor' is declared but its value is never read.
src/components/marketing/PrivacyPolicy.tsx(1,1): error TS6133: 'React' is declared but its value is never read.
src/components/marketing/TermsOfService.tsx(1,1): error TS6133: 'React' is declared but its value is never read.
src/components/mobile/mobile-dashboard-enhanced.tsx(2,8): error TS6133: 'React' is declared but its value is never read.
src/components/mobile/mobile-dashboard-enhanced.tsx(2,27): error TS6133: 'useEffect' is declared but its value is never read.
src/components/mobile/mobile-dashboard-enhanced.tsx(22,3): error TS6133: 'Bell' is declared but its value is never read.
src/components/mobile/mobile-dashboard-enhanced.tsx(23,3): error TS6133: 'Settings' is declared but its value is never read.
src/components/mobile/mobile-dashboard-enhanced.tsx(145,26): error TS2322: Type '"outline"' is not assignable to type '"cyan" | "purple" | "magenta" | "lime" | "orange" | undefined'.
src/components/mobile/mobile-dashboard-enhanced.tsx(186,24): error TS2322: Type '"outline"' is not assignable to type '"cyan" | "purple" | "magenta" | "lime" | "orange" | undefined'.
src/components/mobile/mobile-dashboard-enhanced.tsx(204,24): error TS2322: Type '"outline"' is not assignable to type '"cyan" | "purple" | "magenta" | "lime" | "orange" | undefined'.
src/components/mobile/mobile-dashboard-enhanced.tsx(221,24): error TS2322: Type '"outline"' is not assignable to type '"cyan" | "purple" | "magenta" | "lime" | "orange" | undefined'.
src/components/mobile/mobile-dashboard-enhanced.tsx(239,24): error TS2322: Type '"outline"' is not assignable to type '"cyan" | "purple" | "magenta" | "lime" | "orange" | undefined'.
src/components/mobile/mobile-dashboard-widgets.tsx(3,8): error TS6133: 'React' is declared but its value is never read.
src/components/mobile/mobile-dashboard-widgets.tsx(9,34): error TS6133: 'AvatarImage' is declared but its value is never read.
src/components/mobile/mobile-dashboard-widgets.tsx(14,3): error TS6133: 'TrendingUp' is declared but its value is never read.
src/components/mobile/mobile-dashboard-widgets.tsx(15,3): error TS6133: 'Zap' is declared but its value is never read.
src/components/mobile/mobile-dashboard-widgets.tsx(17,3): error TS6133: 'MoreHorizontal' is declared but its value is never read.
src/components/mobile/mobile-dashboard-widgets.tsx(20,3): error TS6133: 'Star' is declared but its value is never read.
src/components/mobile/mobile-dashboard-widgets.tsx(24,3): error TS6133: 'Settings' is declared but its value is never read.
src/components/mobile/mobile-dashboard-widgets.tsx(49,3): error TS6133: 'onWidgetReorder' is declared but its value is never read.
src/components/mobile/mobile-dashboard-widgets.tsx(65,5): error TS6133: 'event' is declared but its value is never read.
src/components/mobile/mobile-dashboard-widgets.tsx(105,20): error TS2322: Type '"outline"' is not assignable to type '"cyan" | "purple" | "magenta" | "lime" | "orange" | undefined'.
src/components/mobile/mobile-dashboard-widgets.tsx(155,46): error TS6133: 'index' is declared but its value is never read.
src/components/mobile/mobile-dashboard-widgets.tsx(217,46): error TS6133: 'index' is declared but its value is never read.
src/components/mobile/mobile-dashboard-widgets.tsx(255,20): error TS2322: Type '"outline"' is not assignable to type '"cyan" | "purple" | "magenta" | "lime" | "orange" | undefined'.
src/components/mobile/mobile-dashboard-widgets.tsx(262,38): error TS6133: 'index' is declared but its value is never read.
src/components/mobile/mobile-dashboard-widgets.tsx(338,20): error TS2322: Type '"outline"' is not assignable to type '"cyan" | "purple" | "magenta" | "lime" | "orange" | undefined'.
src/components/mobile/mobile-dashboard.tsx(3,8): error TS6133: 'React' is declared but its value is never read.
src/components/mobile/mobile-dashboard.tsx(92,69): error TS6133: 'dashboardError' is declared but its value is never read.
src/components/mobile/mobile-gestures.tsx(38,3): error TS6133: 'onRefresh' is declared but its value is never read.
src/components/mobile/mobile-gestures.tsx(39,3): error TS6133: 'onBack' is declared but its value is never read.
src/components/mobile/mobile-gestures.tsx(40,3): error TS6133: 'onMenu' is declared but its value is never read.
src/components/mobile/mobile-gestures.tsx(43,3): error TS6133: 'enablePullToRefresh' is declared but its value is never read.
src/components/mobile/mobile-gestures.tsx(44,3): error TS6133: 'enableSwipeBack' is declared but its value is never read.
src/components/mobile/mobile-gestures.tsx(45,3): error TS6133: 'enableEdgeSwipe' is declared but its value is never read.
src/components/mobile/mobile-navigation.tsx(22,3): error TS6133: 'ChevronLeft' is declared but its value is never read.
src/components/mobile/mobile-navigation.tsx(29,3): error TS6133: 'Crown' is declared but its value is never read.
src/components/mobile/mobile-navigation.tsx(173,24): error TS6133: 'event' is declared but its value is never read.
src/components/mobile/mobile-pwa-provider.tsx(163,24): error TS2322: Type '"outline"' is not assignable to type '"cyan" | "purple" | "magenta" | "lime" | "orange" | undefined'.
src/components/mobile/offline-data-manager.tsx(14,3): error TS6133: 'CheckCircle' is declared but its value is never read.
src/components/mobile/offline-data-manager.tsx(17,3): error TS6133: 'Cloud' is declared but its value is never read.
src/components/mobile/offline-data-manager.tsx(18,3): error TS6133: 'Download' is declared but its value is never read.
src/components/mobile/offline-data-manager.tsx(19,3): error TS6133: 'Upload' is declared but its value is never read.
src/components/mobile/offline-data-manager.tsx(554,24): error TS2322: Type '"outline"' is not assignable to type '"cyan" | "purple" | "magenta" | "lime" | "orange" | undefined'.
src/components/mobile/offline-data-manager.tsx(690,36): error TS2322: Type '"outline"' is not assignable to type '"cyan" | "purple" | "magenta" | "lime" | "orange" | undefined'.
src/components/mobile/pwa-install-prompt.tsx(2,8): error TS6133: 'React' is declared but its value is never read.
src/components/mobile/pwa-install-prompt.tsx(6,1): error TS6133: 'Badge' is declared but its value is never read.
src/components/mobile/voice-task-creator.tsx(3,8): error TS6133: 'React' is declared but its value is never read.
src/components/mobile/voice-task-creator.tsx(12,3): error TS6133: 'MicOff' is declared but its value is never read.
src/components/mobile/voice-task-creator.tsx(14,3): error TS6133: 'Play' is declared but its value is never read.
src/components/mobile/voice-task-creator.tsx(15,3): error TS6133: 'Pause' is declared but its value is never read.
src/components/mobile/voice-task-creator.tsx(16,3): error TS6133: 'Volume2' is declared but its value is never read.
src/components/mobile/voice-task-creator.tsx(17,3): error TS6133: 'VolumeX' is declared but its value is never read.
src/components/mobile/voice-task-creator.tsx(18,3): error TS6133: 'Send' is declared but its value is never read.
src/components/mobile/voice-task-creator.tsx(22,3): error TS6133: 'Clock' is declared but its value is never read.
src/components/mobile/voice-task-creator.tsx(23,3): error TS6133: 'Zap' is declared but its value is never read.
src/components/mobile/voice-task-creator.tsx(87,9): error TS6133: 'mediaRecorderRef' is declared but its value is never read.
src/components/mobile/voice-task-creator.tsx(235,9): error TS6133: 'playRecording' is declared but its value is never read.
src/components/mobile/voice-task-creator.tsx(242,9): error TS6133: 'pauseRecording' is declared but its value is never read.
src/components/mobile/voice-task-creator.tsx(454,30): error TS2322: Type '"outline"' is not assignable to type '"cyan" | "purple" | "magenta" | "lime" | "orange" | undefined'.
src/components/notifications/notification-settings.tsx(3,10): error TS6133: 'logger' is declared but its value is never read.
src/components/notifications/notification-settings.tsx(3,28): error TS6133: 'logWarn' is declared but its value is never read.
src/components/notifications/notification-settings.tsx(3,37): error TS6133: 'logInfo' is declared but its value is never read.
src/components/notifications/notification-settings.tsx(3,46): error TS6133: 'logDebug' is declared but its value is never read.
src/components/notifications/notification-settings.tsx(3,56): error TS6133: 'logApi' is declared but its value is never read.
src/components/notifications/notification-settings.tsx(3,64): error TS6133: 'logDb' is declared but its value is never read.
src/components/notifications/notification-settings.tsx(3,71): error TS6133: 'logAuth' is declared but its value is never read.
src/components/notifications/notification-settings.tsx(4,8): error TS6133: 'React' is declared but its value is never read.
src/components/notifications/notification-settings.tsx(20,3): error TS6133: 'CheckCircle' is declared but its value is never read.
src/components/notifications/notification-settings.tsx(25,1): error TS6133: 'cn' is declared but its value is never read.
src/components/notifications/notification-settings.tsx(64,5): error TS6133: 'setPreferences' is declared but its value is never read.
src/components/onboarding/enhanced-welcome-flow.tsx(3,10): error TS6133: 'logger' is declared but its value is never read.
src/components/onboarding/enhanced-welcome-flow.tsx(3,28): error TS6133: 'logWarn' is declared but its value is never read.
src/components/onboarding/enhanced-welcome-flow.tsx(3,46): error TS6133: 'logDebug' is declared but its value is never read.
src/components/onboarding/enhanced-welcome-flow.tsx(3,56): error TS6133: 'logApi' is declared but its value is never read.
src/components/onboarding/enhanced-welcome-flow.tsx(3,64): error TS6133: 'logDb' is declared but its value is never read.
src/components/onboarding/enhanced-welcome-flow.tsx(3,71): error TS6133: 'logAuth' is declared but its value is never read.
src/components/onboarding/enhanced-welcome-flow.tsx(12,55): error TS6133: 'Zap' is declared but its value is never read.
src/components/onboarding/enhanced-welcome-flow.tsx(12,79): error TS6133: 'Heart' is declared but its value is never read.
src/components/onboarding/enhanced-welcome-flow.tsx(12,128): error TS6133: 'Pause' is declared but its value is never read.
src/components/onboarding/enhanced-welcome-flow.tsx(21,65): error TS6133: 'userData' is declared but its value is never read.
src/components/onboarding/enhanced-welcome-flow.tsx(23,10): error TS6133: 'isPlaying' is declared but its value is never read.
src/components/onboarding/enhanced-welcome-flow.tsx(23,21): error TS6133: 'setIsPlaying' is declared but its value is never read.
src/components/onboarding/enhanced-welcome-flow.tsx(24,24): error TS6133: 'setSoundEnabled' is declared but its value is never read.
src/components/onboarding/enhanced-welcome-flow.tsx(346,48): error TS2322: Type '"outline"' is not assignable to type '"cyan" | "purple" | "magenta" | "lime" | "orange" | undefined'.
src/components/onboarding/feature-discovery.tsx(3,20): error TS6133: 'useEffect' is declared but its value is never read.
src/components/onboarding/feature-discovery.tsx(3,31): error TS6133: 'useRef' is declared but its value is never read.
src/components/onboarding/feature-discovery.tsx(4,18): error TS6133: 'AnimatePresence' is declared but its value is never read.
src/components/onboarding/feature-discovery.tsx(7,1): error TS6133: 'Badge' is declared but its value is never read.
src/components/onboarding/feature-discovery.tsx(10,3): error TS6133: 'Sparkles' is declared but its value is never read.
src/components/onboarding/feature-discovery.tsx(10,28): error TS6133: 'Brain' is declared but its value is never read.
src/components/onboarding/feature-discovery.tsx(10,122): error TS6133: 'Gift' is declared but its value is never read.
src/components/onboarding/feature-discovery.tsx(10,128): error TS6133: 'Play' is declared but its value is never read.
src/components/onboarding/feature-discovery.tsx(10,134): error TS6133: 'Pause' is declared but its value is never read.
src/components/onboarding/feature-discovery.tsx(10,141): error TS6133: 'Volume2' is declared but its value is never read.
src/components/onboarding/feature-discovery.tsx(10,150): error TS6133: 'VolumeX' is declared but its value is never read.
src/components/onboarding/feature-discovery.tsx(19,62): error TS6133: 'userPreferences' is declared but its value is never read.
src/components/onboarding/feature-discovery.tsx(21,10): error TS6133: 'isPlaying' is declared but its value is never read.
src/components/onboarding/feature-discovery.tsx(21,21): error TS6133: 'setIsPlaying' is declared but its value is never read.
src/components/onboarding/feature-discovery.tsx(22,10): error TS6133: 'soundEnabled' is declared but its value is never read.
src/components/onboarding/feature-discovery.tsx(22,24): error TS6133: 'setSoundEnabled' is declared but its value is never read.
src/components/onboarding/interactive-tutorial.tsx(2,10): error TS6133: 'logger' is declared but its value is never read.
src/components/onboarding/interactive-tutorial.tsx(2,18): error TS6133: 'logError' is declared but its value is never read.
src/components/onboarding/interactive-tutorial.tsx(2,46): error TS6133: 'logDebug' is declared but its value is never read.
src/components/onboarding/interactive-tutorial.tsx(2,56): error TS6133: 'logApi' is declared but its value is never read.
src/components/onboarding/interactive-tutorial.tsx(2,64): error TS6133: 'logDb' is declared but its value is never read.
src/components/onboarding/interactive-tutorial.tsx(2,71): error TS6133: 'logAuth' is declared but its value is never read.
src/components/onboarding/interactive-tutorial.tsx(686,13): error TS7030: Not all code paths return a value.
src/components/onboarding/onboarding-wizard.tsx(3,10): error TS6133: 'logger' is declared but its value is never read.
src/components/onboarding/onboarding-wizard.tsx(3,18): error TS6133: 'logError' is declared but its value is never read.
src/components/onboarding/onboarding-wizard.tsx(3,28): error TS6133: 'logWarn' is declared but its value is never read.
src/components/onboarding/onboarding-wizard.tsx(3,46): error TS6133: 'logDebug' is declared but its value is never read.
src/components/onboarding/onboarding-wizard.tsx(3,56): error TS6133: 'logApi' is declared but its value is never read.
src/components/onboarding/onboarding-wizard.tsx(3,64): error TS6133: 'logDb' is declared but its value is never read.
src/components/onboarding/onboarding-wizard.tsx(3,71): error TS6133: 'logAuth' is declared but its value is never read.
src/components/onboarding/onboarding-wizard.tsx(432,52): error TS2322: Type '"outline"' is not assignable to type '"cyan" | "purple" | "magenta" | "lime" | "orange" | undefined'.
src/components/onboarding/progressive-onboarding.tsx(3,10): error TS6133: 'logger' is declared but its value is never read.
src/components/onboarding/progressive-onboarding.tsx(3,18): error TS6133: 'logError' is declared but its value is never read.
src/components/onboarding/progressive-onboarding.tsx(3,28): error TS6133: 'logWarn' is declared but its value is never read.
src/components/onboarding/progressive-onboarding.tsx(3,46): error TS6133: 'logDebug' is declared but its value is never read.
src/components/onboarding/progressive-onboarding.tsx(3,56): error TS6133: 'logApi' is declared but its value is never read.
src/components/onboarding/progressive-onboarding.tsx(3,64): error TS6133: 'logDb' is declared but its value is never read.
src/components/onboarding/progressive-onboarding.tsx(3,71): error TS6133: 'logAuth' is declared but its value is never read.
src/components/onboarding/progressive-onboarding.tsx(4,31): error TS6133: 'useRef' is declared but its value is never read.
src/components/onboarding/progressive-onboarding.tsx(11,13): error TS6133: 'Target' is declared but its value is never read.
src/components/onboarding/progressive-onboarding.tsx(11,21): error TS6133: 'Users' is declared but its value is never read.
src/components/onboarding/progressive-onboarding.tsx(11,28): error TS6133: 'Brain' is declared but its value is never read.
src/components/onboarding/progressive-onboarding.tsx(11,35): error TS6133: 'FileText' is declared but its value is never read.
src/components/onboarding/progressive-onboarding.tsx(11,45): error TS6133: 'TrendingUp' is declared but its value is never read.
src/components/onboarding/progressive-onboarding.tsx(11,57): error TS6133: 'Zap' is declared but its value is never read.
src/components/onboarding/progressive-onboarding.tsx(11,69): error TS6133: 'CheckCircle' is declared but its value is never read.
src/components/onboarding/progressive-onboarding.tsx(11,122): error TS6133: 'Gift' is declared but its value is never read.
src/components/onboarding/progressive-onboarding.tsx(11,134): error TS6133: 'Pause' is declared but its value is never read.
src/components/onboarding/progressive-onboarding.tsx(11,141): error TS6133: 'Volume2' is declared but its value is never read.
src/components/onboarding/progressive-onboarding.tsx(11,150): error TS6133: 'VolumeX' is declared but its value is never read.
src/components/onboarding/progressive-onboarding.tsx(35,67): error TS6133: 'userData' is declared but its value is never read.
src/components/onboarding/progressive-onboarding.tsx(37,10): error TS6133: 'completedSteps' is declared but its value is never read.
src/components/onboarding/progressive-onboarding.tsx(207,13): error TS7030: Not all code paths return a value.
src/components/onboarding/progressive-onboarding.tsx(350,28): error TS2322: Type '"outline"' is not assignable to type '"cyan" | "purple" | "magenta" | "lime" | "orange" | undefined'.
src/components/onboarding/welcome-dashboard.tsx(8,29): error TS6133: 'CardHeader' is declared but its value is never read.
src/components/onboarding/welcome-dashboard.tsx(8,41): error TS6133: 'CardTitle' is declared but its value is never read.
src/components/onboarding/welcome-dashboard.tsx(10,28): error TS6133: 'Users' is declared but its value is never read.
src/components/onboarding/welcome-dashboard.tsx(10,55): error TS6133: 'Zap' is declared but its value is never read.
src/components/onboarding/welcome-dashboard.tsx(10,60): error TS6133: 'TrendingUp' is declared but its value is never read.
src/components/onboarding/welcome-dashboard.tsx(10,72): error TS6133: 'Brain' is declared but its value is never read.
src/components/onboarding/welcome-dashboard.tsx(10,79): error TS6133: 'Heart' is declared but its value is never read.
src/components/onboarding/welcome-dashboard.tsx(10,117): error TS6133: 'Plus' is declared but its value is never read.
src/components/onboarding/welcome-dashboard.tsx(10,148): error TS6133: 'Calendar' is declared but its value is never read.
src/components/onboarding/welcome-dashboard.tsx(19,36): error TS6133: 'userData' is declared but its value is never read.
src/components/onboarding/welcome-dashboard.tsx(185,14): error TS2304: Cannot find name 'StatsBadge'.
src/components/onboarding/welcome-dashboard.tsx(188,15): error TS2304: Cannot find name 'StatsBadge'.
src/components/onboarding/welcome-dashboard.tsx(189,14): error TS2304: Cannot find name 'StatsBadge'.
src/components/onboarding/welcome-dashboard.tsx(192,15): error TS2304: Cannot find name 'StatsBadge'.
src/components/onboarding/welcome-dashboard.tsx(208,18): error TS2304: Cannot find name 'GlassCard'.
src/components/onboarding/welcome-dashboard.tsx(225,19): error TS2304: Cannot find name 'GlassCard'.
src/components/performance/performance-monitor.tsx(25,13): error TS7030: Not all code paths return a value.
src/components/performance/service-worker-register.tsx(3,10): error TS6133: 'logger' is declared but its value is never read.
src/components/performance/service-worker-register.tsx(3,46): error TS6133: 'logDebug' is declared but its value is never read.
src/components/performance/service-worker-register.tsx(3,56): error TS6133: 'logApi' is declared but its value is never read.
src/components/performance/service-worker-register.tsx(3,64): error TS6133: 'logDb' is declared but its value is never read.
src/components/performance/service-worker-register.tsx(3,71): error TS6133: 'logAuth' is declared but its value is never read.
src/components/performance/service-worker-register.tsx(146,20): error TS2322: Type '"secondary"' is not assignable to type '"cyan" | "purple" | "magenta" | "lime" | "orange" | undefined'.
src/components/profile/enhanced-profile-modal.tsx(31,9): error TS6133: 'router' is declared but its value is never read.
src/components/profile/profile-modal.tsx(28,9): error TS6133: 'router' is declared but its value is never read.
src/components/providers/chat-provider.tsx(3,10): error TS6133: 'logger' is declared but its value is never read.
src/components/providers/chat-provider.tsx(3,56): error TS6133: 'logApi' is declared but its value is never read.
src/components/providers/chat-provider.tsx(3,64): error TS6133: 'logDb' is declared but its value is never read.
src/components/providers/chat-provider.tsx(3,71): error TS6133: 'logAuth' is declared but its value is never read.
src/components/recaptcha/recaptcha-button.tsx(50,9): error TS2322: Type '"default" | "icon" | "lg" | "sm"' is not assignable to type '"icon" | "lg" | "md" | "sm" | undefined'.
  Type '"default"' is not assignable to type '"icon" | "lg" | "md" | "sm" | undefined'.
src/components/recaptcha/recaptcha-provider.tsx(3,10): error TS6133: 'logger' is declared but its value is never read.
src/components/recaptcha/recaptcha-provider.tsx(3,46): error TS6133: 'logDebug' is declared but its value is never read.
src/components/recaptcha/recaptcha-provider.tsx(3,56): error TS6133: 'logApi' is declared but its value is never read.
src/components/recaptcha/recaptcha-provider.tsx(3,64): error TS6133: 'logDb' is declared but its value is never read.
src/components/recaptcha/recaptcha-provider.tsx(3,71): error TS6133: 'logAuth' is declared but its value is never read.
src/components/recaptcha/recaptcha-provider.tsx(37,10): error TS6133: 'isLoading' is declared but its value is never read.
src/components/schedule/schedule-demo-modal.tsx(9,27): error TS6133: 'CheckCircle' is declared but its value is never read.
src/components/Scratchpad.tsx(3,13): error TS6133: 'Save' is declared but its value is never read.
src/components/Scratchpad.tsx(17,12): error TS6133: 'justSaved' is declared but its value is never read.
src/components/Scratchpad.tsx(17,23): error TS6133: 'setJustSaved' is declared but its value is never read.
src/components/settings/api-keys-tutorial.tsx(1,1): error TS6133: 'React' is declared but its value is never read.
src/components/Sidebar.tsx(6,96): error TS6133: 'Command' is declared but its value is never read.
src/components/Sidebar.tsx(6,105): error TS6133: 'Settings' is declared but its value is never read.
src/components/Sidebar.tsx(6,150): error TS6133: 'Menu' is declared but its value is never read.
src/components/Sidebar.tsx(105,23): error TS2339: Property 'newProgress' does not exist on type 'ToastMessage'.
src/components/Sidebar.tsx(106,35): error TS2339: Property 'newProgress' does not exist on type 'ToastMessage'.
src/components/Sidebar.tsx(182,81): error TS6133: 'label' is declared but its value is never read.
src/components/Sidebar.tsx(197,11): error TS6133: 'handleLogout' is declared but its value is never read.
src/components/SignalTower.tsx(24,32): error TS2339: Property 'content' does not exist on type '{}'.
src/components/SignalTower.tsx(25,31): error TS2339: Property 'sources' does not exist on type '{}'.
src/components/TacticalRoadmap.tsx(3,45): error TS6133: 'AlertCircle' is declared but its value is never read.
src/components/TacticalRoadmap.tsx(3,58): error TS6133: 'Calendar' is declared but its value is never read.
src/components/TacticalRoadmap.tsx(3,68): error TS6133: 'ArrowRight' is declared but its value is never read.
src/components/TacticalRoadmap.tsx(3,109): error TS6133: 'Zap' is declared but its value is never read.
src/components/TacticalRoadmap.tsx(29,26): error TS2538: Type 'undefined' cannot be used as an index type.
src/components/TacticalRoadmap.tsx(30,38): error TS2345: Argument of type 'AgentId | undefined' is not assignable to parameter of type 'AgentId'.
  Type 'undefined' is not assignable to type 'AgentId'.
src/components/TacticalRoadmap.tsx(125,44): error TS2345: Argument of type '{}' is not assignable to parameter of type 'Task[]'.
  Type '{}' is missing the following properties from type 'Task[]': length, pop, push, concat, and 35 more.
src/components/TacticalRoadmap.tsx(126,43): error TS2488: Type '{}' must have a '[Symbol.iterator]()' method that returns an iterator.
src/components/TacticalRoadmap.tsx(149,70): error TS2353: Object literal may only specify known properties, and 'completedAt' does not exist in type 'Partial<Task>'.
src/components/tasks/gesture-task-card.tsx(3,8): error TS6133: 'React' is declared but its value is never read.
src/components/tasks/gesture-task-card.tsx(14,3): error TS6133: 'MoreHorizontal' is declared but its value is never read.
src/components/tasks/gesture-task-card.tsx(92,22): error TS6133: 'event' is declared but its value is never read.
src/components/tasks/gesture-task-card.tsx(96,25): error TS6133: 'event' is declared but its value is never read.
src/components/tasks/gesture-task-card.tsx(278,68): error TS2322: Type '"outline"' is not assignable to type '"cyan" | "purple" | "magenta" | "lime" | "orange" | undefined'.
src/components/tasks/gesture-task-card.tsx(281,64): error TS2322: Type '"outline"' is not assignable to type '"cyan" | "purple" | "magenta" | "lime" | "orange" | undefined'.
src/components/templates/base-template.tsx(3,10): error TS6133: 'logger' is declared but its value is never read.
src/components/templates/base-template.tsx(3,28): error TS6133: 'logWarn' is declared but its value is never read.
src/components/templates/base-template.tsx(3,37): error TS6133: 'logInfo' is declared but its value is never read.
src/components/templates/base-template.tsx(3,46): error TS6133: 'logDebug' is declared but its value is never read.
src/components/templates/base-template.tsx(3,56): error TS6133: 'logApi' is declared but its value is never read.
src/components/templates/base-template.tsx(3,64): error TS6133: 'logDb' is declared but its value is never read.
src/components/templates/base-template.tsx(3,71): error TS6133: 'logAuth' is declared but its value is never read.
src/components/templates/base-template.tsx(13,13): error TS6133: 'Share2' is declared but its value is never read.
src/components/templates/base-template.tsx(84,29): error TS2322: Type '"secondary"' is not assignable to type '"cyan" | "purple" | "magenta" | "outline" | "lime" | "orange" | undefined'.
src/components/templates/base-template.tsx(103,17): error TS2322: Type '"secondary"' is not assignable to type '"cyan" | "purple" | "magenta" | "outline" | "lime" | "orange" | undefined'.
src/components/templates/base-template.tsx(113,19): error TS2322: Type '"secondary"' is not assignable to type '"cyan" | "purple" | "magenta" | "outline" | "lime" | "orange" | undefined'.
src/components/templates/base-template.tsx(124,17): error TS2322: Type '"empowerment"' is not assignable to type '"cyan" | "purple" | "magenta" | "outline" | "lime" | "orange" | undefined'.
src/components/templates/base-template.tsx(175,67): error TS2322: Type '"empowerment"' is not assignable to type '"default" | "cyan" | "purple" | "magenta" | "lime" | "orange" | undefined'.
src/components/templates/base-template.tsx(231,19): error TS2322: Type '"secondary"' is not assignable to type '"cyan" | "purple" | "magenta" | "outline" | "lime" | "orange" | undefined'.
src/components/templates/base-template.tsx(242,21): error TS2322: Type '"accent"' is not assignable to type '"cyan" | "purple" | "magenta" | "outline" | "lime" | "orange" | undefined'.
src/components/templates/base-template.tsx(249,21): error TS2322: Type '"accent"' is not assignable to type '"cyan" | "purple" | "magenta" | "outline" | "lime" | "orange" | undefined'.
src/components/templates/customer-journey-mapper.tsx(14,10): error TS6133: 'Card' is declared but its value is never read.
src/components/templates/decision-dashboard.tsx(3,10): error TS6133: 'logger' is declared but its value is never read.
src/components/templates/decision-dashboard.tsx(3,28): error TS6133: 'logWarn' is declared but its value is never read.
src/components/templates/decision-dashboard.tsx(3,37): error TS6133: 'logInfo' is declared but its value is never read.
src/components/templates/decision-dashboard.tsx(3,46): error TS6133: 'logDebug' is declared but its value is never read.
src/components/templates/decision-dashboard.tsx(3,56): error TS6133: 'logApi' is declared but its value is never read.
src/components/templates/decision-dashboard.tsx(3,64): error TS6133: 'logDb' is declared but its value is never read.
src/components/templates/decision-dashboard.tsx(3,71): error TS6133: 'logAuth' is declared but its value is never read.
src/components/templates/decision-dashboard.tsx(18,10): error TS6133: 'Card' is declared but its value is never read.
src/components/templates/decision-dashboard.tsx(329,45): error TS2322: Type '"secondary"' is not assignable to type '"cyan" | "purple" | "magenta" | "outline" | "lime" | "orange" | undefined'.
src/components/templates/decision-dashboard.tsx(515,15): error TS2322: Type '"secondary"' is not assignable to type '"cyan" | "purple" | "magenta" | "outline" | "lime" | "orange" | undefined'.
src/components/templates/decision-dashboard.tsx(631,15): error TS2322: Type '"secondary"' is not assignable to type '"cyan" | "purple" | "magenta" | "outline" | "lime" | "orange" | undefined'.
src/components/templates/decision-dashboard.tsx(730,15): error TS2322: Type '"secondary"' is not assignable to type '"cyan" | "purple" | "magenta" | "outline" | "lime" | "orange" | undefined'.
src/components/templates/decision-dashboard.tsx(737,17): error TS2322: Type '"empowerment"' is not assignable to type '"cyan" | "purple" | "magenta" | "outline" | "lime" | "orange" | undefined'.
src/components/templates/decision-dashboard.tsx(744,17): error TS2322: Type '"accent"' is not assignable to type '"cyan" | "purple" | "magenta" | "outline" | "lime" | "orange" | undefined'.
src/components/templates/email-campaign-builder.tsx(231,9): error TS6133: '_updateBlock' is declared but its value is never read.
src/components/templates/email-campaign-builder.tsx(269,9): error TS6133: '_moveBlock' is declared but its value is never read.
src/components/templates/email-campaign-builder.tsx(848,15): error TS2322: Type '"secondary"' is not assignable to type '"cyan" | "purple" | "magenta" | "outline" | "lime" | "orange" | undefined'.
src/components/templates/email-campaign-builder.tsx(892,60): error TS2322: Type '"secondary"' is not assignable to type '"cyan" | "purple" | "magenta" | "outline" | "lime" | "orange" | undefined'.
src/components/templates/email-campaign-builder.tsx(984,15): error TS2322: Type '"secondary"' is not assignable to type '"cyan" | "purple" | "magenta" | "outline" | "lime" | "orange" | undefined'.
src/components/templates/email-campaign-builder.tsx(1076,65): error TS2322: Type '"secondary"' is not assignable to type '"cyan" | "purple" | "magenta" | "outline" | "lime" | "orange" | undefined'.
src/components/templates/email-campaign-builder.tsx(1160,15): error TS2322: Type '"secondary"' is not assignable to type '"cyan" | "purple" | "magenta" | "outline" | "lime" | "orange" | undefined'.
src/components/templates/email-campaign-builder.tsx(1372,15): error TS2322: Type '"secondary"' is not assignable to type '"cyan" | "purple" | "magenta" | "outline" | "lime" | "orange" | undefined'.
src/components/templates/email-campaign-builder.tsx(1379,17): error TS2322: Type '"empowerment"' is not assignable to type '"cyan" | "purple" | "magenta" | "outline" | "lime" | "orange" | undefined'.
src/components/templates/email-campaign-builder.tsx(1386,17): error TS2322: Type '"accent"' is not assignable to type '"cyan" | "purple" | "magenta" | "outline" | "lime" | "orange" | undefined'.
src/components/templates/email-campaign-builder.tsx(1391,17): error TS2322: Type '"secondary"' is not assignable to type '"cyan" | "purple" | "magenta" | "outline" | "lime" | "orange" | undefined'.
src/components/templates/project-timeline.tsx(1103,55): error TS2322: Type '"outline"' is not assignable to type '"cyan" | "purple" | "magenta" | "lime" | "orange" | undefined'.
src/components/templates/project-timeline.tsx(1622,34): error TS2322: Type '"outline"' is not assignable to type '"cyan" | "purple" | "magenta" | "lime" | "orange" | undefined'.
src/components/templates/project-timeline.tsx(1777,36): error TS2322: Type '"outline"' is not assignable to type '"cyan" | "purple" | "magenta" | "lime" | "orange" | undefined'.
src/components/templates/social-media-strategy.tsx(3,20): error TS6133: 'useEffect' is declared but its value is never read.
src/components/templates/social-media-strategy.tsx(5,10): error TS6133: 'Card' is declared but its value is never read.
src/components/templates/social-media-strategy.tsx(18,18): error TS6133: 'AnimatePresence' is declared but its value is never read.
src/components/templates/social-media-strategy.tsx(20,46): error TS6133: 'Users' is declared but its value is never read.
src/components/templates/social-media-strategy.tsx(20,53): error TS6133: 'TrendingUp' is declared but its value is never read.
src/components/templates/social-media-strategy.tsx(20,65): error TS6133: 'MessageCircle' is declared but its value is never read.
src/components/templates/social-media-strategy.tsx(20,80): error TS6133: 'Heart' is declared but its value is never read.
src/components/templates/social-media-strategy.tsx(20,87): error TS6133: 'Eye' is declared but its value is never read.
src/components/templates/social-media-strategy.tsx(20,105): error TS6133: 'Clock' is declared but its value is never read.
src/components/templates/social-media-strategy.tsx(20,112): error TS6133: 'Zap' is declared but its value is never read.
src/components/templates/social-media-strategy.tsx(20,117): error TS6133: 'Crown' is declared but its value is never read.
src/components/templates/social-media-strategy.tsx(20,124): error TS6133: 'Brain' is declared but its value is never read.
src/components/templates/social-media-strategy.tsx(20,146): error TS6133: 'CheckCircle' is declared but its value is never read.
src/components/templates/social-media-strategy.tsx(20,166): error TS6133: 'Settings' is declared but its value is never read.
src/components/templates/social-media-strategy.tsx(20,176): error TS6133: 'Camera' is declared but its value is never read.
src/components/templates/social-media-strategy.tsx(20,184): error TS6133: 'Video' is declared but its value is never read.
src/components/templates/social-media-strategy.tsx(20,191): error TS6133: 'FileText' is declared but its value is never read.
src/components/templates/social-media-strategy.tsx(20,201): error TS6133: 'Link' is declared but its value is never read.
src/components/templates/social-media-strategy.tsx(20,207): error TS6133: 'Tag' is declared but its value is never read.
src/components/templates/social-media-strategy.tsx(20,223): error TS6133: 'Star' is declared but its value is never read.
src/components/templates/social-media-strategy.tsx(817,15): error TS2322: Type '"secondary"' is not assignable to type '"cyan" | "purple" | "magenta" | "outline" | "lime" | "orange" | undefined'.
src/components/templates/social-media-strategy.tsx(1240,34): error TS2322: Type '"outline"' is not assignable to type '"cyan" | "purple" | "magenta" | "lime" | "orange" | undefined'.
src/components/templates/social-media-strategy.tsx(1576,17): error TS2322: Type '"empowerment"' is not assignable to type '"cyan" | "purple" | "magenta" | "outline" | "lime" | "orange" | undefined'.
src/components/templates/social-media-strategy.tsx(1583,17): error TS2322: Type '"accent"' is not assignable to type '"cyan" | "purple" | "magenta" | "outline" | "lime" | "orange" | undefined'.
src/components/templates/strategic-business-plan.tsx(3,10): error TS6133: 'logger' is declared but its value is never read.
src/components/templates/strategic-business-plan.tsx(3,28): error TS6133: 'logWarn' is declared but its value is never read.
src/components/templates/strategic-business-plan.tsx(3,37): error TS6133: 'logInfo' is declared but its value is never read.
src/components/templates/strategic-business-plan.tsx(3,46): error TS6133: 'logDebug' is declared but its value is never read.
src/components/templates/strategic-business-plan.tsx(3,56): error TS6133: 'logApi' is declared but its value is never read.
src/components/templates/strategic-business-plan.tsx(3,64): error TS6133: 'logDb' is declared but its value is never read.
src/components/templates/strategic-business-plan.tsx(3,71): error TS6133: 'logAuth' is declared but its value is never read.
src/components/templates/strategic-business-plan.tsx(6,10): error TS6133: 'Card' is declared but its value is never read.
src/components/templates/strategic-business-plan.tsx(15,1): error TS6133: 'Progress' is declared but its value is never read.
src/components/templates/strategic-business-plan.tsx(19,18): error TS6133: 'AnimatePresence' is declared but its value is never read.
src/components/templates/strategic-business-plan.tsx(22,22): error TS6133: 'TrendingUp' is declared but its value is never read.
src/components/templates/strategic-business-plan.tsx(22,111): error TS6133: 'Crown' is declared but its value is never read.
src/components/templates/strategic-business-plan.tsx(22,118): error TS6133: 'Zap' is declared but its value is never read.
src/components/templates/strategic-business-plan.tsx(22,145): error TS6133: 'FileText' is declared but its value is never read.
src/components/templates/strategic-business-plan.tsx(22,155): error TS6133: 'Globe' is declared but its value is never read.
src/components/templates/strategic-business-plan.tsx(1192,17): error TS2322: Type '"empowerment"' is not assignable to type '"cyan" | "purple" | "magenta" | "outline" | "lime" | "orange" | undefined'.
src/components/templates/strategic-business-plan.tsx(1199,17): error TS2322: Type '"accent"' is not assignable to type '"cyan" | "purple" | "magenta" | "outline" | "lime" | "orange" | undefined'.
src/components/templates/template-renderer.tsx(3,1): error TS6133: 'React' is declared but its value is never read.
src/components/templates/viral-hook-generator.tsx(10,1): error TS6133: 'Badge' is declared but its value is never read.
src/components/templates/viral-hook-generator.tsx(30,10): error TS6133: 'isGenerating' is declared but its value is never read.
src/components/templates/viral-hook-generator.tsx(31,10): error TS6133: 'generatedMetadata' is declared but its value is never read.
src/components/temporal/workflow-status.tsx(3,10): error TS6133: 'logger' is declared but its value is never read.
src/components/temporal/workflow-status.tsx(3,28): error TS6133: 'logWarn' is declared but its value is never read.
src/components/temporal/workflow-status.tsx(3,46): error TS6133: 'logDebug' is declared but its value is never read.
src/components/temporal/workflow-status.tsx(3,56): error TS6133: 'logApi' is declared but its value is never read.
src/components/temporal/workflow-status.tsx(3,64): error TS6133: 'logDb' is declared but its value is never read.
src/components/temporal/workflow-status.tsx(3,71): error TS6133: 'logAuth' is declared but its value is never read.
src/components/temporal/workflow-status.tsx(24,19): error TS6133: 'loading' is declared but its value is never read.
src/components/TheAcademy.tsx(2,25): error TS6133: 'MessageSquare' is declared but its value is never read.
src/components/TheAcademy.tsx(2,40): error TS6133: 'Play' is declared but its value is never read.
src/components/TheAcademy.tsx(2,54): error TS6133: 'RefreshCw' is declared but its value is never read.
src/components/TheArchitect.tsx(2,45): error TS6133: 'ArrowRight' is declared but its value is never read.
src/components/TheArchitect.tsx(2,84): error TS6133: 'Save' is declared but its value is never read.
src/components/TheBoardroom.tsx(2,51): error TS6133: 'TrendingUp' is declared but its value is never read.
src/components/TheBoardroom.tsx(4,30): error TS6133: 'AgentId' is declared but its value is never read.
src/components/TheBoardroom.tsx(43,64): error TS2345: Argument of type '{ currentCash: number; monthlyBurn: number; monthlyRevenue: number; growthRate: number; }' is not assignable to parameter of type 'string'.
src/components/TheBoardroom.tsx(46,23): error TS2345: Argument of type 'string' is not assignable to parameter of type 'SetStateAction<BoardMeetingReport | null>'.
src/components/TheCodex.tsx(3,20): error TS2305: Module '"../types"' has no exported member 'TargetPersona'.
src/components/TheCodex.tsx(57,42): error TS2488: Type 'unknown' must have a '[Symbol.iterator]()' method that returns an iterator.
src/components/TheCodex.tsx(62,38): error TS18046: 'dna.coreValues' is of type 'unknown'.
src/components/TheCodex.tsx(62,61): error TS7006: Parameter '_' implicitly has an 'any' type.
src/components/TheCodex.tsx(62,64): error TS7006: Parameter 'i' implicitly has an 'any' type.
src/components/TheCodex.tsx(67,43): error TS2488: Type 'unknown' must have a '[Symbol.iterator]()' method that returns an iterator.
src/components/TheCodex.tsx(72,39): error TS18046: 'dna.bannedWords' is of type 'unknown'.
src/components/TheCodex.tsx(72,63): error TS7006: Parameter '_' implicitly has an 'any' type.
src/components/TheCodex.tsx(72,66): error TS7006: Parameter 'i' implicitly has an 'any' type.
src/components/TheCodex.tsx(82,40): error TS2488: Type 'unknown' must have a '[Symbol.iterator]()' method that returns an iterator.
src/components/TheCodex.tsx(89,36): error TS18046: 'dna.personas' is of type 'unknown'.
src/components/TheCodex.tsx(89,57): error TS7006: Parameter '_' implicitly has an 'any' type.
src/components/TheCodex.tsx(89,60): error TS7006: Parameter 'i' implicitly has an 'any' type.
src/components/TheCodex.tsx(142,73): error TS18046: 'dna.tone' is of type 'unknown'.
src/components/TheCodex.tsx(146,44): error TS18046: 'dna.tone' is of type 'unknown'.
src/components/TheCodex.tsx(147,79): error TS2698: Spread types may only be created from object types.
src/components/TheCodex.tsx(156,74): error TS18046: 'dna.tone' is of type 'unknown'.
src/components/TheCodex.tsx(160,44): error TS18046: 'dna.tone' is of type 'unknown'.
src/components/TheCodex.tsx(161,79): error TS2698: Spread types may only be created from object types.
src/components/TheCodex.tsx(170,71): error TS18046: 'dna.tone' is of type 'unknown'.
src/components/TheCodex.tsx(174,44): error TS18046: 'dna.tone' is of type 'unknown'.
src/components/TheCodex.tsx(175,79): error TS2698: Spread types may only be created from object types.
src/components/TheCodex.tsx(202,38): error TS18046: 'dna.coreValues' is of type 'unknown'.
src/components/TheCodex.tsx(202,58): error TS7006: Parameter 'val' implicitly has an 'any' type.
src/components/TheCodex.tsx(202,63): error TS7006: Parameter 'i' implicitly has an 'any' type.
src/components/TheCodex.tsx(207,38): error TS18046: 'dna.coreValues' is of type 'unknown'.
src/components/TheCodex.tsx(230,38): error TS18046: 'dna.bannedWords' is of type 'unknown'.
src/components/TheCodex.tsx(230,59): error TS7006: Parameter 'val' implicitly has an 'any' type.
src/components/TheCodex.tsx(230,64): error TS7006: Parameter 'i' implicitly has an 'any' type.
src/components/TheCodex.tsx(235,38): error TS18046: 'dna.bannedWords' is of type 'unknown'.
src/components/TheCodex.tsx(279,30): error TS18046: 'dna.personas' is of type 'unknown'.
src/components/TheCodex.tsx(279,48): error TS7006: Parameter 'p' implicitly has an 'any' type.
src/components/TheCodex.tsx(279,51): error TS7006: Parameter 'i' implicitly has an 'any' type.
src/components/TheCodex.tsx(294,30): error TS18046: 'dna.personas' is of type 'unknown'.
src/components/TheDeck.tsx(4,21): error TS6133: 'Slide' is declared but its value is never read.
src/components/TheDeck.tsx(32,20): error TS2339: Property 'id' does not exist on type '{}'.
src/components/TheDeck.tsx(34,21): error TS2345: Argument of type '{}' is not assignable to parameter of type 'SetStateAction<PitchDeck | null>'.
src/components/TheDeck.tsx(35,31): error TS2345: Argument of type '{}' is not assignable to parameter of type 'PitchDeck'.
  Type '{}' is missing the following properties from type 'PitchDeck': id, title, slides, generatedAt
src/components/TheIronclad.tsx(42,28): error TS2345: Argument of type 'LegalDoc' is not assignable to parameter of type 'SetStateAction<string | null>'.
src/components/TheIronclad.tsx(60,31): error TS2345: Argument of type '{}' is not assignable to parameter of type 'SetStateAction<LegalAnalysis | null>'.
src/components/TheLaunchpad.tsx(2,54): error TS6133: 'Megaphone' is declared but its value is never read.
src/components/TheLaunchpad.tsx(2,70): error TS6133: 'ArrowDown' is declared but its value is never read.
src/components/TheLaunchpad.tsx(56,19): error TS2339: Property 'events' does not exist on type '{ name: string; duration: string; actions: string[]; }'.
src/components/TheLaunchpad.tsx(56,35): error TS7006: Parameter 'event' implicitly has an 'any' type.
src/components/TheLaunchpad.tsx(56,42): error TS7006: Parameter 'eIdx' implicitly has an 'any' type.
src/components/TheLaunchpad.tsx(173,48): error TS2339: Property 'events' does not exist on type '{ name: string; duration: string; actions: string[]; }'.
src/components/TheLaunchpad.tsx(173,60): error TS7006: Parameter 'event' implicitly has an 'any' type.
src/components/TheLaunchpad.tsx(173,67): error TS7006: Parameter 'eIdx' implicitly has an 'any' type.
src/components/TheLaunchpad.tsx(203,109): error TS2339: Property 'launchDate' does not exist on type 'LaunchStrategy'.
src/components/TheMainframe.tsx(43,31): error TS2345: Argument of type '{}' is not assignable to parameter of type 'SetStateAction<CodeSnippet | null>'.
src/components/TheMainframe.tsx(69,13): error TS2353: Object literal may only specify known properties, and 'timestamp' does not exist in type 'SavedCodeSnippet'.
src/components/TheNetwork.tsx(104,24): error TS2345: Argument of type 'string' is not assignable to parameter of type 'SetStateAction<NegotiationPrep | null>'.
src/components/ThePivot.tsx(3,24): error TS6133: 'TrendingUp' is declared but its value is never read.
src/components/ThePivot.tsx(20,25): error TS2345: Argument of type '{}' is not assignable to parameter of type 'SetStateAction<PivotAnalysis | null>'.
src/components/TheSanctuary.tsx(3,16): error TS6133: 'Sun' is declared but its value is never read.
src/components/TheSanctuary.tsx(3,21): error TS6133: 'CloudRain' is declared but its value is never read.
src/components/TheSanctuary.tsx(3,43): error TS6133: 'Fingerprint' is declared but its value is never read.
src/components/TheSanctuary.tsx(3,56): error TS6133: 'ArrowRight' is declared but its value is never read.
src/components/TheSanctuary.tsx(3,68): error TS6133: 'Sparkles' is declared but its value is never read.
src/components/TheSanctuary.tsx(23,66): error TS2345: Argument of type '{ mood: string; stressLevel: number; primaryBlocker: string; }' is not assignable to parameter of type 'string'.
src/components/TheSanctuary.tsx(30,25): error TS2345: Argument of type 'string' is not assignable to parameter of type 'SetStateAction<MentalCoaching | null>'.
src/components/TheSanctuary.tsx(36,24): error TS2339: Property 'breathingExercise' does not exist on type 'string'.
src/components/TheScout.tsx(2,27): error TS6133: 'FileText' is declared but its value is never read.
src/components/TheScout.tsx(2,51): error TS6133: 'AlertTriangle' is declared but its value is never read.
src/components/TheScout.tsx(2,72): error TS6133: 'Check' is declared but its value is never read.
src/components/TheScout.tsx(17,12): error TS6133: 'copied' is declared but its value is never read.
src/components/TheSimulator.tsx(3,54): error TS6133: 'ArrowRight' is declared but its value is never read.
src/components/TheSimulator.tsx(23,23): error TS2345: Argument of type '{}' is not assignable to parameter of type 'SetStateAction<SimulationResult | null>'.
src/components/TheSimulator.tsx(26,49): error TS2345: Argument of type '{}' is not assignable to parameter of type 'SimulationResult'.
  Type '{}' is missing the following properties from type 'SimulationResult': id, query, likelyCase, bestCase, and 3 more.
src/components/TheStudio.tsx(31,13): error TS2353: Object literal may only specify known properties, and 'style' does not exist in type 'CreativeAsset'.
src/components/TheTribe.tsx(2,75): error TS6133: 'Save' is declared but its value is never read.
src/components/TheUplink.tsx(3,10): error TS6133: 'Mic' is declared but its value is never read.
src/components/TheUplink.tsx(3,40): error TS6133: 'X' is declared but its value is never read.
src/components/TheVault.tsx(2,88): error TS6133: 'Filter' is declared but its value is never read.
src/components/TheVault.tsx(177,114): error TS2339: Property 'timestamp' does not exist on type 'SavedCodeSnippet'.
src/components/Treasury.tsx(43,40): error TS2345: Argument of type '{ currentCash: number; monthlyBurn: number; monthlyRevenue: number; growthRate: number; } | { currentCash: number; monthlyBurn: number; monthlyRevenue: number; growthRate: number; id?: string | undefined; ... 7 more ...; updatedAt?: string | undefined; }' is not assignable to parameter of type 'BusinessContext'.
  Type '{ currentCash: number; monthlyBurn: number; monthlyRevenue: number; growthRate: number; }' is missing the following properties from type 'BusinessContext': founderName, companyName, industry, description, goals
src/components/Treasury.tsx(87,22): error TS2345: Argument of type '{}' is not assignable to parameter of type 'SetStateAction<FinancialAudit | null>'.
src/components/ui/accessibility.tsx(3,10): error TS6133: 'logger' is declared but its value is never read.
src/components/ui/accessibility.tsx(3,28): error TS6133: 'logWarn' is declared but its value is never read.
src/components/ui/accessibility.tsx(3,37): error TS6133: 'logInfo' is declared but its value is never read.
src/components/ui/accessibility.tsx(3,46): error TS6133: 'logDebug' is declared but its value is never read.
src/components/ui/accessibility.tsx(3,56): error TS6133: 'logApi' is declared but its value is never read.
src/components/ui/accessibility.tsx(3,64): error TS6133: 'logDb' is declared but its value is never read.
src/components/ui/accessibility.tsx(3,71): error TS6133: 'logAuth' is declared but its value is never read.
src/components/ui/accessibility.tsx(13,3): error TS6133: 'Eye' is declared but its value is never read.
src/components/ui/accessibility.tsx(13,8): error TS6133: 'EyeOff' is declared but its value is never read.
src/components/ui/accessibility.tsx(13,16): error TS6133: 'Volume2' is declared but its value is never read.
src/components/ui/accessibility.tsx(13,25): error TS6133: 'VolumeX' is declared but its value is never read.
src/components/ui/accessibility.tsx(13,44): error TS6133: 'MousePointer' is declared but its value is never read.
src/components/ui/accessibility.tsx(13,73): error TS6133: 'Settings' is declared but its value is never read.
src/components/ui/accessibility.tsx(13,83): error TS6133: 'Sun' is declared but its value is never read.
src/components/ui/accessibility.tsx(13,88): error TS6133: 'Moon' is declared but its value is never read.
src/components/ui/accessibility.tsx(13,94): error TS6133: 'Contrast' is declared but its value is never read.
src/components/ui/accessibility.tsx(317,9): error TS6133: 'ariaLiveValue' is declared but its value is never read.
src/components/ui/date-range-picker.tsx(3,1): error TS6133: 'React' is declared but its value is never read.
src/components/ui/error-handler.tsx(3,10): error TS6133: 'logger' is declared but its value is never read.
src/components/ui/error-handler.tsx(3,37): error TS6133: 'logInfo' is declared but its value is never read.
src/components/ui/error-handler.tsx(3,46): error TS6133: 'logDebug' is declared but its value is never read.
src/components/ui/error-handler.tsx(3,56): error TS6133: 'logApi' is declared but its value is never read.
src/components/ui/error-handler.tsx(3,64): error TS6133: 'logDb' is declared but its value is never read.
src/components/ui/error-handler.tsx(3,71): error TS6133: 'logAuth' is declared but its value is never read.
src/components/ui/error-handler.tsx(11,29): error TS6133: 'Wifi' is declared but its value is never read.
src/components/ui/error-handler.tsx(11,73): error TS6133: 'Zap' is declared but its value is never read.
src/components/ui/floating-action-button.tsx(5,39): error TS6133: 'X' is declared but its value is never read.
src/components/ui/floating-action-button.tsx(41,13): error TS7030: Not all code paths return a value.
src/components/ui/floating-action-button.tsx(136,43): error TS6133: 'index' is declared but its value is never read.
src/components/ui/Heading.tsx(22,9): error TS6133: 'theme' is declared but its value is never read.
src/components/ui/help-tooltip.tsx(90,28): error TS2322: Type '"outline"' is not assignable to type '"cyan" | "purple" | "magenta" | "lime" | "orange" | undefined'.
src/components/ui/loading.tsx(19,9): error TS6133: 'theme' is declared but its value is never read.
src/components/ui/ProgressBar.tsx(3,1): error TS6133: 'useTheme' is declared but its value is never read.
src/components/ui/recaptcha-button.tsx(3,10): error TS6133: 'logger' is declared but its value is never read.
src/components/ui/recaptcha-button.tsx(3,46): error TS6133: 'logDebug' is declared but its value is never read.
src/components/ui/recaptcha-button.tsx(3,56): error TS6133: 'logApi' is declared but its value is never read.
src/components/ui/recaptcha-button.tsx(3,64): error TS6133: 'logDb' is declared but its value is never read.
src/components/ui/recaptcha-button.tsx(3,71): error TS6133: 'logAuth' is declared but its value is never read.
src/components/ui/recaptcha-button.tsx(9,31): error TS6133: 'CheckCircle' is declared but its value is never read.
src/components/ui/recaptcha-button.tsx(48,17): error TS6133: 'loading' is declared but its value is never read.
src/components/ui/recaptcha-button.tsx(240,34): error TS6133: 'isLoading' is declared but its value is never read.
src/components/ui/recaptcha-button.tsx(245,9): error TS6133: 'handleFormSubmit' is declared but its value is never read.
src/components/ui/sidebar.tsx(20,7): error TS6133: 'SIDEBAR_WIDTH' is declared but its value is never read.
src/components/ui/sidebar.tsx(21,7): error TS6133: 'SIDEBAR_WIDTH_MOBILE' is declared but its value is never read.
src/components/ui/sidebar.tsx(22,7): error TS6133: 'SIDEBAR_WIDTH_ICON' is declared but its value is never read.
src/components/ui/sidebar.tsx(314,21): error TS6133: 'state' is declared but its value is never read.
src/components/ui/smart-tip.tsx(8,47): error TS6133: 'Users' is declared but its value is never read.
src/components/ui/smart-tip.tsx(8,91): error TS6133: 'Clock' is declared but its value is never read.
src/components/ui/smart-tip.tsx(9,10): error TS6133: 'logger' is declared but its value is never read.
src/components/ui/smart-tip.tsx(36,13): error TS7030: Not all code paths return a value.
src/components/ui/tip-settings-button.tsx(6,10): error TS6133: 'Settings' is declared but its value is never read.
src/components/ui/tip-settings.tsx(11,47): error TS6133: 'Users' is declared but its value is never read.
src/components/ui/tip-settings.tsx(12,10): error TS6133: 'logger' is declared but its value is never read.
src/components/ui/UpgradeModal.tsx(1,1): error TS6133: 'React' is declared but its value is never read.
src/components/ui/voice-input.tsx(7,15): error TS6133: 'MicOff' is declared but its value is never read.
src/components/ui/voice-input.tsx(7,49): error TS6133: 'Play' is declared but its value is never read.
src/components/ui/voice-input.tsx(11,6): error TS6196: 'SpeechGrammarList' is declared but never used.
src/components/voice/voice-chat.tsx(3,10): error TS6133: 'logger' is declared but its value is never read.
src/components/voice/voice-chat.tsx(3,28): error TS6133: 'logWarn' is declared but its value is never read.
src/components/voice/voice-chat.tsx(3,37): error TS6133: 'logInfo' is declared but its value is never read.
src/components/voice/voice-chat.tsx(3,46): error TS6133: 'logDebug' is declared but its value is never read.
src/components/voice/voice-chat.tsx(3,56): error TS6133: 'logApi' is declared but its value is never read.
src/components/voice/voice-chat.tsx(3,64): error TS6133: 'logDb' is declared but its value is never read.
src/components/voice/voice-chat.tsx(3,71): error TS6133: 'logAuth' is declared but its value is never read.
src/components/WarRoom.tsx(2,48): error TS6133: 'Target' is declared but its value is never read.
src/components/workflow/visual-workflow-builder.tsx(133,10): error TS6133: 'isLoadingNodeTypes' is declared but its value is never read.
src/components/workflow/visual-workflow-builder.tsx(239,9): error TS6133: '_addEdge' is declared but its value is never read.
src/components/workflow/workflow-dashboard.tsx(101,5): error TS2304: Cannot find name 'setIsCreatingWorkflow'.
src/components/workflow/workflow-execution-monitor.tsx(3,8): error TS6133: 'React' is declared but its value is never read.
src/components/workflow/workflow-execution-monitor.tsx(5,10): error TS6133: 'Card' is declared but its value is never read.
src/components/workflow/workflow-execution-monitor.tsx(10,1): error TS6192: All imports in import declaration are unused.
src/components/workflow/workflow-execution-monitor.tsx(12,3): error TS6133: 'Play' is declared but its value is never read.
src/components/workflow/workflow-execution-monitor.tsx(20,3): error TS6133: 'Info' is declared but its value is never read.
src/components/workflow/workflow-execution-monitor.tsx(22,3): error TS6133: 'Download' is declared but its value is never read.
src/components/workflow/workflow-execution-monitor.tsx(23,3): error TS6133: 'Filter' is declared but its value is never read.
src/components/workflow/workflow-execution-monitor.tsx(25,3): error TS6133: 'Zap' is declared but its value is never read.
src/components/workflow/workflow-execution-monitor.tsx(27,3): error TS6133: 'BarChart3' is declared but its value is never read.
src/components/workflow/workflow-execution-monitor.tsx(28,3): error TS6133: 'TrendingUp' is declared but its value is never read.
src/components/workflow/workflow-execution-monitor.tsx(29,3): error TS6133: 'Timer' is declared but its value is never read.
src/components/workflow/workflow-execution-monitor.tsx(30,3): error TS6133: 'Users' is declared but its value is never read.
src/components/workflow/workflow-execution-monitor.tsx(31,3): error TS6133: 'Target' is declared but its value is never read.
src/components/workflow/workflow-execution-monitor.tsx(32,3): error TS6133: 'Brain' is declared but its value is never read.
src/components/workflow/workflow-execution-monitor.tsx(33,3): error TS6133: 'Mail' is declared but its value is never read.
src/components/workflow/workflow-execution-monitor.tsx(34,3): error TS6133: 'Webhook' is declared but its value is never read.
src/components/workflow/workflow-execution-monitor.tsx(35,3): error TS6133: 'GitBranch' is declared but its value is never read.
src/components/workflow/workflow-execution-monitor.tsx(39,3): error TS6133: 'Copy' is declared but its value is never read.
src/components/workflow/workflow-execution-monitor.tsx(40,3): error TS6133: 'ExternalLink' is declared but its value is never read.
src/components/workflow/workflow-execution-monitor.tsx(41,3): error TS6133: 'Settings' is declared but its value is never read.
src/components/workflow/workflow-execution-monitor.tsx(42,3): error TS6133: 'MoreHorizontal' is declared but its value is never read.
src/components/workflow/workflow-execution-monitor.tsx(47,1): error TS6133: 'cn' is declared but its value is never read.
src/components/workflow/workflow-execution-monitor.tsx(49,10): error TS6133: 'logger' is declared but its value is never read.
src/components/workflow/workflow-execution-monitor.tsx(91,7): error TS6133: 'STATUS_COLORS' is declared but its value is never read.
src/components/workflow/workflow-execution-monitor.tsx(113,3): error TS6133: 'executionId' is declared but its value is never read.
src/components/workflow/workflow-execution-monitor.tsx(126,10): error TS6133: 'activeTab' is declared but its value is never read.
src/components/workflow/workflow-execution-monitor.tsx(126,21): error TS6133: 'setActiveTab' is declared but its value is never read.
src/components/workflow/workflow-execution-monitor.tsx(214,77): error TS2367: This comparison appears to be unintentional because the types '"completed" | "failed" | "cancelled"' and '"pending"' have no overlap.
src/components/workflow/workflow-templates.tsx(3,8): error TS6133: 'React' is declared but its value is never read.
src/components/workflow/workflow-templates.tsx(5,10): error TS6133: 'Card' is declared but its value is never read.
src/components/workflow/workflow-templates.tsx(18,3): error TS6133: 'Mail' is declared but its value is never read.
src/components/workflow/workflow-templates.tsx(19,3): error TS6133: 'Brain' is declared but its value is never read.
src/components/workflow/workflow-templates.tsx(20,3): error TS6133: 'Calendar' is declared but its value is never read.
src/components/workflow/workflow-templates.tsx(23,3): error TS6133: 'Upload' is declared but its value is never read.
src/components/workflow/workflow-templates.tsx(24,3): error TS6133: 'Copy' is declared but its value is never read.
src/components/workflow/workflow-templates.tsx(28,3): error TS6133: 'Sparkles' is declared but its value is never read.
src/components/workflow/workflow-templates.tsx(32,3): error TS6133: 'ThumbsUp' is declared but its value is never read.
src/components/workflow/workflow-templates.tsx(33,3): error TS6133: 'MessageSquare' is declared but its value is never read.
src/components/workflow/workflow-templates.tsx(37,3): error TS6133: 'ArrowRight' is declared but its value is never read.
src/components/workflow/workflow-templates.tsx(39,3): error TS6133: 'Settings' is declared but its value is never read.
src/components/workflow/workflow-templates.tsx(43,1): error TS6133: 'cn' is declared but its value is never read.
src/components/workflow/workflow-templates.tsx(45,10): error TS6133: 'logger' is declared but its value is never read.
src/components/workflow/workflow-templates.tsx(290,11): error TS6133: 'complexityColor' is declared but its value is never read.
src/hooks/use-auth.tsx(3,32): error TS6133: 'nextAuthSignIn' is declared but its value is never read.
src/hooks/use-auth.tsx(3,59): error TS6133: 'nextAuthSignOut' is declared but its value is never read.
src/hooks/use-auth.tsx(6,1): error TS6133: 'User' is declared but its value is never read.
src/hooks/use-projects.ts(3,10): error TS6133: 'logger' is declared but its value is never read.
src/hooks/use-projects.ts(3,28): error TS6133: 'logWarn' is declared but its value is never read.
src/hooks/use-projects.ts(3,37): error TS6133: 'logInfo' is declared but its value is never read.
src/hooks/use-projects.ts(3,46): error TS6133: 'logDebug' is declared but its value is never read.
src/hooks/use-projects.ts(3,56): error TS6133: 'logApi' is declared but its value is never read.
src/hooks/use-projects.ts(3,64): error TS6133: 'logDb' is declared but its value is never read.
src/hooks/use-projects.ts(3,71): error TS6133: 'logAuth' is declared but its value is never read.
src/hooks/use-projects.ts(4,8): error TS6133: 'React' is declared but its value is never read.
src/hooks/use-recaptcha.ts(3,10): error TS6133: 'logger' is declared but its value is never read.
src/hooks/use-recaptcha.ts(3,46): error TS6133: 'logDebug' is declared but its value is never read.
src/hooks/use-recaptcha.ts(3,56): error TS6133: 'logApi' is declared but its value is never read.
src/hooks/use-recaptcha.ts(3,64): error TS6133: 'logDb' is declared but its value is never read.
src/hooks/use-recaptcha.ts(3,71): error TS6133: 'logAuth' is declared but its value is never read.
src/hooks/use-safe-stack.ts(3,10): error TS6133: 'logger' is declared but its value is never read.
src/hooks/use-safe-stack.ts(3,18): error TS6133: 'logError' is declared but its value is never read.
src/hooks/use-safe-stack.ts(3,37): error TS6133: 'logInfo' is declared but its value is never read.
src/hooks/use-safe-stack.ts(3,46): error TS6133: 'logDebug' is declared but its value is never read.
src/hooks/use-safe-stack.ts(3,56): error TS6133: 'logApi' is declared but its value is never read.
src/hooks/use-safe-stack.ts(3,64): error TS6133: 'logDb' is declared but its value is never read.
src/hooks/use-safe-stack.ts(3,71): error TS6133: 'logAuth' is declared but its value is never read.
src/hooks/use-server-auth.ts(1,10): error TS6133: 'logger' is declared but its value is never read.
src/hooks/use-server-auth.ts(1,28): error TS6133: 'logWarn' is declared but its value is never read.
src/hooks/use-server-auth.ts(1,37): error TS6133: 'logInfo' is declared but its value is never read.
src/hooks/use-server-auth.ts(1,46): error TS6133: 'logDebug' is declared but its value is never read.
src/hooks/use-server-auth.ts(1,56): error TS6133: 'logApi' is declared but its value is never read.
src/hooks/use-server-auth.ts(1,64): error TS6133: 'logDb' is declared but its value is never read.
src/hooks/use-server-auth.ts(1,71): error TS6133: 'logAuth' is declared but its value is never read.
src/hooks/use-server-auth.ts(3,17): error TS7016: Could not find a declaration file for module 'jsonwebtoken'. 'C:/Users/prett/OneDrive/Desktop/projects/SoloSuccess-AI/node_modules/jsonwebtoken/index.js' implicitly has an 'any' type.
  If the 'jsonwebtoken' package actually exposes this module, consider sending a pull request to amend 'https://github.com/DefinitelyTyped/DefinitelyTyped/tree/master/types/jsonwebtoken'
src/hooks/use-smart-tips.tsx(4,10): error TS6133: 'logger' is declared but its value is never read.
src/hooks/use-smart-tips.tsx(5,22): error TS6133: 'SmartTip' is declared but its value is never read.
src/hooks/use-subscription.ts(3,8): error TS6133: 'React' is declared but its value is never read.
src/hooks/useSwipe.ts(1,20): error TS6133: 'useEffect' is declared but its value is never read.
src/hooks/useSwipe.ts(1,31): error TS6133: 'useRef' is declared but its value is never read.
src/lib/actions/authenticate-action.ts(7,23): error TS7030: Not all code paths return a value.
src/lib/actions/authenticate-action.ts(8,3): error TS6133: 'prevState' is declared but its value is never read.
src/lib/actions/register-action.ts(3,1): error TS6133: 'signIn' is declared but its value is never read.
src/lib/actions/register-action.ts(35,36): error TS6133: 'prevState' is declared but its value is never read.
src/lib/agent-collaboration.ts(160,7): error TS2353: Object literal may only specify known properties, and 'maxTokens' does not exist in type 'CallSettings & { system?: string | SystemModelMessage | SystemModelMessage[] | undefined; } & { prompt: string | ModelMessage[]; messages?: undefined; } & { ...; }'.
src/lib/agent-collaboration.ts(226,7): error TS2353: Object literal may only specify known properties, and 'maxTokens' does not exist in type 'CallSettings & { system?: string | SystemModelMessage | SystemModelMessage[] | undefined; } & { prompt: string | ModelMessage[]; messages?: undefined; } & { ...; }'.
src/lib/agent-collaboration.ts(269,7): error TS2353: Object literal may only specify known properties, and 'maxTokens' does not exist in type 'CallSettings & { system?: string | SystemModelMessage | SystemModelMessage[] | undefined; } & { prompt: string | ModelMessage[]; messages?: undefined; } & { ...; }'.
src/lib/agent-intelligence-briefings.ts(419,28): error TS2589: Type instantiation is excessively deep and possibly infinite.
src/lib/agent-intelligence-briefings.ts(448,28): error TS2589: Type instantiation is excessively deep and possibly infinite.
src/lib/agent-intelligence-briefings.ts(478,28): error TS2589: Type instantiation is excessively deep and possibly infinite.
src/lib/agent-intelligence-briefings.ts(508,28): error TS2589: Type instantiation is excessively deep and possibly infinite.
src/lib/agent-intelligence-briefings.ts(539,28): error TS2589: Type instantiation is excessively deep and possibly infinite.
src/lib/agent-interface.ts(6,10): error TS6133: 'logger' is declared but its value is never read.
src/lib/agent-interface.ts(6,46): error TS6133: 'logDebug' is declared but its value is never read.
src/lib/agent-interface.ts(6,56): error TS6133: 'logApi' is declared but its value is never read.
src/lib/agent-interface.ts(6,64): error TS6133: 'logDb' is declared but its value is never read.
src/lib/agent-interface.ts(6,71): error TS6133: 'logAuth' is declared but its value is never read.
src/lib/agent-interface.ts(12,3): error TS6196: 'CollaborationSession' is declared but never used.
src/lib/agent-interface.ts(149,13): error TS6133: 'agentDefinition' is declared but its value is never read.
src/lib/agent-interface.ts(710,60): error TS6133: 'context' is declared but its value is never read.
src/lib/agent-interface.ts(719,60): error TS6133: 'context' is declared but its value is never read.
src/lib/ai-personality-system.ts(338,7): error TS2353: Object literal may only specify known properties, and 'maxTokens' does not exist in type 'CallSettings & { system?: string | SystemModelMessage | SystemModelMessage[] | undefined; } & { prompt: string | ModelMessage[]; messages?: undefined; } & { ...; }'.
src/lib/ai-task-intelligence.ts(188,9): error TS2353: Object literal may only specify known properties, and 'maxTokens' does not exist in type 'CallSettings & { system?: string | SystemModelMessage | SystemModelMessage[] | undefined; } & { messages: ModelMessage[]; prompt?: undefined; } & { ...; }'.
src/lib/ai-task-intelligence.ts(431,9): error TS2353: Object literal may only specify known properties, and 'maxTokens' does not exist in type 'CallSettings & { system?: string | SystemModelMessage | SystemModelMessage[] | undefined; } & { messages: ModelMessage[]; prompt?: undefined; } & { ...; }'.
src/lib/analytics-export.ts(1,10): error TS6133: 'logger' is declared but its value is never read.
src/lib/analytics-export.ts(1,28): error TS6133: 'logWarn' is declared but its value is never read.
src/lib/analytics-export.ts(1,46): error TS6133: 'logDebug' is declared but its value is never read.
src/lib/analytics-export.ts(1,56): error TS6133: 'logApi' is declared but its value is never read.
src/lib/analytics-export.ts(1,64): error TS6133: 'logDb' is declared but its value is never read.
src/lib/analytics-export.ts(1,71): error TS6133: 'logAuth' is declared but its value is never read.
src/lib/api-response.ts(3,10): error TS6133: 'logger' is declared but its value is never read.
src/lib/api-utils.ts(4,10): error TS6133: 'logger' is declared but its value is never read.
src/lib/api-utils.ts(31,7): error TS2698: Spread types may only be created from object types.
src/lib/auth-actions.ts(12,23): error TS7030: Not all code paths return a value.
src/lib/auth-actions.ts(13,3): error TS6133: 'prevState' is declared but its value is never read.
src/lib/auth-actions.ts(82,23): error TS7030: Not all code paths return a value.
src/lib/auth-actions.ts(82,32): error TS6133: 'prevState' is declared but its value is never read.
src/lib/auth-utils.ts(9,18): error TS2430: Interface 'AuthenticatedUser' incorrectly extends interface 'User'.
  Types of property 'role' are incompatible.
    Type 'string | undefined' is not assignable to type 'string'.
      Type 'undefined' is not assignable to type 'string'.
src/lib/auth-utils.ts(29,44): error TS6133: 'request' is declared but its value is never read.
src/lib/auth-utils.ts(55,35): error TS6133: 'userId' is declared but its value is never read.
src/lib/auth-utils.ts(55,51): error TS6133: 'email' is declared but its value is never read.
src/lib/auth.ts(18,3): error TS2322: Type 'import("C:/Users/prett/OneDrive/Desktop/projects/SoloSuccess-AI/node_modules/@auth/core/adapters").Adapter | undefined' is not assignable to type 'import("C:/Users/prett/OneDrive/Desktop/projects/SoloSuccess-AI/node_modules/next-auth/node_modules/@auth/core/adapters").Adapter | undefined'.
  Type 'import("C:/Users/prett/OneDrive/Desktop/projects/SoloSuccess-AI/node_modules/@auth/core/adapters").Adapter' is not assignable to type 'import("C:/Users/prett/OneDrive/Desktop/projects/SoloSuccess-AI/node_modules/next-auth/node_modules/@auth/core/adapters").Adapter'.
    Types of property 'createUser' are incompatible.
      Type '((user: import("C:/Users/prett/OneDrive/Desktop/projects/SoloSuccess-AI/node_modules/@auth/core/adapters").AdapterUser) => import("C:/Users/prett/OneDrive/Desktop/projects/SoloSuccess-AI/node_modules/@auth/core/types").Awaitable<import("C:/Users/prett/OneDrive/Desktop/projects/SoloSuccess-AI/node_modules/@auth/core/...' is not assignable to type '((user: import("C:/Users/prett/OneDrive/Desktop/projects/SoloSuccess-AI/node_modules/next-auth/node_modules/@auth/core/adapters").AdapterUser) => import("C:/Users/prett/OneDrive/Desktop/projects/SoloSuccess-AI/node_modules/next-auth/node_modules/@auth/core/types").Awaitable<import("C:/Users/prett/OneDrive/Desktop/pr...'.
        Type '(user: import("C:/Users/prett/OneDrive/Desktop/projects/SoloSuccess-AI/node_modules/@auth/core/adapters").AdapterUser) => import("C:/Users/prett/OneDrive/Desktop/projects/SoloSuccess-AI/node_modules/@auth/core/types").Awaitable<import("C:/Users/prett/OneDrive/Desktop/projects/SoloSuccess-AI/node_modules/@auth/core/a...' is not assignable to type '(user: import("C:/Users/prett/OneDrive/Desktop/projects/SoloSuccess-AI/node_modules/next-auth/node_modules/@auth/core/adapters").AdapterUser) => import("C:/Users/prett/OneDrive/Desktop/projects/SoloSuccess-AI/node_modules/next-auth/node_modules/@auth/core/types").Awaitable<import("C:/Users/prett/OneDrive/Desktop/pro...'.
          Type 'import("C:/Users/prett/OneDrive/Desktop/projects/SoloSuccess-AI/node_modules/@auth/core/types").Awaitable<import("C:/Users/prett/OneDrive/Desktop/projects/SoloSuccess-AI/node_modules/@auth/core/adapters").AdapterUser>' is not assignable to type 'import("C:/Users/prett/OneDrive/Desktop/projects/SoloSuccess-AI/node_modules/next-auth/node_modules/@auth/core/types").Awaitable<import("C:/Users/prett/OneDrive/Desktop/projects/SoloSuccess-AI/node_modules/next-auth/node_modules/@auth/core/adapters").AdapterUser>'.
            Type 'AdapterUser' is not assignable to type 'Awaitable<AdapterUser>'.
              Property 'role' is missing in type 'import("C:/Users/prett/OneDrive/Desktop/projects/SoloSuccess-AI/node_modules/@auth/core/adapters").AdapterUser' but required in type 'import("C:/Users/prett/OneDrive/Desktop/projects/SoloSuccess-AI/node_modules/next-auth/node_modules/@auth/core/adapters").AdapterUser'.
src/lib/auth.ts(50,13): error TS2322: Type '(credentials: Partial<Record<"email" | "password", unknown>>) => Promise<{ role: string | undefined; image: string | undefined; id: string; name: string | null; email: string; ... 21 more ...; updated_at: Date | null; } | null>' is not assignable to type '(credentials: Partial<Record<"email" | "password", unknown>>, request: Request) => Awaitable<User | null>'.
  Type 'Promise<{ role: string | undefined; image: string | undefined; id: string; name: string | null; email: string; emailVerified: Date | null; username: string | null; full_name: string | null; ... 18 more ...; updated_at: Date | null; } | null>' is not assignable to type 'Awaitable<User | null>'.
    Type 'Promise<{ role: string | undefined; image: string | undefined; id: string; name: string | null; email: string; emailVerified: Date | null; username: string | null; full_name: string | null; ... 18 more ...; updated_at: Date | null; } | null>' is not assignable to type 'PromiseLike<User | null>'.
      Types of property 'then' are incompatible.
        Type '<TResult1 = { role: string | undefined; image: string | undefined; id: string; name: string | null; email: string; emailVerified: Date | null; username: string | null; full_name: string | null; ... 18 more ...; updated_at: Date | null; } | null, TResult2 = never>(onfulfilled?: ((value: { ...; } | null) => TResult1 |...' is not assignable to type '<TResult1 = User | null, TResult2 = never>(onfulfilled?: ((value: User | null) => TResult1 | PromiseLike<TResult1>) | null | undefined, onrejected?: ((reason: any) => TResult2 | PromiseLike<...>) | null | undefined) => PromiseLike<...>'.
          Types of parameters 'onfulfilled' and 'onfulfilled' are incompatible.
            Types of parameters 'value' and 'value' are incompatible.
              Type '{ role: string | undefined; image: string | undefined; id: string; name: string | null; email: string; emailVerified: Date | null; username: string | null; full_name: string | null; ... 18 more ...; updated_at: Date | null; } | null' is not assignable to type 'User | null'.
                Type '{ role: string | undefined; image: string | undefined; id: string; name: string | null; email: string; emailVerified: Date | null; username: string | null; full_name: string | null; ... 18 more ...; updated_at: Date | null; }' is not assignable to type 'User'.
                  Types of property 'role' are incompatible.
                    Type 'string | undefined' is not assignable to type 'string'.
                      Type 'undefined' is not assignable to type 'string'.
src/lib/blaze-growth-intelligence.ts(9,3): error TS6196: 'CompetitorProfile' is declared but never used.
src/lib/blaze-growth-intelligence.ts(11,3): error TS6196: 'AnalysisResult' is declared but never used.
src/lib/blaze-growth-intelligence.ts(371,7): error TS2353: Object literal may only specify known properties, and 'maxTokens' does not exist in type 'CallSettings & { system?: string | SystemModelMessage | SystemModelMessage[] | undefined; } & { messages: ModelMessage[]; prompt?: undefined; } & { ...; }'.
src/lib/blaze-growth-intelligence.ts(433,27): error TS2353: Object literal may only specify known properties, and 'maxTokens' does not exist in type 'CallSettings & { system?: string | SystemModelMessage | SystemModelMessage[] | undefined; } & { messages: ModelMessage[]; prompt?: undefined; } & { ...; }'.
src/lib/blaze-growth-intelligence.ts(512,9): error TS2353: Object literal may only specify known properties, and 'maxTokens' does not exist in type 'CallSettings & { system?: string | SystemModelMessage | SystemModelMessage[] | undefined; } & { messages: ModelMessage[]; prompt?: undefined; } & { ...; }'.
src/lib/blaze-growth-intelligence.ts(590,27): error TS2353: Object literal may only specify known properties, and 'maxTokens' does not exist in type 'CallSettings & { system?: string | SystemModelMessage | SystemModelMessage[] | undefined; } & { messages: ModelMessage[]; prompt?: undefined; } & { ...; }'.
src/lib/blaze-growth-intelligence.ts(647,27): error TS2353: Object literal may only specify known properties, and 'maxTokens' does not exist in type 'CallSettings & { system?: string | SystemModelMessage | SystemModelMessage[] | undefined; } & { messages: ModelMessage[]; prompt?: undefined; } & { ...; }'.
src/lib/collaboration-hub.ts(6,10): error TS6133: 'logger' is declared but its value is never read.
src/lib/collaboration-hub.ts(6,28): error TS6133: 'logWarn' is declared but its value is never read.
src/lib/collaboration-hub.ts(6,46): error TS6133: 'logDebug' is declared but its value is never read.
src/lib/collaboration-hub.ts(6,56): error TS6133: 'logApi' is declared but its value is never read.
src/lib/collaboration-hub.ts(6,64): error TS6133: 'logDb' is declared but its value is never read.
src/lib/collaboration-hub.ts(6,71): error TS6133: 'logAuth' is declared but its value is never read.
src/lib/collaboration-hub.ts(89,11): error TS6133: 'contextManager' is declared but its value is never read.
src/lib/competitive-decision-frameworks.ts(267,49): error TS6133: 'alternative' is declared but its value is never read.
src/lib/competitive-decision-frameworks.ts(272,48): error TS6133: 'alternative' is declared but its value is never read.
src/lib/competitive-decision-frameworks.ts(272,69): error TS6133: 'context' is declared but its value is never read.
src/lib/competitive-decision-frameworks.ts(280,43): error TS6133: 'alternative' is declared but its value is never read.
src/lib/competitive-decision-frameworks.ts(280,64): error TS6133: 'context' is declared but its value is never read.
src/lib/competitive-decision-frameworks.ts(303,52): error TS6133: 'context' is declared but its value is never read.
src/lib/competitive-decision-frameworks.ts(317,52): error TS6133: 'problem' is declared but its value is never read.
src/lib/competitive-decision-frameworks.ts(321,45): error TS6133: 'problem' is declared but its value is never read.
src/lib/competitive-decision-frameworks.ts(321,62): error TS6133: 'context' is declared but its value is never read.
src/lib/competitive-decision-frameworks.ts(332,44): error TS6133: 'problem' is declared but its value is never read.
src/lib/competitive-decision-frameworks.ts(332,61): error TS6133: 'context' is declared but its value is never read.
src/lib/competitive-decision-frameworks.ts(336,51): error TS6133: 'problem' is declared but its value is never read.
src/lib/competitive-decision-frameworks.ts(336,68): error TS6133: 'context' is declared but its value is never read.
src/lib/competitive-decision-frameworks.ts(344,50): error TS6133: 'problem' is declared but its value is never read.
src/lib/competitive-decision-frameworks.ts(344,67): error TS6133: 'context' is declared but its value is never read.
src/lib/competitive-decision-frameworks.ts(362,46): error TS6133: 'decision' is declared but its value is never read.
src/lib/competitive-decision-frameworks.ts(378,59): error TS6133: 'context' is declared but its value is never read.
src/lib/competitive-decision-frameworks.ts(383,44): error TS6133: 'decision' is declared but its value is never read.
src/lib/competitive-decision-frameworks.ts(401,37): error TS6133: 'decision' is declared but its value is never read.
src/lib/competitive-intelligence-automation.ts(1,10): error TS6133: 'logger' is declared but its value is never read.
src/lib/competitive-intelligence-automation.ts(1,28): error TS6133: 'logWarn' is declared but its value is never read.
src/lib/competitive-intelligence-automation.ts(1,46): error TS6133: 'logDebug' is declared but its value is never read.
src/lib/competitive-intelligence-automation.ts(1,56): error TS6133: 'logApi' is declared but its value is never read.
src/lib/competitive-intelligence-automation.ts(1,64): error TS6133: 'logDb' is declared but its value is never read.
src/lib/competitive-intelligence-automation.ts(1,71): error TS6133: 'logAuth' is declared but its value is never read.
src/lib/competitive-intelligence-context.ts(1,10): error TS6133: 'logger' is declared but its value is never read.
src/lib/competitive-intelligence-context.ts(1,28): error TS6133: 'logWarn' is declared but its value is never read.
src/lib/competitive-intelligence-context.ts(1,37): error TS6133: 'logInfo' is declared but its value is never read.
src/lib/competitive-intelligence-context.ts(1,46): error TS6133: 'logDebug' is declared but its value is never read.
src/lib/competitive-intelligence-context.ts(1,56): error TS6133: 'logApi' is declared but its value is never read.
src/lib/competitive-intelligence-context.ts(1,64): error TS6133: 'logDb' is declared but its value is never read.
src/lib/competitive-intelligence-context.ts(1,71): error TS6133: 'logAuth' is declared but its value is never read.
src/lib/competitive-intelligence-context.ts(91,54): error TS6133: 'agentId' is declared but its value is never read.
src/lib/competitive-intelligence-gamification-triggers.ts(1,10): error TS6133: 'logger' is declared but its value is never read.
src/lib/competitive-intelligence-gamification-triggers.ts(1,28): error TS6133: 'logWarn' is declared but its value is never read.
src/lib/competitive-intelligence-gamification-triggers.ts(1,46): error TS6133: 'logDebug' is declared but its value is never read.
src/lib/competitive-intelligence-gamification-triggers.ts(1,56): error TS6133: 'logApi' is declared but its value is never read.
src/lib/competitive-intelligence-gamification-triggers.ts(1,64): error TS6133: 'logDb' is declared but its value is never read.
src/lib/competitive-intelligence-gamification-triggers.ts(1,71): error TS6133: 'logAuth' is declared but its value is never read.
src/lib/competitive-intelligence-gamification-triggers.ts(2,1): error TS6133: 'CompetitiveIntelligenceGamification' is declared but its value is never read.
src/lib/competitive-intelligence-gamification-triggers.ts(10,50): error TS6133: 'competitorId' is declared but its value is never read.
src/lib/competitive-intelligence-gamification-triggers.ts(58,56): error TS6133: 'opportunityId' is declared but its value is never read.
src/lib/competitive-intelligence-gamification.ts(1,10): error TS6133: 'logger' is declared but its value is never read.
src/lib/competitive-intelligence-gamification.ts(1,28): error TS6133: 'logWarn' is declared but its value is never read.
src/lib/competitive-intelligence-gamification.ts(1,37): error TS6133: 'logInfo' is declared but its value is never read.
src/lib/competitive-intelligence-gamification.ts(1,46): error TS6133: 'logDebug' is declared but its value is never read.
src/lib/competitive-intelligence-gamification.ts(1,56): error TS6133: 'logApi' is declared but its value is never read.
src/lib/competitive-intelligence-gamification.ts(1,64): error TS6133: 'logDb' is declared but its value is never read.
src/lib/competitive-intelligence-gamification.ts(1,71): error TS6133: 'logAuth' is declared but its value is never read.
src/lib/competitive-intelligence-gamification.ts(402,32): error TS6133: 'userId' is declared but its value is never read.
src/lib/competitive-intelligence-integration.ts(1,10): error TS6133: 'logger' is declared but its value is never read.
src/lib/competitive-intelligence-integration.ts(1,28): error TS6133: 'logWarn' is declared but its value is never read.
src/lib/competitive-intelligence-integration.ts(1,46): error TS6133: 'logDebug' is declared but its value is never read.
src/lib/competitive-intelligence-integration.ts(1,56): error TS6133: 'logApi' is declared but its value is never read.
src/lib/competitive-intelligence-integration.ts(1,64): error TS6133: 'logDb' is declared but its value is never read.
src/lib/competitive-intelligence-integration.ts(1,71): error TS6133: 'logAuth' is declared but its value is never read.
src/lib/competitive-intelligence-integration.ts(3,32): error TS6196: 'CompetitiveOpportunity' is declared but never used.
src/lib/competitive-opportunity-detection.ts(1,10): error TS6133: 'logger' is declared but its value is never read.
src/lib/competitive-opportunity-detection.ts(1,28): error TS6133: 'logWarn' is declared but its value is never read.
src/lib/competitive-opportunity-detection.ts(1,37): error TS6133: 'logInfo' is declared but its value is never read.
src/lib/competitive-opportunity-detection.ts(1,46): error TS6133: 'logDebug' is declared but its value is never read.
src/lib/competitive-opportunity-detection.ts(1,56): error TS6133: 'logApi' is declared but its value is never read.
src/lib/competitive-opportunity-detection.ts(1,64): error TS6133: 'logDb' is declared but its value is never read.
src/lib/competitive-opportunity-detection.ts(1,71): error TS6133: 'logAuth' is declared but its value is never read.
src/lib/competitive-opportunity-detection.ts(3,10): error TS6133: 'competitors' is declared but its value is never read.
src/lib/competitive-opportunity-detection.ts(3,41): error TS6133: 'competitorAlerts' is declared but its value is never read.
src/lib/competitive-opportunity-detection.ts(4,30): error TS6133: 'lte' is declared but its value is never read.
src/lib/competitive-opportunity-detection.ts(433,39): error TS6133: 'socialMentions' is declared but its value is never read.
src/lib/competitive-opportunity-detection.ts(433,62): error TS6133: 'competitorId' is declared but its value is never read.
src/lib/competitive-opportunity-detection.ts(438,30): error TS6133: 'productData' is declared but its value is never read.
src/lib/competitive-opportunity-detection.ts(443,33): error TS6133: 'featureMatrix' is declared but its value is never read.
src/lib/competitive-opportunity-detection.ts(448,30): error TS6133: 'feature' is declared but its value is never read.
src/lib/competitive-opportunity-detection.ts(453,31): error TS6133: 'feature' is declared but its value is never read.
src/lib/competitive-opportunity-detection.ts(458,40): error TS6133: 'feature' is declared but its value is never read.
src/lib/competitive-opportunity-detection.ts(463,31): error TS6133: 'productData' is declared but its value is never read.
src/lib/competitive-opportunity-detection.ts(468,40): error TS6133: 'competitorIds' is declared but its value is never read.
src/lib/competitive-opportunity-detection.ts(473,34): error TS6133: 'pricing' is declared but its value is never read.
src/lib/competitive-opportunity-detection.ts(473,48): error TS6133: 'marketPricing' is declared but its value is never read.
src/lib/competitive-opportunity-detection.ts(486,30): error TS6133: 'hiringData' is declared but its value is never read.
src/lib/competitive-opportunity-detection.ts(495,31): error TS6133: 'departureData' is declared but its value is never read.
src/lib/competitive-opportunity-detection.ts(500,28): error TS6133: 'hiringData' is declared but its value is never read.
src/lib/competitive-opportunity-detection.ts(505,36): error TS6133: 'partnershipData' is declared but its value is never read.
src/lib/competitive-opportunity-detection.ts(510,33): error TS6133: 'partnershipData' is declared but its value is never read.
src/lib/competitive-opportunity-detection.ts(515,36): error TS6133: 'competitorId' is declared but its value is never read.
src/lib/competitor-alert-system.ts(3,30): error TS6133: 'lte' is declared but its value is never read.
src/lib/competitor-alert-system.ts(3,35): error TS6133: 'inArray' is declared but its value is never read.
src/lib/competitor-alert-system.ts(3,44): error TS6133: 'sql' is declared but its value is never read.
src/lib/competitor-alert-system.ts(45,11): error TS6133: 'recentAlerts' is declared but its value is never read.
src/lib/competitor-alert-system.ts(354,76): error TS6133: 'intelligence' is declared but its value is never read.
src/lib/competitor-alert-system.ts(372,36): error TS6133: 'alertType' is declared but its value is never read.
src/lib/competitor-alert-system.ts(384,53): error TS6133: 'intelligence' is declared but its value is never read.
src/lib/competitor-alert-system.ts(384,72): error TS6133: 'competitor' is declared but its value is never read.
src/lib/competitor-alert-system.ts(458,60): error TS6133: 'intelligence' is declared but its value is never read.
src/lib/competitor-alert-system.ts(458,79): error TS6133: 'competitor' is declared but its value is never read.
src/lib/competitor-enrichment-service.ts(1,1): error TS6133: 'z' is declared but its value is never read.
src/lib/competitor-enrichment-service.ts(324,5): error TS6133: 'companyName' is declared but its value is never read.
src/lib/competitor-enrichment-service.ts(576,17): error TS6133: 'industry' is declared but its value is never read.
src/lib/context-manager.ts(6,10): error TS6133: 'logger' is declared but its value is never read.
src/lib/context-manager.ts(6,28): error TS6133: 'logWarn' is declared but its value is never read.
src/lib/context-manager.ts(6,46): error TS6133: 'logDebug' is declared but its value is never read.
src/lib/context-manager.ts(6,56): error TS6133: 'logApi' is declared but its value is never read.
src/lib/context-manager.ts(6,64): error TS6133: 'logDb' is declared but its value is never read.
src/lib/context-manager.ts(6,71): error TS6133: 'logAuth' is declared but its value is never read.
src/lib/context-manager.ts(631,38): error TS6133: 'entry' is declared but its value is never read.
src/lib/custom-ai-agents/agent-collaboration-system.ts(1,10): error TS6133: 'logger' is declared but its value is never read.
src/lib/custom-ai-agents/agent-collaboration-system.ts(1,37): error TS6133: 'logInfo' is declared but its value is never read.
src/lib/custom-ai-agents/agent-collaboration-system.ts(1,46): error TS6133: 'logDebug' is declared but its value is never read.
src/lib/custom-ai-agents/agent-collaboration-system.ts(1,56): error TS6133: 'logApi' is declared but its value is never read.
src/lib/custom-ai-agents/agent-collaboration-system.ts(1,64): error TS6133: 'logDb' is declared but its value is never read.
src/lib/custom-ai-agents/agent-collaboration-system.ts(1,71): error TS6133: 'logAuth' is declared but its value is never read.
src/lib/custom-ai-agents/agent-collaboration-system.ts(2,38): error TS6133: 'AgentTask' is declared but its value is never read.
src/lib/custom-ai-agents/agent-collaboration-system.ts(117,50): error TS6133: 'context' is declared but its value is never read.
src/lib/custom-ai-agents/agent-collaboration-system.ts(168,5): error TS6133: 'context' is declared but its value is never read.
src/lib/custom-ai-agents/agent-collaboration-system.ts(277,52): error TS2345: Argument of type '{ name: string; description: string; status: "active"; triggerType: "manual"; triggerConfig: {}; nodes: any[]; edges: any[]; variables: Record<string, any>; settings: { timeout: number; retryAttempts: number; retryDelay: number; parallelExecution: false; errorHandling: "stop"; }; }' is not assignable to parameter of type 'Omit<{ status: "active" | "draft" | "paused" | "archived"; id: string | number; name: string; settings: { timeout: number; retryDelay: number; retryAttempts: number; parallelExecution: boolean; errorHandling: "stop" | ... 1 more ... | "rollback"; }; ... 7 more ...; description?: string | undefined; }, "id" | "metada...'.
  Property 'version' is missing in type '{ name: string; description: string; status: "active"; triggerType: "manual"; triggerConfig: {}; nodes: any[]; edges: any[]; variables: Record<string, any>; settings: { timeout: number; retryAttempts: number; retryDelay: number; parallelExecution: false; errorHandling: "stop"; }; }' but required in type 'Omit<{ status: "active" | "draft" | "paused" | "archived"; id: string | number; name: string; settings: { timeout: number; retryDelay: number; retryAttempts: number; parallelExecution: boolean; errorHandling: "stop" | ... 1 more ... | "rollback"; }; ... 7 more ...; description?: string | undefined; }, "id" | "metada...'.
src/lib/custom-ai-agents/core-agent.ts(235,9): error TS2353: Object literal may only specify known properties, and 'maxTokens' does not exist in type 'CallSettings & { system?: string | SystemModelMessage | SystemModelMessage[] | undefined; } & { prompt: string | ModelMessage[]; messages?: undefined; } & { ...; }'.
src/lib/custom-ai-agents/job-queue.ts(2,71): error TS6133: 'AgentJobStatus' is declared but its value is never read.
src/lib/custom-ai-agents/job-queue.ts(4,10): error TS6133: 'logError' is declared but its value is never read.
src/lib/custom-ai-agents/security/agent-security-manager.ts(1,10): error TS6133: 'logger' is declared but its value is never read.
src/lib/custom-ai-agents/security/agent-security-manager.ts(1,28): error TS6133: 'logWarn' is declared but its value is never read.
src/lib/custom-ai-agents/security/agent-security-manager.ts(1,37): error TS6133: 'logInfo' is declared but its value is never read.
src/lib/custom-ai-agents/security/agent-security-manager.ts(1,46): error TS6133: 'logDebug' is declared but its value is never read.
src/lib/custom-ai-agents/security/agent-security-manager.ts(1,56): error TS6133: 'logApi' is declared but its value is never read.
src/lib/custom-ai-agents/security/agent-security-manager.ts(1,64): error TS6133: 'logDb' is declared but its value is never read.
src/lib/custom-ai-agents/security/agent-security-manager.ts(1,71): error TS6133: 'logAuth' is declared but its value is never read.
src/lib/custom-ai-agents/security/security-middleware.ts(1,10): error TS6133: 'logger' is declared but its value is never read.
src/lib/custom-ai-agents/security/security-middleware.ts(1,28): error TS6133: 'logWarn' is declared but its value is never read.
src/lib/custom-ai-agents/security/security-middleware.ts(1,37): error TS6133: 'logInfo' is declared but its value is never read.
src/lib/custom-ai-agents/security/security-middleware.ts(1,46): error TS6133: 'logDebug' is declared but its value is never read.
src/lib/custom-ai-agents/security/security-middleware.ts(1,56): error TS6133: 'logApi' is declared but its value is never read.
src/lib/custom-ai-agents/security/security-middleware.ts(1,64): error TS6133: 'logDb' is declared but its value is never read.
src/lib/custom-ai-agents/security/security-middleware.ts(1,71): error TS6133: 'logAuth' is declared but its value is never read.
src/lib/custom-ai-agents/training/fine-tuning-pipeline.ts(1,10): error TS6133: 'logger' is declared but its value is never read.
src/lib/custom-ai-agents/training/fine-tuning-pipeline.ts(1,28): error TS6133: 'logWarn' is declared but its value is never read.
src/lib/custom-ai-agents/training/fine-tuning-pipeline.ts(1,46): error TS6133: 'logDebug' is declared but its value is never read.
src/lib/custom-ai-agents/training/fine-tuning-pipeline.ts(1,56): error TS6133: 'logApi' is declared but its value is never read.
src/lib/custom-ai-agents/training/fine-tuning-pipeline.ts(1,64): error TS6133: 'logDb' is declared but its value is never read.
src/lib/custom-ai-agents/training/fine-tuning-pipeline.ts(1,71): error TS6133: 'logAuth' is declared but its value is never read.
src/lib/custom-ai-agents/training/fine-tuning-pipeline.ts(7,41): error TS6133: 'users' is declared but its value is never read.
src/lib/custom-ai-agents/training/fine-tuning-pipeline.ts(324,17): error TS6133: 'validateTrainingMetrics' is declared but its value is never read.
src/lib/custom-ai-agents/training/fine-tuning-pipeline.ts(324,41): error TS6133: 'jobId' is declared but its value is never read.
src/lib/custom-ai-agents/training/fine-tuning-pipeline.ts(383,17): error TS6133: 'validateFineTuningResults' is declared but its value is never read.
src/lib/custom-ai-agents/training/performance-analytics.ts(139,5): error TS6133: 'agentId' is declared but its value is never read.
src/lib/custom-ai-agents/training/performance-analytics.ts(141,5): error TS6133: 'metrics' is declared but its value is never read.
src/lib/custom-ai-agents/training/performance-analytics.ts(209,5): error TS6133: 'insights' is declared but its value is never read.
src/lib/custom-ai-agents/training/performance-analytics.ts(325,36): error TS6133: 'metrics' is declared but its value is never read.
src/lib/custom-ai-agents/training/simple-training-collector.ts(257,10): error TS6133: 'logger' is declared but its value is never read.
src/lib/custom-ai-agents/training/simple-training-collector.ts(257,18): error TS6133: 'logError' is declared but its value is never read.
src/lib/custom-ai-agents/training/simple-training-collector.ts(257,28): error TS6133: 'logWarn' is declared but its value is never read.
src/lib/custom-ai-agents/training/simple-training-collector.ts(257,46): error TS6133: 'logDebug' is declared but its value is never read.
src/lib/custom-ai-agents/training/simple-training-collector.ts(257,56): error TS6133: 'logApi' is declared but its value is never read.
src/lib/custom-ai-agents/training/simple-training-collector.ts(257,64): error TS6133: 'logDb' is declared but its value is never read.
src/lib/custom-ai-agents/training/simple-training-collector.ts(257,71): error TS6133: 'logAuth' is declared but its value is never read.
src/lib/custom-ai-agents/training/training-data-collector.ts(1,10): error TS6133: 'logger' is declared but its value is never read.
src/lib/custom-ai-agents/training/training-data-collector.ts(1,28): error TS6133: 'logWarn' is declared but its value is never read.
src/lib/custom-ai-agents/training/training-data-collector.ts(1,37): error TS6133: 'logInfo' is declared but its value is never read.
src/lib/custom-ai-agents/training/training-data-collector.ts(1,46): error TS6133: 'logDebug' is declared but its value is never read.
src/lib/custom-ai-agents/training/training-data-collector.ts(1,56): error TS6133: 'logApi' is declared but its value is never read.
src/lib/custom-ai-agents/training/training-data-collector.ts(1,64): error TS6133: 'logDb' is declared but its value is never read.
src/lib/custom-ai-agents/training/training-data-collector.ts(1,71): error TS6133: 'logAuth' is declared but its value is never read.
src/lib/database-scraping-scheduler.ts(1,10): error TS6133: 'logger' is declared but its value is never read.
src/lib/database-scraping-scheduler.ts(1,28): error TS6133: 'logWarn' is declared but its value is never read.
src/lib/database-scraping-scheduler.ts(1,46): error TS6133: 'logDebug' is declared but its value is never read.
src/lib/database-scraping-scheduler.ts(1,56): error TS6133: 'logApi' is declared but its value is never read.
src/lib/database-scraping-scheduler.ts(1,64): error TS6133: 'logDb' is declared but its value is never read.
src/lib/database-scraping-scheduler.ts(1,71): error TS6133: 'logAuth' is declared but its value is never read.
src/lib/database-scraping-scheduler.ts(4,44): error TS6133: 'competitorProfiles' is declared but its value is never read.
src/lib/database-scraping-scheduler.ts(362,82): error TS6133: 'timezone' is declared but its value is never read.
src/lib/documentParser.ts(290,54): error TS6133: 'mimeType' is declared but its value is never read.
src/lib/echo-marketing-intelligence.ts(181,7): error TS2353: Object literal may only specify known properties, and 'maxTokens' does not exist in type 'CallSettings & { system?: string | SystemModelMessage | SystemModelMessage[] | undefined; } & { prompt: string | ModelMessage[]; messages?: undefined; } & { ...; }'.
src/lib/echo-marketing-intelligence.ts(206,7): error TS2353: Object literal may only specify known properties, and 'maxTokens' does not exist in type 'CallSettings & { system?: string | SystemModelMessage | SystemModelMessage[] | undefined; } & { prompt: string | ModelMessage[]; messages?: undefined; } & { ...; }'.
src/lib/echo-marketing-intelligence.ts(229,7): error TS2353: Object literal may only specify known properties, and 'maxTokens' does not exist in type 'CallSettings & { system?: string | SystemModelMessage | SystemModelMessage[] | undefined; } & { prompt: string | ModelMessage[]; messages?: undefined; } & { ...; }'.
src/lib/echo-marketing-intelligence.ts(256,7): error TS2353: Object literal may only specify known properties, and 'maxTokens' does not exist in type 'CallSettings & { system?: string | SystemModelMessage | SystemModelMessage[] | undefined; } & { prompt: string | ModelMessage[]; messages?: undefined; } & { ...; }'.
src/lib/echo-marketing-intelligence.ts(282,7): error TS2353: Object literal may only specify known properties, and 'maxTokens' does not exist in type 'CallSettings & { system?: string | SystemModelMessage | SystemModelMessage[] | undefined; } & { prompt: string | ModelMessage[]; messages?: undefined; } & { ...; }'.
src/lib/email.ts(1,10): error TS6133: 'logger' is declared but its value is never read.
src/lib/email.ts(1,37): error TS6133: 'logInfo' is declared but its value is never read.
src/lib/email.ts(1,46): error TS6133: 'logDebug' is declared but its value is never read.
src/lib/email.ts(1,56): error TS6133: 'logApi' is declared but its value is never read.
src/lib/email.ts(1,64): error TS6133: 'logDb' is declared but its value is never read.
src/lib/email.ts(1,71): error TS6133: 'logAuth' is declared but its value is never read.
src/lib/env-validation.ts(1,10): error TS6133: 'logger' is declared but its value is never read.
src/lib/env-validation.ts(1,28): error TS6133: 'logWarn' is declared but its value is never read.
src/lib/env-validation.ts(1,46): error TS6133: 'logDebug' is declared but its value is never read.
src/lib/env-validation.ts(1,56): error TS6133: 'logApi' is declared but its value is never read.
src/lib/env-validation.ts(1,64): error TS6133: 'logDb' is declared but its value is never read.
src/lib/env-validation.ts(1,71): error TS6133: 'logAuth' is declared but its value is never read.
src/lib/feature-gate-middleware.ts(2,20): error TS6133: 'logWarn' is declared but its value is never read.
src/lib/feature-gate-middleware.ts(136,3): error TS6133: 'request' is declared but its value is never read.
src/lib/intelligence-briefing-system.ts(384,28): error TS2589: Type instantiation is excessively deep and possibly infinite.
src/lib/learning-engine.ts(3,19): error TS6133: 'desc' is declared but its value is never read.
src/lib/learning-engine.ts(115,35): error TS6133: 'userId' is declared but its value is never read.
src/lib/learning-engine.ts(152,98): error TS2339: Property 'completion_percentage' does not exist on type '{ status: string | null; id: string; user_id: string; completed_at: Date | null; module_id: string; last_accessed_at: Date | null; }'.
src/lib/learning-engine.ts(163,11): error TS6133: 'currentStreak' is declared but its value is never read.
src/lib/learning-engine.ts(164,11): error TS6133: 'learningVelocity' is declared but its value is never read.
src/lib/learning-engine.ts(167,11): error TS6133: 'topCategories' is declared but its value is never read.
src/lib/learning-system.ts(1,10): error TS6133: 'logger' is declared but its value is never read.
src/lib/learning-system.ts(1,27): error TS6133: 'logWarn' is declared but its value is never read.
src/lib/learning-system.ts(67,11): error TS6133: 'skillCategories' is declared but its value is never read.
src/lib/lexi-strategic-analysis.ts(316,7): error TS2353: Object literal may only specify known properties, and 'maxTokens' does not exist in type 'CallSettings & { system?: string | SystemModelMessage | SystemModelMessage[] | undefined; } & { prompt: string | ModelMessage[]; messages?: undefined; } & { ...; }'.
src/lib/lexi-strategic-analysis.ts(345,7): error TS2353: Object literal may only specify known properties, and 'maxTokens' does not exist in type 'CallSettings & { system?: string | SystemModelMessage | SystemModelMessage[] | undefined; } & { prompt: string | ModelMessage[]; messages?: undefined; } & { ...; }'.
src/lib/lexi-strategic-analysis.ts(378,7): error TS2353: Object literal may only specify known properties, and 'maxTokens' does not exist in type 'CallSettings & { system?: string | SystemModelMessage | SystemModelMessage[] | undefined; } & { prompt: string | ModelMessage[]; messages?: undefined; } & { ...; }'.
src/lib/lexi-strategic-analysis.ts(401,7): error TS2353: Object literal may only specify known properties, and 'maxTokens' does not exist in type 'CallSettings & { system?: string | SystemModelMessage | SystemModelMessage[] | undefined; } & { prompt: string | ModelMessage[]; messages?: undefined; } & { ...; }'.
src/lib/lexi-strategic-analysis.ts(428,7): error TS2353: Object literal may only specify known properties, and 'maxTokens' does not exist in type 'CallSettings & { system?: string | SystemModelMessage | SystemModelMessage[] | undefined; } & { prompt: string | ModelMessage[]; messages?: undefined; } & { ...; }'.
src/lib/lexi-strategic-analysis.ts(465,7): error TS2353: Object literal may only specify known properties, and 'maxTokens' does not exist in type 'CallSettings & { system?: string | SystemModelMessage | SystemModelMessage[] | undefined; } & { prompt: string | ModelMessage[]; messages?: undefined; } & { ...; }'.
src/lib/log.ts(6,10): error TS6133: 'logger' is declared but its value is never read.
src/lib/log.ts(6,18): error TS6133: 'logError' is declared but its value is never read.
src/lib/log.ts(6,28): error TS6133: 'logWarn' is declared but its value is never read.
src/lib/log.ts(6,46): error TS6133: 'logDebug' is declared but its value is never read.
src/lib/log.ts(6,56): error TS6133: 'logApi' is declared but its value is never read.
src/lib/log.ts(6,64): error TS6133: 'logDb' is declared but its value is never read.
src/lib/log.ts(6,71): error TS6133: 'logAuth' is declared but its value is never read.
src/lib/log.ts(37,9): error TS6133: 'logEntry' is declared but its value is never read.
src/lib/message-router.ts(6,10): error TS6133: 'logger' is declared but its value is never read.
src/lib/message-router.ts(6,28): error TS6133: 'logWarn' is declared but its value is never read.
src/lib/message-router.ts(6,46): error TS6133: 'logDebug' is declared but its value is never read.
src/lib/message-router.ts(6,56): error TS6133: 'logApi' is declared but its value is never read.
src/lib/message-router.ts(6,64): error TS6133: 'logDb' is declared but its value is never read.
src/lib/message-router.ts(6,71): error TS6133: 'logAuth' is declared but its value is never read.
src/lib/message-router.ts(9,24): error TS6133: 'chatConversations' is declared but its value is never read.
src/lib/message-router.ts(10,20): error TS6133: 'and' is declared but its value is never read.
src/lib/message-router.ts(290,21): error TS6133: 'sessionId' is declared but its value is never read.
src/lib/message-router.ts(292,15): error TS6133: 'route' is declared but its value is never read.
src/lib/message-router.ts(430,17): error TS6133: 'processAgentResponse' is declared but its value is never read.
src/lib/message-router.ts(577,13): error TS6133: 'role' is declared but its value is never read.
src/lib/notification-delivery-system.ts(1,10): error TS6133: 'logger' is declared but its value is never read.
src/lib/notification-delivery-system.ts(1,28): error TS6133: 'logWarn' is declared but its value is never read.
src/lib/notification-delivery-system.ts(1,46): error TS6133: 'logDebug' is declared but its value is never read.
src/lib/notification-delivery-system.ts(1,56): error TS6133: 'logApi' is declared but its value is never read.
src/lib/notification-delivery-system.ts(1,64): error TS6133: 'logDb' is declared but its value is never read.
src/lib/notification-delivery-system.ts(1,71): error TS6133: 'logAuth' is declared but its value is never read.
src/lib/notification-delivery-system.ts(308,5): error TS6133: 'channel' is declared but its value is never read.
src/lib/notification-job-queue.ts(1,10): error TS6133: 'logger' is declared but its value is never read.
src/lib/notification-job-queue.ts(1,28): error TS6133: 'logWarn' is declared but its value is never read.
src/lib/notification-job-queue.ts(1,46): error TS6133: 'logDebug' is declared but its value is never read.
src/lib/notification-job-queue.ts(1,56): error TS6133: 'logApi' is declared but its value is never read.
src/lib/notification-job-queue.ts(1,64): error TS6133: 'logDb' is declared but its value is never read.
src/lib/notification-job-queue.ts(1,71): error TS6133: 'logAuth' is declared but its value is never read.
src/lib/notification-processor.ts(1,10): error TS6133: 'logger' is declared but its value is never read.
src/lib/notification-processor.ts(1,28): error TS6133: 'logWarn' is declared but its value is never read.
src/lib/notification-processor.ts(1,46): error TS6133: 'logDebug' is declared but its value is never read.
src/lib/notification-processor.ts(1,56): error TS6133: 'logApi' is declared but its value is never read.
src/lib/notification-processor.ts(1,64): error TS6133: 'logDb' is declared but its value is never read.
src/lib/notification-processor.ts(1,71): error TS6133: 'logAuth' is declared but its value is never read.
src/lib/nova-product-intelligence.ts(4,10): error TS6133: 'intelligenceData' is declared but its value is never read.
src/lib/nova-product-intelligence.ts(5,14): error TS6133: 'and' is declared but its value is never read.
src/lib/nova-product-intelligence.ts(5,19): error TS6133: 'gte' is declared but its value is never read.
src/lib/nova-product-intelligence.ts(5,24): error TS6133: 'desc' is declared but its value is never read.
src/lib/nova-product-intelligence.ts(6,1): error TS6192: All imports in import declaration are unused.
src/lib/nova-product-intelligence.ts(147,7): error TS2353: Object literal may only specify known properties, and 'maxTokens' does not exist in type 'CallSettings & { system?: string | SystemModelMessage | SystemModelMessage[] | undefined; } & { prompt: string | ModelMessage[]; messages?: undefined; } & { ...; }'.
src/lib/nova-product-intelligence.ts(162,11): error TS6133: 'appStoreData' is declared but its value is never read.
src/lib/nova-product-intelligence.ts(170,7): error TS2353: Object literal may only specify known properties, and 'maxTokens' does not exist in type 'CallSettings & { system?: string | SystemModelMessage | SystemModelMessage[] | undefined; } & { prompt: string | ModelMessage[]; messages?: undefined; } & { ...; }'.
src/lib/nova-product-intelligence.ts(187,11): error TS6133: 'competitorProductData' is declared but its value is never read.
src/lib/nova-product-intelligence.ts(200,7): error TS2353: Object literal may only specify known properties, and 'maxTokens' does not exist in type 'CallSettings & { system?: string | SystemModelMessage | SystemModelMessage[] | undefined; } & { prompt: string | ModelMessage[]; messages?: undefined; } & { ...; }'.
src/lib/nova-product-intelligence.ts(231,7): error TS2353: Object literal may only specify known properties, and 'maxTokens' does not exist in type 'CallSettings & { system?: string | SystemModelMessage | SystemModelMessage[] | undefined; } & { prompt: string | ModelMessage[]; messages?: undefined; } & { ...; }'.
src/lib/nova-product-intelligence.ts(250,11): error TS6133: 'productData' is declared but its value is never read.
src/lib/nova-product-intelligence.ts(251,11): error TS6133: 'socialMediaData' is declared but its value is never read.
src/lib/nova-product-intelligence.ts(262,7): error TS2353: Object literal may only specify known properties, and 'maxTokens' does not exist in type 'CallSettings & { system?: string | SystemModelMessage | SystemModelMessage[] | undefined; } & { prompt: string | ModelMessage[]; messages?: undefined; } & { ...; }'.
src/lib/nova-product-intelligence.ts(295,7): error TS2353: Object literal may only specify known properties, and 'maxTokens' does not exist in type 'CallSettings & { system?: string | SystemModelMessage | SystemModelMessage[] | undefined; } & { prompt: string | ModelMessage[]; messages?: undefined; } & { ...; }'.
src/lib/nova-product-intelligence.ts(310,40): error TS6133: 'competitorId' is declared but its value is never read.
src/lib/nova-product-intelligence.ts(310,62): error TS6133: 'days' is declared but its value is never read.
src/lib/nova-product-intelligence.ts(314,41): error TS6133: 'competitorId' is declared but its value is never read.
src/lib/nova-product-intelligence.ts(314,63): error TS6133: 'days' is declared but its value is never read.
src/lib/nova-product-intelligence.ts(318,44): error TS6133: 'competitorId' is declared but its value is never read.
src/lib/nova-product-intelligence.ts(318,66): error TS6133: 'days' is declared but its value is never read.
src/lib/nova-product-intelligence.ts(322,62): error TS6133: 'websiteData' is declared but its value is never read.
src/lib/nova-product-intelligence.ts(322,82): error TS6133: 'appStoreData' is declared but its value is never read.
src/lib/nova-product-intelligence.ts(322,103): error TS6133: 'socialMediaData' is declared but its value is never read.
src/lib/nova-product-intelligence.ts(326,39): error TS6133: 'text' is declared but its value is never read.
src/lib/nova-product-intelligence.ts(336,42): error TS6133: 'competitorId' is declared but its value is never read.
src/lib/nova-product-intelligence.ts(336,64): error TS6133: 'type' is declared but its value is never read.
src/lib/nova-product-intelligence.ts(336,78): error TS6133: 'analysis' is declared but its value is never read.
src/lib/nova-product-intelligence.ts(336,93): error TS6133: 'userId' is declared but its value is never read.
src/lib/nova-product-intelligence.ts(340,56): error TS6133: 'data' is declared but its value is never read.
src/lib/nova-product-intelligence.ts(344,33): error TS6133: 'text' is declared but its value is never read.
src/lib/nova-product-intelligence.ts(348,54): error TS6133: 'data' is declared but its value is never read.
src/lib/nova-product-intelligence.ts(352,39): error TS6133: 'text' is declared but its value is never read.
src/lib/nova-product-intelligence.ts(356,34): error TS6133: 'competitors' is declared but its value is never read.
src/lib/nova-product-intelligence.ts(356,54): error TS6133: 'market' is declared but its value is never read.
src/lib/nova-product-intelligence.ts(360,36): error TS6133: 'text' is declared but its value is never read.
src/lib/nova-product-intelligence.ts(364,57): error TS6133: 'hiringData' is declared but its value is never read.
src/lib/nova-product-intelligence.ts(368,34): error TS6133: 'text' is declared but its value is never read.
src/lib/nova-product-intelligence.ts(372,38): error TS6133: 'briefingData' is declared but its value is never read.
src/lib/nova-product-intelligence.ts(376,39): error TS6133: 'competitorId' is declared but its value is never read.
src/lib/nova-product-intelligence.ts(376,61): error TS6133: 'days' is declared but its value is never read.
src/lib/nova-product-intelligence.ts(380,17): error TS6133: 'getProductAnnouncements' is declared but its value is never read.
src/lib/nova-product-intelligence.ts(380,41): error TS6133: 'competitorId' is declared but its value is never read.
src/lib/nova-product-intelligence.ts(380,63): error TS6133: 'days' is declared but its value is never read.
src/lib/onboarding/workflow.ts(196,9): error TS2304: Cannot find name 'logWarn'.
src/lib/onboarding/workflow.ts(206,5): error TS2304: Cannot find name 'logWarn'.
src/lib/opportunity-recommendation-system.ts(193,14): error TS6133: 'storedOpportunity' is declared but its value is never read.
src/lib/opportunity-recommendation-system.ts(736,40): error TS6133: 'opportunity' is declared but its value is never read.
src/lib/opportunity-recommendation-system.ts(741,50): error TS6133: 'opportunity' is declared but its value is never read.
src/lib/opportunity-recommendation-system.ts(746,46): error TS6133: 'opportunity' is declared but its value is never read.
src/lib/opportunity-recommendation-system.ts(751,44): error TS6133: 'opportunity' is declared but its value is never read.
src/lib/opportunity-recommendation-system.ts(756,23): error TS6133: 'opportunity' is declared but its value is never read.
src/lib/opportunity-recommendation-system.ts(761,34): error TS6133: 'opportunity' is declared but its value is never read.
src/lib/opportunity-recommendation-system.ts(769,34): error TS6133: 'opportunity' is declared but its value is never read.
src/lib/predictive-analytics.ts(225,65): error TS6133: 'loginFrequencyPerWeek' is declared but its value is never read.
src/lib/push-notification-service.ts(3,10): error TS6133: 'users' is declared but its value is never read.
src/lib/recaptcha.ts(1,10): error TS6133: 'logger' is declared but its value is never read.
src/lib/recaptcha.ts(1,56): error TS6133: 'logApi' is declared but its value is never read.
src/lib/recaptcha.ts(1,64): error TS6133: 'logDb' is declared but its value is never read.
src/lib/recaptcha.ts(1,71): error TS6133: 'logAuth' is declared but its value is never read.
src/lib/revenue-tracking.ts(3,19): error TS6133: 'gte' is declared but its value is never read.
src/lib/revenue-tracking.ts(3,24): error TS6133: 'lte' is declared but its value is never read.
src/lib/revenue-tracking.ts(3,29): error TS6133: 'sql' is declared but its value is never read.
src/lib/revenue-tracking.ts(4,20): error TS6133: 'logInfo' is declared but its value is never read.
src/lib/revenue-tracking.ts(258,78): error TS6133: 'startDate' is declared but its value is never read.
src/lib/revenue-tracking.ts(258,95): error TS6133: 'endDate' is declared but its value is never read.
src/lib/scraping-queue-processor.ts(1,10): error TS6133: 'logger' is declared but its value is never read.
src/lib/scraping-queue-processor.ts(1,28): error TS6133: 'logWarn' is declared but its value is never read.
src/lib/scraping-queue-processor.ts(1,46): error TS6133: 'logDebug' is declared but its value is never read.
src/lib/scraping-queue-processor.ts(1,56): error TS6133: 'logApi' is declared but its value is never read.
src/lib/scraping-queue-processor.ts(1,64): error TS6133: 'logDb' is declared but its value is never read.
src/lib/scraping-queue-processor.ts(1,71): error TS6133: 'logAuth' is declared but its value is never read.
src/lib/scraping-queue-processor.ts(5,19): error TS6133: 'lte' is declared but its value is never read.
src/lib/scraping-queue-processor.ts(5,24): error TS6133: 'inArray' is declared but its value is never read.
src/lib/scraping-scheduler.ts(1,10): error TS6133: 'logger' is declared but its value is never read.
src/lib/scraping-scheduler.ts(1,28): error TS6133: 'logWarn' is declared but its value is never read.
src/lib/scraping-scheduler.ts(1,46): error TS6133: 'logDebug' is declared but its value is never read.
src/lib/scraping-scheduler.ts(1,56): error TS6133: 'logApi' is declared but its value is never read.
src/lib/scraping-scheduler.ts(1,64): error TS6133: 'logDb' is declared but its value is never read.
src/lib/scraping-scheduler.ts(1,71): error TS6133: 'logAuth' is declared but its value is never read.
src/lib/scraping-scheduler.ts(2,1): error TS6133: 'z' is declared but its value is never read.
src/lib/scraping-scheduler.ts(589,32): error TS6133: 'competitorId' is declared but its value is never read.
src/lib/scraping-startup.ts(1,10): error TS6133: 'logger' is declared but its value is never read.
src/lib/scraping-startup.ts(1,28): error TS6133: 'logWarn' is declared but its value is never read.
src/lib/scraping-startup.ts(1,46): error TS6133: 'logDebug' is declared but its value is never read.
src/lib/scraping-startup.ts(1,56): error TS6133: 'logApi' is declared but its value is never read.
src/lib/scraping-startup.ts(1,64): error TS6133: 'logDb' is declared but its value is never read.
src/lib/scraping-startup.ts(1,71): error TS6133: 'logAuth' is declared but its value is never read.
src/lib/server-polyfills.ts(63,40): error TS6133: 'fileName' is declared but its value is never read.
src/lib/server-polyfills.ts(75,37): error TS6133: 'fileName' is declared but its value is never read.
src/lib/session-manager.ts(6,10): error TS6133: 'logger' is declared but its value is never read.
src/lib/session-manager.ts(6,28): error TS6133: 'logWarn' is declared but its value is never read.
src/lib/session-manager.ts(6,46): error TS6133: 'logDebug' is declared but its value is never read.
src/lib/session-manager.ts(6,56): error TS6133: 'logApi' is declared but its value is never read.
src/lib/session-manager.ts(6,64): error TS6133: 'logDb' is declared but its value is never read.
src/lib/session-manager.ts(6,71): error TS6133: 'logAuth' is declared but its value is never read.
src/lib/session-manager.ts(15,19): error TS6133: 'desc' is declared but its value is never read.
src/lib/session-manager.ts(20,3): error TS6196: 'AgentDefinition' is declared but never used.
src/lib/session-manager.ts(512,19): error TS6133: 'sessionId' is declared but its value is never read.
src/lib/session-manager.ts(586,19): error TS6133: 'userId' is declared but its value is never read.
src/lib/session-manager.ts(638,31): error TS6133: 'sessionId' is declared but its value is never read.
src/lib/session-manager.ts(638,50): error TS6133: 'checkpointId' is declared but its value is never read.
src/lib/session-manager.ts(646,26): error TS6133: 'sessionId' is declared but its value is never read.
src/lib/session-manager.ts(646,45): error TS6133: 'taskId' is declared but its value is never read.
src/lib/session-manager.ts(646,61): error TS6133: 'status' is declared but its value is never read.
src/lib/social-media-analysis-engine.ts(2,28): error TS6133: 'competitorProfiles' is declared but its value is never read.
src/lib/social-media-analysis-engine.ts(4,51): error TS6196: 'SentimentScore' is declared but never used.
src/lib/social-media-analysis-engine.ts(644,63): error TS6133: 'days' is declared but its value is never read.
src/lib/social-media-analysis-engine.ts(922,36): error TS6133: 'posts' is declared but its value is never read.
src/lib/social-media-analysis-engine.ts(932,32): error TS6133: 'posts' is declared but its value is never read.
src/lib/social-media-analysis-engine.ts(942,35): error TS6133: 'posts' is declared but its value is never read.
src/lib/social-media-analysis-engine.ts(952,32): error TS6133: 'posts' is declared but its value is never read.
src/lib/social-media-analysis-engine.ts(952,58): error TS6133: 'data' is declared but its value is never read.
src/lib/social-media-analysis-engine.ts(961,36): error TS6133: 'analysis' is declared but its value is never read.
src/lib/social-media-analysis-engine.ts(966,43): error TS6133: 'analysis' is declared but its value is never read.
src/lib/social-media-analysis-engine.ts(971,27): error TS6133: 'posts' is declared but its value is never read.
src/lib/social-media-analysis-engine.ts(976,32): error TS6133: 'campaigns' is declared but its value is never read.
src/lib/social-media-analysis-engine.ts(981,40): error TS6133: 'campaigns' is declared but its value is never read.
src/lib/social-media-analysis-engine.ts(993,36): error TS6133: 'campaigns' is declared but its value is never read.
src/lib/social-media-analysis-engine.ts(993,67): error TS6133: 'performance' is declared but its value is never read.
src/lib/social-media-analysis-engine.ts(998,43): error TS6133: 'campaigns' is declared but its value is never read.
src/lib/social-media-analysis-engine.ts(998,74): error TS6133: 'performance' is declared but its value is never read.
src/lib/social-media-analysis-engine.ts(1003,37): error TS6133: 'posts' is declared but its value is never read.
src/lib/social-media-analysis-engine.ts(1014,5): error TS6133: 'competitorId' is declared but its value is never read.
src/lib/social-media-analysis-engine.ts(1015,5): error TS6133: 'otherCompetitorIds' is declared but its value is never read.
src/lib/social-media-analysis-engine.ts(1016,5): error TS6133: 'platform' is declared but its value is never read.
src/lib/social-media-analysis-engine.ts(1017,5): error TS6133: 'days' is declared but its value is never read.
src/lib/social-media-analysis-engine.ts(1024,5): error TS6133: 'metrics' is declared but its value is never read.
src/lib/social-media-analysis-engine.ts(1025,5): error TS6133: 'comparisons' is declared but its value is never read.
src/lib/social-media-analysis-engine.ts(1038,5): error TS6133: 'metrics' is declared but its value is never read.
src/lib/social-media-analysis-engine.ts(1039,5): error TS6133: 'comparisons' is declared but its value is never read.
src/lib/social-media-analysis-engine.ts(1046,5): error TS6133: 'metrics' is declared but its value is never read.
src/lib/social-media-analysis-engine.ts(1047,5): error TS6133: 'comparisons' is declared but its value is never read.
src/lib/social-media-job-processor.ts(1,10): error TS6133: 'logger' is declared but its value is never read.
src/lib/social-media-job-processor.ts(1,28): error TS6133: 'logWarn' is declared but its value is never read.
src/lib/social-media-job-processor.ts(1,46): error TS6133: 'logDebug' is declared but its value is never read.
src/lib/social-media-job-processor.ts(1,56): error TS6133: 'logApi' is declared but its value is never read.
src/lib/social-media-job-processor.ts(1,64): error TS6133: 'logDb' is declared but its value is never read.
src/lib/social-media-job-processor.ts(1,71): error TS6133: 'logAuth' is declared but its value is never read.
src/lib/social-media-job-processor.ts(333,66): error TS6133: 'analyses' is declared but its value is never read.
src/lib/social-media-job-processor.ts(481,16): error TS2769: No overload matches this call.
  Overload 1 of 3, '(left: PgColumn<{ name: "id"; tableName: "competitor_profiles"; dataType: "string"; columnType: "PgText"; data: string; driverParam: string; notNull: true; hasDefault: true; isPrimaryKey: true; isAutoincrement: false; ... 4 more ...; generated: undefined; }, {}, {}>, right: string | SQLWrapper): SQL<...>', gave the following error.
    Argument of type 'number' is not assignable to parameter of type 'string | SQLWrapper'.
  Overload 2 of 3, '(left: Aliased<number>, right: number | SQLWrapper): SQL<unknown>', gave the following error.
    Argument of type 'PgColumn<{ name: "id"; tableName: "competitor_profiles"; dataType: "string"; columnType: "PgText"; data: string; driverParam: string; notNull: true; hasDefault: true; isPrimaryKey: true; isAutoincrement: false; ... 4 more ...; generated: undefined; }, {}, {}>' is not assignable to parameter of type 'Aliased<number>'.
      Type 'PgColumn<{ name: "id"; tableName: "competitor_profiles"; dataType: "string"; columnType: "PgText"; data: string; driverParam: string; notNull: true; hasDefault: true; isPrimaryKey: true; isAutoincrement: false; ... 4 more ...; generated: undefined; }, {}, {}>' is missing the following properties from type 'Aliased<number>': sql, fieldAlias
  Overload 3 of 3, '(left: never, right: unknown): SQL<unknown>', gave the following error.
    Argument of type 'PgColumn<{ name: "id"; tableName: "competitor_profiles"; dataType: "string"; columnType: "PgText"; data: string; driverParam: string; notNull: true; hasDefault: true; isPrimaryKey: true; isAutoincrement: false; ... 4 more ...; generated: undefined; }, {}, {}>' is not assignable to parameter of type 'never'.
src/lib/social-media-monitor.ts(1,10): error TS6133: 'logger' is declared but its value is never read.
src/lib/social-media-monitor.ts(1,37): error TS6133: 'logInfo' is declared but its value is never read.
src/lib/social-media-monitor.ts(1,46): error TS6133: 'logDebug' is declared but its value is never read.
src/lib/social-media-monitor.ts(1,56): error TS6133: 'logApi' is declared but its value is never read.
src/lib/social-media-monitor.ts(1,64): error TS6133: 'logDb' is declared but its value is never read.
src/lib/social-media-monitor.ts(1,71): error TS6133: 'logAuth' is declared but its value is never read.
src/lib/social-media-monitor.ts(451,17): error TS6133: 'monitorPlatform' is declared but its value is never read.
src/lib/social-media-monitor.ts(571,37): error TS6133: 'handle' is declared but its value is never read.
src/lib/social-media-monitor.ts(575,36): error TS6133: 'handle' is declared but its value is never read.
src/lib/social-media-monitor.ts(579,37): error TS6133: 'handle' is declared but its value is never read.
src/lib/social-media-monitor.ts(583,38): error TS6133: 'handle' is declared but its value is never read.
src/lib/social-media-monitor.ts(587,36): error TS6133: 'handle' is declared but its value is never read.
src/lib/social-media-monitor.ts(728,65): error TS6133: 'tokenSecret' is declared but its value is never read.
src/lib/social-media-monitor.ts(909,17): error TS6133: 'fetchInstagramPostsWithToken' is declared but its value is never read.
src/lib/social-media-monitor.ts(933,47): error TS6133: 'accessToken' is declared but its value is never read.
src/lib/social-media-monitor.ts(933,68): error TS6133: 'competitorHandle' is declared but its value is never read.
src/lib/social-media-monitor.ts(1036,17): error TS6133: 'fetchYouTubeCompetitorPosts' is declared but its value is never read.
src/lib/social-media-monitor.ts(1047,9): error TS2769: No overload matches this call.
  Overload 1 of 2, '(value: { user_id: string | SQL<unknown> | Placeholder<string, any>; competitor_id: string | SQL<unknown> | Placeholder<string, any>; source_type: string | SQL<...> | Placeholder<...>; ... 13 more ...; processed_at?: SQL<...> | ... 3 more ... | undefined; }): PgInsertBase<...>', gave the following error.
    Type 'null' is not assignable to type 'string | SQL<unknown> | Placeholder<string, any>'.
  Overload 2 of 2, '(values: { user_id: string | SQL<unknown> | Placeholder<string, any>; competitor_id: string | SQL<unknown> | Placeholder<string, any>; source_type: string | SQL<...> | Placeholder<...>; ... 13 more ...; processed_at?: SQL<...> | ... 3 more ... | undefined; }[]): PgInsertBase<...>', gave the following error.
    Object literal may only specify known properties, and 'competitor_id' does not exist in type '{ user_id: string | SQL<unknown> | Placeholder<string, any>; competitor_id: string | SQL<unknown> | Placeholder<string, any>; source_type: string | SQL<...> | Placeholder<...>; ... 13 more ...; processed_at?: SQL<...> | ... 3 more ... | undefined; }[]'.
src/lib/social-media-monitor.ts(1124,11): error TS6133: 'generateRealisticLinkedInPosts' is declared but its value is never read.
src/lib/social-media-monitor.ts(1166,11): error TS6133: 'generateRealisticTwitterPosts' is declared but its value is never read.
src/lib/social-media-monitor.ts(1208,11): error TS6133: 'generateRealisticFacebookPosts' is declared but its value is never read.
src/lib/social-media-monitor.ts(1250,11): error TS6133: 'generateRealisticInstagramPosts' is declared but its value is never read.
src/lib/social-media-monitor.ts(1292,11): error TS6133: 'generateRealisticYouTubePosts' is declared but its value is never read.
src/lib/social-media-scheduler.ts(1,10): error TS6133: 'logger' is declared but its value is never read.
src/lib/social-media-scheduler.ts(1,28): error TS6133: 'logWarn' is declared but its value is never read.
src/lib/social-media-scheduler.ts(1,46): error TS6133: 'logDebug' is declared but its value is never read.
src/lib/social-media-scheduler.ts(1,56): error TS6133: 'logApi' is declared but its value is never read.
src/lib/social-media-scheduler.ts(1,64): error TS6133: 'logDb' is declared but its value is never read.
src/lib/social-media-scheduler.ts(1,71): error TS6133: 'logAuth' is declared but its value is never read.
src/lib/stripe-db-utils.ts(1,10): error TS6133: 'logger' is declared but its value is never read.
src/lib/stripe-db-utils.ts(1,28): error TS6133: 'logWarn' is declared but its value is never read.
src/lib/stripe-db-utils.ts(1,37): error TS6133: 'logInfo' is declared but its value is never read.
src/lib/stripe-db-utils.ts(1,46): error TS6133: 'logDebug' is declared but its value is never read.
src/lib/stripe-db-utils.ts(1,56): error TS6133: 'logApi' is declared but its value is never read.
src/lib/stripe-db-utils.ts(1,64): error TS6133: 'logDb' is declared but its value is never read.
src/lib/stripe-db-utils.ts(1,71): error TS6133: 'logAuth' is declared but its value is never read.
src/lib/stripe.ts(48,7): error TS6133: 'target' is declared but its value is never read.
src/lib/stripe.ts(48,15): error TS6133: 'prop' is declared but its value is never read.
src/lib/subscription-middleware.ts(1,10): error TS6133: 'logger' is declared but its value is never read.
src/lib/subscription-middleware.ts(1,28): error TS6133: 'logWarn' is declared but its value is never read.
src/lib/subscription-middleware.ts(1,37): error TS6133: 'logInfo' is declared but its value is never read.
src/lib/subscription-middleware.ts(1,46): error TS6133: 'logDebug' is declared but its value is never read.
src/lib/subscription-middleware.ts(1,56): error TS6133: 'logApi' is declared but its value is never read.
src/lib/subscription-middleware.ts(1,64): error TS6133: 'logDb' is declared but its value is never read.
src/lib/subscription-middleware.ts(1,71): error TS6133: 'logAuth' is declared but its value is never read.
src/lib/subscription-utils.ts(1,10): error TS6133: 'logger' is declared but its value is never read.
src/lib/subscription-utils.ts(1,28): error TS6133: 'logWarn' is declared but its value is never read.
src/lib/subscription-utils.ts(1,37): error TS6133: 'logInfo' is declared but its value is never read.
src/lib/subscription-utils.ts(1,46): error TS6133: 'logDebug' is declared but its value is never read.
src/lib/subscription-utils.ts(1,56): error TS6133: 'logApi' is declared but its value is never read.
src/lib/subscription-utils.ts(1,64): error TS6133: 'logDb' is declared but its value is never read.
src/lib/subscription-utils.ts(1,71): error TS6133: 'logAuth' is declared but its value is never read.
src/lib/templates-client.ts(1,10): error TS6133: 'logger' is declared but its value is never read.
src/lib/templates-client.ts(1,28): error TS6133: 'logWarn' is declared but its value is never read.
src/lib/templates-client.ts(1,46): error TS6133: 'logDebug' is declared but its value is never read.
src/lib/templates-client.ts(1,56): error TS6133: 'logApi' is declared but its value is never read.
src/lib/templates-client.ts(1,64): error TS6133: 'logDb' is declared but its value is never read.
src/lib/templates-client.ts(1,71): error TS6133: 'logAuth' is declared but its value is never read.
src/lib/usage-tracking.ts(1,20): error TS6133: 'logInfo' is declared but its value is never read.
src/lib/usage-tracking.ts(1,29): error TS6133: 'logWarn' is declared but its value is never read.
src/lib/web-push-notifications.ts(3,10): error TS6133: 'logger' is declared but its value is never read.
src/lib/web-push-notifications.ts(3,37): error TS6133: 'logInfo' is declared but its value is never read.
src/lib/web-push-notifications.ts(3,46): error TS6133: 'logDebug' is declared but its value is never read.
src/lib/web-push-notifications.ts(3,56): error TS6133: 'logApi' is declared but its value is never read.
src/lib/web-push-notifications.ts(3,64): error TS6133: 'logDb' is declared but its value is never read.
src/lib/web-push-notifications.ts(3,71): error TS6133: 'logAuth' is declared but its value is never read.
src/lib/workflow-engine.ts(9,41): error TS6133: 'users' is declared but its value is never read.
src/lib/workflow-engine.ts(10,20): error TS6133: 'and' is declared but its value is never read.
src/services/gameService.ts(79,130): error TS6133: 'newProgress' is declared but its value is never read.
src/services/notificationService.ts(31,13): error TS6133: 'localKey' is declared but its value is never read.
src/utils/audioUtils.ts(2,1): error TS6133: 'Blob' is declared but its value is never read.
test/compliance-scanner.test.ts(1,1): error TS6133: 'readFileSync' is declared but its value is never read.
test/compliance-scanner.test.ts(2,1): error TS6133: 'resolve' is declared but its value is never read.
test/web-scraping-service.test.ts(219,14): error TS18048: 'result.data' is possibly 'undefined'.
test/web-scraping-service.test.ts(220,14): error TS18048: 'result.data' is possibly 'undefined'.
test/web-scraping-service.test.ts(221,14): error TS18048: 'result.data' is possibly 'undefined'.
test/web-scraping-service.test.ts(222,14): error TS18048: 'result.data' is possibly 'undefined'.
test/web-scraping-service.test.ts(223,14): error TS18048: 'result.data' is possibly 'undefined'.
test/web-scraping-service.test.ts(224,14): error TS18048: 'result.data' is possibly 'undefined'.
utils/audioUtils.ts(2,1): error TS6133: 'Blob' is declared but its value is never read.
